Component: ARM Compiler 5.06 update 6 (build 750) Tool: armlink [4d35ed]

==============================================================================

Section Cross References

    main.o(i.TIM3_IRQHandler) refers to stm32f10x_tim.o(i.TIM_GetITStatus) for TIM_GetITStatus
    main.o(i.TIM3_IRQHandler) refers to stm32f10x_tim.o(i.TIM_ClearITPendingBit) for TIM_ClearITPendingBit
    main.o(i.TIM3_IRQHandler) refers to can.o(i.Can_Send_Msg) for Can_Send_Msg
    main.o(i.TIM3_IRQHandler) refers to sk6812.o(i.Sk6812_Sendone) for Sk6812_Sendone
    main.o(i.TIM3_IRQHandler) refers to sk6812.o(i.Sk6812_Reset) for Sk6812_Reset
    main.o(i.TIM3_IRQHandler) refers to main.o(.data) for req
    main.o(i.TIM3_IRQHandler) refers to main.o(.constdata) for .constdata
    main.o(i.TIM3_Int_Init) refers to stm32f10x_rcc.o(i.RCC_APB1PeriphClockCmd) for RCC_APB1PeriphClockCmd
    main.o(i.TIM3_Int_Init) refers to stm32f10x_tim.o(i.TIM_TimeBaseInit) for TIM_TimeBaseInit
    main.o(i.TIM3_Int_Init) refers to stm32f10x_tim.o(i.TIM_ITConfig) for TIM_ITConfig
    main.o(i.TIM3_Int_Init) refers to misc.o(i.NVIC_Init) for NVIC_Init
    main.o(i.TIM3_Int_Init) refers to stm32f10x_tim.o(i.TIM_Cmd) for TIM_Cmd
    main.o(i.main) refers to delay.o(i.delay_init) for delay_init
    main.o(i.main) refers to sk6812.o(i.Sk6812_Init) for Sk6812_Init
    main.o(i.main) refers to main.o(i.TIM3_Int_Init) for TIM3_Int_Init
    main.o(i.main) refers to misc.o(i.NVIC_PriorityGroupConfig) for NVIC_PriorityGroupConfig
    main.o(i.main) refers to menu.o(i.Menu_Init) for Menu_Init
    main.o(i.main) refers to menu.o(i.AddMenu) for AddMenu
    main.o(i.main) refers to can.o(i.CAN_Mode_Init) for CAN_Mode_Init
    main.o(i.main) refers to h1_alloc.o(.text) for malloc
    main.o(i.main) refers to sk6812.o(i.Sk6812_Sendone) for Sk6812_Sendone
    main.o(i.main) refers to menu.o(i.Menu_ShowPar) for Menu_ShowPar
    main.o(i.main) refers to main.o(.constdata) for .constdata
    main.o(i.main) refers to main.o(.data) for color
    main.o(i.main) refers to main.o(.bss) for bltSpd
    system_stm32f10x.o(i.SetSysClock) refers to system_stm32f10x.o(i.SetSysClockTo72) for SetSysClockTo72
    system_stm32f10x.o(i.SystemCoreClockUpdate) refers to system_stm32f10x.o(.data) for SystemCoreClock
    system_stm32f10x.o(i.SystemInit) refers to system_stm32f10x.o(i.SetSysClock) for SetSysClock
    delay.o(i.delay_init) refers to misc.o(i.SysTick_CLKSourceConfig) for SysTick_CLKSourceConfig
    delay.o(i.delay_init) refers to system_stm32f10x.o(.data) for SystemCoreClock
    delay.o(i.delay_init) refers to delay.o(.data) for fac_us
    delay.o(i.delay_ms) refers to delay.o(.data) for fac_ms
    delay.o(i.delay_us) refers to delay.o(.data) for fac_us
    menu.o(i.AddMenu) refers to menu.o(i.CreateMenu) for CreateMenu
    menu.o(i.CreateMenu) refers to menu.o(i.GetPar) for GetPar
    menu.o(i.CreateMenu) refers to menu.o(.data) for i
    menu.o(i.GetPar) refers to menu.o(i.GetName) for GetName
    menu.o(i.Menu_AdjustPar) refers to menu.o(i.PrintPar) for PrintPar
    menu.o(i.Menu_AdjustPar) refers to menu_key.o(i.Key_detect) for Key_detect
    menu.o(i.Menu_AdjustPar) refers to daddsub_clz.o(x$fpl$dadd) for __aeabi_dadd
    menu.o(i.Menu_AdjustPar) refers to daddsub_clz.o(x$fpl$dsub) for __aeabi_dsub
    menu.o(i.Menu_AdjustPar) refers to ddiv.o(x$fpl$ddiv) for __aeabi_ddiv
    menu.o(i.Menu_AdjustPar) refers to daddsub_clz.o(x$fpl$drsb) for __aeabi_drsub
    menu.o(i.Menu_AdjustPar) refers to flash.o(i.STMFLASH_Write) for STMFLASH_Write
    menu.o(i.Menu_Init) refers to menu_key.o(i.Adc_Init) for Adc_Init
    menu.o(i.Menu_Init) refers to delay.o(i.delay_init) for delay_init
    menu.o(i.Menu_Init) refers to oled.o(i.OLED_Init) for OLED_Init
    menu.o(i.Menu_Init) refers to menu.o(.data) for Write
    menu.o(i.Menu_ShowPar) refers to menu.o(i.PrintAllMenu) for PrintAllMenu
    menu.o(i.Menu_ShowPar) refers to menu.o(i.ReadFlash) for ReadFlash
    menu.o(i.Menu_ShowPar) refers to can.o(i.Can_send_par) for Can_send_par
    menu.o(i.Menu_ShowPar) refers to h1_free.o(.text) for free
    menu.o(i.Menu_ShowPar) refers to dmul.o(x$fpl$dmul) for __aeabi_dmul
    menu.o(i.Menu_ShowPar) refers to dfix.o(x$fpl$dfix) for __aeabi_d2iz
    menu.o(i.Menu_ShowPar) refers to h1_alloc.o(.text) for malloc
    menu.o(i.Menu_ShowPar) refers to menu_key.o(i.Key_detect) for Key_detect
    menu.o(i.Menu_ShowPar) refers to delay.o(i.delay_ms) for delay_ms
    menu.o(i.Menu_ShowPar) refers to menu.o(i.WriteFlash) for WriteFlash
    menu.o(i.Menu_ShowPar) refers to menu.o(i.showSpeed) for showSpeed
    menu.o(i.Menu_ShowPar) refers to menu.o(i.Menu_AdjustPar) for Menu_AdjustPar
    menu.o(i.Menu_ShowPar) refers to menu.o(.data) for Read
    menu.o(i.Menu_ShowPar) refers to main.o(.bss) for roSpd
    menu.o(i.PrintAllMenu) refers to oled.o(i.OLED_Clear) for OLED_Clear
    menu.o(i.PrintAllMenu) refers to menu.o(i.PrintMenu) for PrintMenu
[...]
    ../clib/heap1.c                          0x00000000   Number         0  h1_alloc.o ABSOLUTE
    ../clib/heap2.c                          0x00000000   Number         0  heap2mt.o ABSOLUTE
    ../clib/heap2.c                          0x00000000   Number         0  heap2.o ABSOLUTE
    ../clib/heap2.c                          0x00000000   Number         0  fdtree.o ABSOLUTE
    ../clib/heapalloc.c                      0x00000000   Number         0  hrguard.o ABSOLUTE
    ../clib/heapalloc.c                      0x00000000   Number         0  maybetermalloc2.o ABSOLUTE
    ../clib/heapalloc.c                      0x00000000   Number         0  term_alloc.o ABSOLUTE
    ../clib/heapalloc.c                      0x00000000   Number         0  maybetermalloc2.o ABSOLUTE
    ../clib/heapalloc.c                      0x00000000   Number         0  maybetermalloc1.o ABSOLUTE
    ../clib/heapalloc.c                      0x00000000   Number         0  heapstubs.o ABSOLUTE
    ../clib/heapalloc.c                      0x00000000   Number         0  init_alloc.o ABSOLUTE
    ../clib/heapalloc.c                      0x00000000   Number         0  free.o ABSOLUTE
    ../clib/heapalloc.c                      0x00000000   Number         0  maybetermalloc1.o ABSOLUTE
    ../clib/heapalloc.c                      0x00000000   Number         0  malloc.o ABSOLUTE
    ../clib/heapalloc.c                      0x00000000   Number         0  hguard.o ABSOLUTE
    ../clib/heapaux.c                        0x00000000   Number         0  heapauxi.o ABSOLUTE
    ../clib/heapaux.c                        0x00000000   Number         0  heapauxa.o ABSOLUTE
    ../clib/libinit.s                        0x00000000   Number         0  libshutdown.o ABSOLUTE
    ../clib/libinit.s                        0x00000000   Number         0  libinit2.o ABSOLUTE
    ../clib/libinit.s                        0x00000000   Number         0  libinit.o ABSOLUTE
    ../clib/libinit.s                        0x00000000   Number         0  libshutdown2.o ABSOLUTE
    ../clib/memcpset.s                       0x00000000   Number         0  rt_memcpy_w.o ABSOLUTE
    ../clib/signal.c                         0x00000000   Number         0  defsig_segv_inner.o ABSOLUTE
    ../clib/signal.c                         0x00000000   Number         0  defsig_other.o ABSOLUTE
    ../clib/signal.c                         0x00000000   Number         0  defsig_fpe_inner.o ABSOLUTE
    ../clib/signal.c                         0x00000000   Number         0  defsig_general.o ABSOLUTE
    ../clib/signal.c                         0x00000000   Number         0  __raise.o ABSOLUTE
    ../clib/signal.c                         0x00000000   Number         0  defsig_rtmem_outer.o ABSOLUTE
    ../clib/signal.c                         0x00000000   Number         0  defsig_rtmem_inner.o ABSOLUTE
    ../clib/signal.c                         0x00000000   Number         0  defsig_exit.o ABSOLUTE
    ../clib/signal.c                         0x00000000   Number         0  defsig_rtmem_formal.o ABSOLUTE
    ../clib/signal.c                         0x00000000   Number         0  defsig_stak_inner.o ABSOLUTE
    ../clib/signal.c                         0x00000000   Number         0  defsig_abrt_inner.o ABSOLUTE
    ../clib/signal.c                         0x00000000   Number         0  defsig_rtred_inner.o ABSOLUTE
    ../clib/signal.c                         0x00000000   Number         0  defsig_pvfn_inner.o ABSOLUTE
    ../clib/signal.c                         0x00000000   Number         0  defsig_cppl_inner.o ABSOLUTE
    ../clib/signal.s                         0x00000000   Number         0  defsig.o ABSOLUTE
    ../clib/stdlib.c                         0x00000000   Number         0  exit.o ABSOLUTE
    ../fplib/d2f.s                           0x00000000   Number         0  d2f.o ABSOLUTE
    ../fplib/daddsub.s                       0x00000000   Number         0  daddsub_clz.o ABSOLUTE
    ../fplib/dcmpi.s                         0x00000000   Number         0  dcmpi.o ABSOLUTE
    ../fplib/ddiv.s                          0x00000000   Number         0  ddiv.o ABSOLUTE
    ../fplib/deqf.s                          0x00000000   Number         0  deqf.o ABSOLUTE
    ../fplib/dfix.s                          0x00000000   Number         0  dfix.o ABSOLUTE
    ../fplib/dflt.s                          0x00000000   Number         0  dflt_clz.o ABSOLUTE
    ../fplib/dleqf.s                         0x00000000   Number         0  dleqf.o ABSOLUTE
    ../fplib/dmul.s                          0x00000000   Number         0  dmul.o ABSOLUTE
    ../fplib/dnaninf.s                       0x00000000   Number         0  dnaninf.o ABSOLUTE
    ../fplib/dretinf.s                       0x00000000   Number         0  dretinf.o ABSOLUTE
    ../fplib/drleqf.s                        0x00000000   Number         0  drleqf.o ABSOLUTE
    ../fplib/f2d.s                           0x00000000   Number         0  f2d.o ABSOLUTE
    ../fplib/fflt.s                          0x00000000   Number         0  fflt_clz.o ABSOLUTE
    ../fplib/fnaninf.s                       0x00000000   Number         0  fnaninf.o ABSOLUTE
    ../fplib/fpinit.s                        0x00000000   Number         0  fpinit.o ABSOLUTE
    ../fplib/fretinf.s                       0x00000000   Number         0  fretinf.o ABSOLUTE
    ../fplib/usenofp.s                       0x00000000   Number         0  usenofp.o ABSOLUTE
    ..\..\App\src\main.c                     0x00000000   Number         0  main.o ABSOLUTE
    ..\..\App\src\stm32f10x_it.c             0x00000000   Number         0  stm32f10x_it.o ABSOLUTE
    ..\..\App\src\system_stm32f10x.c         0x00000000   Number         0  system_stm32f10x.o ABSOLUTE
    ..\..\Board\src\can.c                    0x00000000   Number         0  can.o ABSOLUTE
    ..\..\Board\src\delay.c                  0x00000000   Number         0  delay.o ABSOLUTE
    ..\..\Board\src\flash.c                  0x00000000   Number         0  flash.o ABSOLUTE
    ..\..\Board\src\menu.c                   0x00000000   Number         0  menu.o ABSOLUTE
    ..\..\Board\src\menu_key.c               0x00000000   Number         0  menu_key.o ABSOLUTE
    ..\..\Board\src\oled.c                   0x00000000   Number         0  oled.o ABSOLUTE
    ..\..\Board\src\sk6812.c                 0x00000000   Number         0  sk6812.o ABSOLUTE
    ..\..\Board\src\sys.c                    0x00000000   Number         0  sys.o ABSOLUTE
    ..\..\Core\core_cm3.c                    0x00000000   Number         0  core_cm3.o ABSOLUTE
    ..\..\Core\startup_stm32f10x_md.s        0x00000000   Number         0  startup_stm32f10x_md.o ABSOLUTE
    ..\..\Libraries\src\misc.c               0x00000000   Number         0  misc.o ABSOLUTE
    ..\..\Libraries\src\stm32f10x_adc.c      0x00000000   Number         0  stm32f10x_adc.o ABSOLUTE
    ..\..\Libraries\src\stm32f10x_bkp.c      0x00000000   Number         0  stm32f10x_bkp.o ABSOLUTE
    ..\..\Libraries\src\stm32f10x_can.c      0x00000000   Number         0  stm32f10x_can.o ABSOLUTE
    ..\..\Libraries\src\stm32f10x_cec.c      0x00000000   Number         0  stm32f10x_cec.o ABSOLUTE
    ..\..\Libraries\src\stm32f10x_crc.c      0x00000000   Number         0  stm32f10x_crc.o ABSOLUTE
    ..\..\Libraries\src\stm32f10x_dac.c      0x00000000   Number         0  stm32f10x_dac.o ABSOLUTE
    ..\..\Libraries\src\stm32f10x_dbgmcu.c   0x00000000   Number         0  stm32f10x_dbgmcu.o ABSOLUTE
    ..\..\Libraries\src\stm32f10x_dma.c      0x00000000   Number         0  stm32f10x_dma.o ABSOLUTE
    ..\..\Libraries\src\stm32f10x_exti.c     0x00000000   Number         0  stm32f10x_exti.o ABSOLUTE
    ..\..\Libraries\src\stm32f10x_flash.c    0x00000000   Number         0  stm32f10x_flash.o ABSOLUTE
    ..\..\Libraries\src\stm32f10x_fsmc.c     0x00000000   Number         0  stm32f10x_fsmc.o ABSOLUTE
    ..\..\Libraries\src\stm32f10x_gpio.c     0x00000000   Number         0  stm32f10x_gpio.o ABSOLUTE
    ..\..\Libraries\src\stm32f10x_i2c.c      0x00000000   Number         0  stm32f10x_i2c.o ABSOLUTE
    ..\..\Libraries\src\stm32f10x_iwdg.c     0x00000000   Number         0  stm32f10x_iwdg.o ABSOLUTE
    ..\..\Libraries\src\stm32f10x_pwr.c      0x00000000   Number         0  stm32f10x_pwr.o ABSOLUTE
    ..\..\Libraries\src\stm32f10x_rcc.c      0x00000000   Number         0  stm32f10x_rcc.o ABSOLUTE
    ..\..\Libraries\src\stm32f10x_rtc.c      0x00000000   Number         0  stm32f10x_rtc.o ABSOLUTE
    ..\..\Libraries\src\stm32f10x_sdio.c     0x00000000   Number         0  stm32f10x_sdio.o ABSOLUTE
    ..\..\Libraries\src\stm32f10x_spi.c      0x00000000   Number         0  stm32f10x_spi.o ABSOLUTE
    ..\..\Libraries\src\stm32f10x_tim.c      0x00000000   Number         0  stm32f10x_tim.o ABSOLUTE
    ..\..\Libraries\src\stm32f10x_usart.c    0x00000000   Number         0  stm32f10x_usart.o ABSOLUTE
    ..\..\Libraries\src\stm32f10x_wwdg.c     0x00000000   Number         0  stm32f10x_wwdg.o ABSOLUTE
    ..\\..\\Board\\src\\sys.c                0x00000000   Number         0  sys.o ABSOLUTE
    ..\\..\\Core\\core_cm3.c                 0x00000000   Number         0  core_cm3.o ABSOLUTE
    dc.s                                     0x00000000   Number         0  dc.o ABSOLUTE
    RESET                                    0x08000000   Section      236  startup_stm32f10x_md.o(RESET)
    !!!main                                  0x080000ec   Section        8  __main.o(!!!main)
    !!!scatter                               0x080000f4   Section       52  __scatter.o(!!!scatter)
    !!handler_copy                           0x08000128   Section       26  __scatter_copy.o(!!handler_copy)
    !!handler_zi                             0x08000144   Section       28  __scatter_zi.o(!!handler_zi)
    .ARM.Collect$$libinit$$00000000          0x08000160   Section        2  libinit.o(.ARM.Collect$$libinit$$00000000)
    .ARM.Collect$$libinit$$00000002          0x08000162   Section        0  libinit2.o(.ARM.Collect$$libinit$$00000002)
    .ARM.Collect$$libinit$$00000004          0x08000162   Section        0  libinit2.o(.ARM.Collect$$libinit$$00000004)
    .ARM.Collect$$libinit$$00000005          0x08000162   Section        8  libinit2.o(.ARM.Collect$$libinit$$00000005)
    .ARM.Collect$$libinit$$0000000A          0x0800016a   Section        0  libinit2.o(.ARM.Collect$$libinit$$0000000A)
    .ARM.Collect$$libinit$$0000000C          0x0800016a   Section        0  libinit2.o(.ARM.Collect$$libinit$$0000000C)
    .ARM.Collect$$libinit$$0000000E          0x0800016a   Section        0  libinit2.o(.ARM.Collect$$libinit$$0000000E)
    .ARM.Collect$$libinit$$00000011          0x0800016a   Section        0  libinit2.o(.ARM.Collect$$libinit$$00000011)
    .ARM.Collect$$libinit$$00000013          0x0800016a   Section        0  libinit2.o(.ARM.Collect$$libinit$$00000013)
    .ARM.Collect$$libinit$$00000015          0x0800016a   Section        0  libinit2.o(.ARM.Collect$$libinit$$00000015)
    .ARM.Collect$$libinit$$00000017          0x0800016a   Section        0  libinit2.o(.ARM.Collect$$libinit$$00000017)
    .ARM.Collect$$libinit$$00000019          0x0800016a   Section        0  libinit2.o(.ARM.Collect$$libinit$$00000019)
    .ARM.Collect$$libinit$$0000001B          0x0800016a   Section        0  libinit2.o(.ARM.Collect$$libinit$$0000001B)
    .ARM.Collect$$libinit$$0000001D          0x0800016a   Section        0  libinit2.o(.ARM.Collect$$libinit$$0000001D)
    .ARM.Collect$$libinit$$0000001F          0x0800016a   Section        0  libinit2.o(.ARM.Collect$$libinit$$0000001F)
    .ARM.Collect$$libinit$$00000021          0x0800016a   Section        0  libinit2.o(.ARM.Collect$$libinit$$00000021)
    .ARM.Collect$$libinit$$00000023          0x0800016a   Section        0  libinit2.o(.ARM.Collect$$libinit$$00000023)
    .ARM.Collect$$libinit$$00000025          0x0800016a   Section        0  libinit2.o(.ARM.Collect$$libinit$$00000025)
    .ARM.Collect$$libinit$$0000002C          0x0800016a   Section        0  libinit2.o(.ARM.Collect$$libinit$$0000002C)
    .ARM.Collect$$libinit$$0000002E          0x0800016a   Section        0  libinit2.o(.ARM.Collect$$libinit$$0000002E)
    .ARM.Collect$$libinit$$00000030          0x0800016a   Section        0  libinit2.o(.ARM.Collect$$libinit$$00000030)
    .ARM.Collect$$libinit$$00000032          0x0800016a   Section        0  libinit2.o(.ARM.Collect$$libinit$$00000032)
    .ARM.Collect$$libinit$$00000033          0x0800016a   Section        2  libinit2.o(.ARM.Collect$$libinit$$00000033)
    .ARM.Collect$$libshutdown$$00000000      0x0800016c   Section        2  libshutdown.o(.ARM.Collect$$libshutdown$$00000000)
    .ARM.Collect$$libshutdown$$00000002      0x0800016e   Section        0  libshutdown2.o(.ARM.Collect$$libshutdown$$00000002)
    .ARM.Collect$$libshutdown$$00000004      0x0800016e   Section        0  libshutdown2.o(.ARM.Collect$$libshutdown$$00000004)
    .ARM.Collect$$libshutdown$$00000007      0x0800016e   Section        0  libshutdown2.o(.ARM.Collect$$libshutdown$$00000007)
    .ARM.Collect$$libshutdown$$0000000A      0x0800016e   Section        0  libshutdown2.o(.ARM.Collect$$libshutdown$$0000000A)
    .ARM.Collect$$libshutdown$$0000000C      0x0800016e   Section        0  libshutdown2.o(.ARM.Collect$$libshutdown$$0000000C)
    .ARM.Collect$$libshutdown$$0000000F      0x0800016e   Section        0  libshutdown2.o(.ARM.Collect$$libshutdown$$0000000F)
    .ARM.Collect$$libshutdown$$00000010      0x0800016e   Section        2  libshutdown2.o(.ARM.Collect$$libshutdown$$00000010)
    .ARM.Collect$$rtentry$$00000000          0x08000170   Section        0  __rtentry.o(.ARM.Collect$$rtentry$$00000000)
    .ARM.Collect$$rtentry$$00000002          0x08000170   Section        0  __rtentry2.o(.ARM.Collect$$rtentry$$00000002)
    .ARM.Collect$$rtentry$$00000004          0x08000170   Section        6  __rtentry4.o(.ARM.Collect$$rtentry$$00000004)
    .ARM.Collect$$rtentry$$00000009          0x08000176   Section        0  __rtentry2.o(.ARM.Collect$$rtentry$$00000009)
    .ARM.Collect$$rtentry$$0000000A          0x08000176   Section        4  __rtentry2.o(.ARM.Collect$$rtentry$$0000000A)
    .ARM.Collect$$rtentry$$0000000C          0x0800017a   Section        0  __rtentry2.o(.ARM.Collect$$rtentry$$0000000C)
    .ARM.Collect$$rtentry$$0000000D          0x0800017a   Section        8  __rtentry2.o(.ARM.Collect$$rtentry$$0000000D)
    .ARM.Collect$$rtexit$$00000000           0x08000182   Section        2  rtexit.o(.ARM.Collect$$rtexit$$00000000)
    .ARM.Collect$$rtexit$$00000002           0x08000184   Section        0  rtexit2.o(.ARM.Collect$$rtexit$$00000002)
    .ARM.Collect$$rtexit$$00000003           0x08000184   Section        4  rtexit2.o(.ARM.Collect$$rtexit$$00000003)
    .ARM.Collect$$rtexit$$00000004           0x08000188   Section        6  rtexit2.o(.ARM.Collect$$rtexit$$00000004)
    .emb_text                                0x08000190   Section        0  maybetermalloc1.o(.emb_text)
    .text                                    0x08000190   Section       64  startup_stm32f10x_md.o(.text)
    .text                                    0x080001d0   Section        0  h1_alloc.o(.text)
    .text                                    0x0800022e   Section        0  h1_free.o(.text)
    .text                                    0x0800027c   Section        0  heapauxi.o(.text)
    .text                                    0x08000284   Section        8  rt_heap_descriptor_intlibspace.o(.text)
    .text                                    0x0800028c   Section        0  hguard.o(.text)
    .text                                    0x08000290   Section        0  init_alloc.o(.text)
    .text                                    0x0800031a   Section        0  h1_init.o(.text)
    .text                                    0x08000328   Section        8  libspace.o(.text)
    .text                                    0x08000330   Section        0  h1_extend.o(.text)
    .text                                    0x08000364   Section        0  defsig_rtmem_outer.o(.text)
    .text                                    0x08000372   Section        2  use_no_semi.o(.text)
    .text                                    0x08000374   Section        0  indicate_semi.o(.text)
    .text                                    0x08000374   Section       74  sys_stackheap_outer.o(.text)
    .text                                    0x080003be   Section        0  exit.o(.text)
    .text                                    0x080003d0   Section        0  defsig_exit.o(.text)
    .text                                    0x080003dc   Section        0  defsig_rtmem_inner.o(.text)
    .text                                    0x0800042c   Section        0  sys_exit.o(.text)
    .text                                    0x08000438   Section        0  defsig_general.o(.text)
    .text                                    0x0800046a   Section        0  sys_wrch.o(.text)
    i.ADC_Cmd                                0x08000478   Section        0  stm32f10x_adc.o(i.ADC_Cmd)
    i.ADC_DeInit                             0x08000490   Section        0  stm32f10x_adc.o(i.ADC_DeInit)
    i.ADC_GetCalibrationStatus               0x080004ec   Section        0  stm32f10x_adc.o(i.ADC_GetCalibrationStatus)
    i.ADC_GetConversionValue                 0x08000500   Section        0  stm32f10x_adc.o(i.ADC_GetConversionValue)
    i.ADC_GetFlagStatus                      0x08000508   Section        0  stm32f10x_adc.o(i.ADC_GetFlagStatus)
    i.ADC_GetResetCalibrationStatus          0x0800051a   Section        0  stm32f10x_adc.o(i.ADC_GetResetCalibrationStatus)
    i.ADC_Init                               0x08000530   Section        0  stm32f10x_adc.o(i.ADC_Init)
    i.ADC_RegularChannelConfig               0x08000580   Section        0  stm32f10x_adc.o(i.ADC_RegularChannelConfig)
    i.ADC_ResetCalibration                   0x08000638   Section        0  stm32f10x_adc.o(i.ADC_ResetCalibration)
    i.ADC_SoftwareStartConvCmd               0x08000642   Section        0  stm32f10x_adc.o(i.ADC_SoftwareStartConvCmd)
    i.ADC_StartCalibration                   0x08000658   Section        0  stm32f10x_adc.o(i.ADC_StartCalibration)
    i.Adc_Init                               0x08000664   Section        0  menu_key.o(i.Adc_Init)
    i.AddMenu                                0x080006f0   Section        0  menu.o(i.AddMenu)
    i.BusFault_Handler                       0x08000714   Section        0  stm32f10x_it.o(i.BusFault_Handler)
    i.CAN_FilterInit                         0x08000718   Section        0  stm32f10x_can.o(i.CAN_FilterInit)
    i.CAN_ITConfig                           0x08000820   Section        0  stm32f10x_can.o(i.CAN_ITConfig)
    i.CAN_Init                               0x08000832   Section        0  stm32f10x_can.o(i.CAN_Init)
    i.CAN_Mode_Init                          0x08000948   Section        0  can.o(i.CAN_Mode_Init)
    i.CAN_Receive                            0x08000a4c   Section        0  stm32f10x_can.o(i.CAN_Receive)
    i.CAN_Transmit                           0x08000b3c   Section        0  stm32f10x_can.o(i.CAN_Transmit)
    i.CAN_TransmitStatus                     0x08000c64   Section        0  stm32f10x_can.o(i.CAN_TransmitStatus)
    i.Can_Receive_Handle                     0x08000d04   Section        0  can.o(i.Can_Receive_Handle)
    i.Can_Send_Msg                           0x08000de8   Section        0  can.o(i.Can_Send_Msg)
    i.Can_send_par                           0x08000e50   Section        0  can.o(i.Can_send_par)
    i.CreateMenu                             0x08000e88   Section        0  menu.o(i.CreateMenu)
    i.DebugMon_Handler                       0x08000ed0   Section        0  stm32f10x_it.o(i.DebugMon_Handler)
    i.FLASH_ErasePage                        0x08000ed4   Section        0  stm32f10x_flash.o(i.FLASH_ErasePage)
    i.FLASH_GetBank1Status                   0x08000f20   Section        0  stm32f10x_flash.o(i.FLASH_GetBank1Status)
    i.FLASH_Lock                             0x08000f54   Section        0  stm32f10x_flash.o(i.FLASH_Lock)
    i.FLASH_ProgramHalfWord                  0x08000f68   Section        0  stm32f10x_flash.o(i.FLASH_ProgramHalfWord)
    i.FLASH_Unlock                           0x08000fa8   Section        0  stm32f10x_flash.o(i.FLASH_Unlock)
    i.FLASH_WaitForLastOperation             0x08000fc0   Section        0  stm32f10x_flash.o(i.FLASH_WaitForLastOperation)
    i.GPIO_Init                              0x08000fe6   Section        0  stm32f10x_gpio.o(i.GPIO_Init)
    i.GPIO_ResetBits                         0x080010fc   Section        0  stm32f10x_gpio.o(i.GPIO_ResetBits)
    i.GPIO_SetBits                           0x08001100   Section        0  stm32f10x_gpio.o(i.GPIO_SetBits)
    i.GetName                                0x08001104   Section        0  menu.o(i.GetName)
    i.GetPar                                 0x08001128   Section        0  menu.o(i.GetPar)
    i.Get_Adc                                0x0800114c   Section        0  menu_key.o(i.Get_Adc)
    i.Get_Adc_Average                        0x08001180   Section        0  menu_key.o(i.Get_Adc_Average)
    i.HardFault_Handler                      0x080011a8   Section        0  stm32f10x_it.o(i.HardFault_Handler)
    i.IIC_Start                              0x080011b0   Section        0  oled.o(i.IIC_Start)
    i.IIC_Stop                               0x080011d8   Section        0  oled.o(i.IIC_Stop)
    i.IIC_Wait_Ack                           0x080011f8   Section        0  oled.o(i.IIC_Wait_Ack)
    i.Key_detect                             0x08001210   Section        0  menu_key.o(i.Key_detect)
    i.MemManage_Handler                      0x08001534   Section        0  stm32f10x_it.o(i.MemManage_Handler)
    i.Menu_AdjustPar                         0x08001538   Section        0  menu.o(i.Menu_AdjustPar)
    i.Menu_Init                              0x08001630   Section        0  menu.o(i.Menu_Init)
    i.Menu_ShowPar                           0x08001658   Section        0  menu.o(i.Menu_ShowPar)
    i.NMI_Handler                            0x08001828   Section        0  stm32f10x_it.o(i.NMI_Handler)
    i.NVIC_Init                              0x0800182c   Section        0  misc.o(i.NVIC_Init)
    i.NVIC_PriorityGroupConfig               0x0800189c   Section        0  misc.o(i.NVIC_PriorityGroupConfig)
    i.OLED_Clear                             0x080018b0   Section        0  oled.o(i.OLED_Clear)
    i.OLED_Init                              0x080018f0   Section        0  oled.o(i.OLED_Init)
    i.OLED_Set_Pos                           0x08001a30   Section        0  oled.o(i.OLED_Set_Pos)
    i.OLED_ShowChar                          0x08001a58   Section        0  oled.o(i.OLED_ShowChar)
    i.OLED_ShowNum                           0x08001afc   Section        0  oled.o(i.OLED_ShowNum)
    i.OLED_WR_Byte                           0x08001b84   Section        0  oled.o(i.OLED_WR_Byte)
    i.Oled_Pow                               0x08001b9c   Section        0  oled.o(i.Oled_Pow)
    i.PendSV_Handler                         0x08001bb2   Section        0  stm32f10x_it.o(i.PendSV_Handler)
    i.PrintAllMenu                           0x08001bb4   Section        0  menu.o(i.PrintAllMenu)
    i.PrintMenu                              0x08001bfa   Section        0  menu.o(i.PrintMenu)
    i.PrintPar                               0x08001c60   Section        0  menu.o(i.PrintPar)
    i.RCC_ADCCLKConfig                       0x08001ca0   Section        0  stm32f10x_rcc.o(i.RCC_ADCCLKConfig)
    i.RCC_APB1PeriphClockCmd                 0x08001cb8   Section        0  stm32f10x_rcc.o(i.RCC_APB1PeriphClockCmd)
    i.RCC_APB2PeriphClockCmd                 0x08001cd8   Section        0  stm32f10x_rcc.o(i.RCC_APB2PeriphClockCmd)
    i.RCC_APB2PeriphResetCmd                 0x08001cf8   Section        0  stm32f10x_rcc.o(i.RCC_APB2PeriphResetCmd)
    i.ReadFlash                              0x08001d18   Section        0  menu.o(i.ReadFlash)
    i.STMFLASH_Read                          0x08001d44   Section        0  flash.o(i.STMFLASH_Read)
    i.STMFLASH_ReadHalfWord                  0x08001d66   Section        0  flash.o(i.STMFLASH_ReadHalfWord)
    i.STMFLASH_Write                         0x08001d6c   Section        0  flash.o(i.STMFLASH_Write)
    i.STMFLASH_Write_NoCheck                 0x08001e54   Section        0  flash.o(i.STMFLASH_Write_NoCheck)
    i.SVC_Handler                            0x08001e7a   Section        0  stm32f10x_it.o(i.SVC_Handler)
    i.SetSysClock                            0x08001e7c   Section        0  system_stm32f10x.o(i.SetSysClock)
    SetSysClock                              0x08001e7d   Thumb Code     8  system_stm32f10x.o(i.SetSysClock)
    i.SetSysClockTo72                        0x08001e84   Section        0  system_stm32f10x.o(i.SetSysClockTo72)
    SetSysClockTo72                          0x08001e85   Thumb Code   214  system_stm32f10x.o(i.SetSysClockTo72)
    i.Sk6812_Init                            0x08001f64   Section        0  sk6812.o(i.Sk6812_Init)
    i.Sk6812_Reset                           0x08001f90   Section        0  sk6812.o(i.Sk6812_Reset)
    i.Sk6812_Sendone                         0x08001fa8   Section        0  sk6812.o(i.Sk6812_Sendone)
    i.SysTick_CLKSourceConfig                0x080022a4   Section        0  misc.o(i.SysTick_CLKSourceConfig)
    i.SysTick_Handler                        0x080022cc   Section        0  stm32f10x_it.o(i.SysTick_Handler)
    i.SystemInit                             0x080022d0   Section        0  system_stm32f10x.o(i.SystemInit)
    i.TIM3_IRQHandler                        0x08002330   Section        0  main.o(i.TIM3_IRQHandler)
    i.TIM3_Int_Init                          0x08002440   Section        0  main.o(i.TIM3_Int_Init)
    i.TIM_ClearITPendingBit                  0x080024a0   Section        0  stm32f10x_tim.o(i.TIM_ClearITPendingBit)
    i.TIM_Cmd                                0x080024a6   Section        0  stm32f10x_tim.o(i.TIM_Cmd)
    i.TIM_GetITStatus                        0x080024be   Section        0  stm32f10x_tim.o(i.TIM_GetITStatus)
    i.TIM_ITConfig                           0x080024e0   Section        0  stm32f10x_tim.o(i.TIM_ITConfig)
    i.TIM_TimeBaseInit                       0x080024f4   Section        0  stm32f10x_tim.o(i.TIM_TimeBaseInit)
    i.USB_LP_CAN1_RX0_IRQHandler             0x08002598   Section        0  can.o(i.USB_LP_CAN1_RX0_IRQHandler)
    i.UsageFault_Handler                     0x080025b8   Section        0  stm32f10x_it.o(i.UsageFault_Handler)
    i.WriteFlash                             0x080025bc   Section        0  menu.o(i.WriteFlash)
    i.Write_IIC_Byte                         0x080025e8   Section        0  oled.o(i.Write_IIC_Byte)
    i.Write_IIC_Command                      0x0800263c   Section        0  oled.o(i.Write_IIC_Command)
    i.Write_IIC_Data                         0x08002668   Section        0  oled.o(i.Write_IIC_Data)
    i.delay_init                             0x08002694   Section        0  delay.o(i.delay_init)
    i.delay_ms                               0x080026d8   Section        0  delay.o(i.delay_ms)
    i.delay_us                               0x08002724   Section        0  delay.o(i.delay_us)
    i.main                                   0x08002770   Section        0  main.o(i.main)
    i.numtransfer                            0x080028f0   Section        0  can.o(i.numtransfer)
    i.printnum                               0x0800290c   Section        0  menu.o(i.printnum)
    i.showSpeed                              0x08002b3c   Section        0  menu.o(i.showSpeed)
    x$fpl$d2f                                0x08002c08   Section       98  d2f.o(x$fpl$d2f)
    x$fpl$dadd                               0x08002c6c   Section      336  daddsub_clz.o(x$fpl$dadd)
    _dadd1                                   0x08002c7d   Thumb Code     0  daddsub_clz.o(x$fpl$dadd)
    x$fpl$dcmpinf                            0x08002dbc   Section       24  dcmpi.o(x$fpl$dcmpinf)
    x$fpl$ddiv                               0x08002dd4   Section      688  ddiv.o(x$fpl$ddiv)
    ddiv_entry                               0x08002ddb   Thumb Code     0  ddiv.o(x$fpl$ddiv)
    x$fpl$deqf                               0x08003084   Section      120  deqf.o(x$fpl$deqf)
    x$fpl$dfix                               0x080030fc   Section       94  dfix.o(x$fpl$dfix)
    x$fpl$dflt                               0x0800315a   Section       46  dflt_clz.o(x$fpl$dflt)
    x$fpl$dfltu                              0x08003188   Section       38  dflt_clz.o(x$fpl$dfltu)
    x$fpl$dleqf                              0x080031b0   Section      120  dleqf.o(x$fpl$dleqf)
    x$fpl$dmul                               0x08003228   Section      340  dmul.o(x$fpl$dmul)
    x$fpl$dnaninf                            0x0800337c   Section      156  dnaninf.o(x$fpl$dnaninf)
    x$fpl$dretinf                            0x08003418   Section       12  dretinf.o(x$fpl$dretinf)
    x$fpl$drleqf                             0x08003424   Section      108  drleqf.o(x$fpl$drleqf)
    x$fpl$drsb                               0x08003490   Section       22  daddsub_clz.o(x$fpl$drsb)
    x$fpl$dsub                               0x080034a8   Section      468  daddsub_clz.o(x$fpl$dsub)
    _dsub1                                   0x080034b9   Thumb Code     0  daddsub_clz.o(x$fpl$dsub)
    x$fpl$f2d                                0x0800367c   Section       86  f2d.o(x$fpl$f2d)
    x$fpl$ffltu                              0x080036d4   Section       38  fflt_clz.o(x$fpl$ffltu)
    x$fpl$fnaninf                            0x080036fa   Section      140  fnaninf.o(x$fpl$fnaninf)
    x$fpl$fretinf                            0x08003786   Section       10  fretinf.o(x$fpl$fretinf)
    .constdata                               0x08003790   Section       15  main.o(.constdata)
    x$fpl$usenofp                            0x08003790   Section        0  usenofp.o(x$fpl$usenofp)
    .constdata                               0x0800379f   Section     2072  oled.o(.constdata)
    .constdata                               0x08003fb8   Section        7  can.o(.constdata)
    .data                                    0x20000000   Section       18  main.o(.data)
    tmp_color                                0x2000000c   Data           6  main.o(.data)
    .data                                    0x20000014   Section       20  system_stm32f10x.o(.data)
    .data                                    0x20000028   Section        4  delay.o(.data)
    fac_us                                   0x20000028   Data           1  delay.o(.data)
    fac_ms                                   0x2000002a   Data           2  delay.o(.data)
    .data                                    0x20000030   Section       84  menu.o(.data)
    i                                        0x20000080   Data           4  menu.o(.data)
    .bss                                     0x20000088   Section      240  main.o(.bss)
    .bss                                     0x20000178   Section     1024  flash.o(.bss)
    .bss                                     0x20000578   Section       96  libspace.o(.bss)
    HEAP                                     0x200005d8   Section     2048  startup_stm32f10x_md.o(HEAP)
    Heap_Mem                                 0x200005d8   Data        2048  startup_stm32f10x_md.o(HEAP)
    STACK                                    0x20000dd8   Section     1024  startup_stm32f10x_md.o(STACK)
    Stack_Mem                                0x20000dd8   Data        1024  startup_stm32f10x_md.o(STACK)
    __initial_sp                             0x200011d8   Data           0  startup_stm32f10x_md.o(STACK)

    Global Symbols

    Symbol Name                              Value     Ov Type        Size  Object(Section)

    BuildAttributes$$THM_ISAv4$P$D$K$B$S$PE$A:L22UL41UL21$X:L11$S22US41US21$IEEE1$IW$USESV6$~STKCKD$USESV7$~SHL$OTIME$ROPI$EBA8$UX$STANDARDLIB$REQ8$PRES8$EABIv2 0x00000000   Number         0  anon$$obj.o ABSOLUTE
    __ARM_use_no_argv                        0x00000000   Number         0  main.o ABSOLUTE
    __ARM_exceptions_init                     - Undefined Weak Reference
    __alloca_initialize                       - Undefined Weak Reference
    __arm_preinit_                            - Undefined Weak Reference
    __cpp_initialize__aeabi_                  - Undefined Weak Reference
    __cxa_finalize                            - Undefined Weak Reference
    __rt_locale                               - Undefined Weak Reference
    __sigvec_lookup                           - Undefined Weak Reference
    __user_heap_extent                        - Undefined Weak Reference
    _atexit_init                              - Undefined Weak Reference
    _call_atexit_fns                          - Undefined Weak Reference
    _clock_init                               - Undefined Weak Reference
    _fp_trap_init                             - Undefined Weak Reference
    _fp_trap_shutdown                         - Undefined Weak Reference
    _get_lc_collate                           - Undefined Weak Reference
    _get_lc_ctype                             - Undefined Weak Reference
    _get_lc_monetary                          - Undefined Weak Reference
    _get_lc_numeric                           - Undefined Weak Reference
    _get_lc_time                              - Undefined Weak Reference
    _getenv_init                              - Undefined Weak Reference
    _handle_redirection                       - Undefined Weak Reference
    _initio                                   - Undefined Weak Reference
    _mutex_acquire                            - Undefined Weak Reference
    _mutex_free                               - Undefined Weak Reference
    _mutex_release                            - Undefined Weak Reference
    _rand_init                                - Undefined Weak Reference
    _signal_finish                            - Undefined Weak Reference
    _signal_init                              - Undefined Weak Reference
    _terminateio                              - Undefined Weak Reference
    __Vectors_Size                           0x000000ec   Number         0  startup_stm32f10x_md.o ABSOLUTE
    __Vectors                                0x08000000   Data           4  startup_stm32f10x_md.o(RESET)
    __Vectors_End                            0x080000ec   Data           0  startup_stm32f10x_md.o(RESET)
    __main                                   0x080000ed   Thumb Code     8  __main.o(!!!main)
    __scatterload                            0x080000f5   Thumb Code     0  __scatter.o(!!!scatter)
    __scatterload_rt2                        0x080000f5   Thumb Code    44  __scatter.o(!!!scatter)
    __scatterload_rt2_thumb_only             0x080000f5   Thumb Code     0  __scatter.o(!!!scatter)
    __scatterload_null                       0x08000103   Thumb Code     0  __scatter.o(!!!scatter)
    __scatterload_copy                       0x08000129   Thumb Code    26  __scatter_copy.o(!!handler_copy)
    __scatterload_zeroinit                   0x08000145   Thumb Code    28  __scatter_zi.o(!!handler_zi)
    __rt_lib_init                            0x08000161   Thumb Code     0  libinit.o(.ARM.Collect$$libinit$$00000000)
    __rt_lib_init_fp_1                       0x08000163   Thumb Code     0  libinit2.o(.ARM.Collect$$libinit$$00000002)
    __rt_lib_init_heap_2                     0x08000163   Thumb Code     0  libinit2.o(.ARM.Collect$$libinit$$00000005)
    __rt_lib_init_preinit_1                  0x08000163   Thumb Code     0  libinit2.o(.ARM.Collect$$libinit$$00000004)
    __rt_lib_init_alloca_1                   0x0800016b   Thumb Code     0  libinit2.o(.ARM.Collect$$libinit$$0000002E)
    __rt_lib_init_argv_1                     0x0800016b   Thumb Code     0  libinit2.o(.ARM.Collect$$libinit$$0000002C)
    __rt_lib_init_atexit_1                   0x0800016b   Thumb Code     0  libinit2.o(.ARM.Collect$$libinit$$0000001B)
    __rt_lib_init_clock_1                    0x0800016b   Thumb Code     0  libinit2.o(.ARM.Collect$$libinit$$00000021)
    __rt_lib_init_cpp_1                      0x0800016b   Thumb Code     0  libinit2.o(.ARM.Collect$$libinit$$00000032)
    __rt_lib_init_exceptions_1               0x0800016b   Thumb Code     0  libinit2.o(.ARM.Collect$$libinit$$00000030)
    __rt_lib_init_fp_trap_1                  0x0800016b   Thumb Code     0  libinit2.o(.ARM.Collect$$libinit$$0000001F)
    __rt_lib_init_getenv_1                   0x0800016b   Thumb Code     0  libinit2.o(.ARM.Collect$$libinit$$00000023)
    __rt_lib_init_heap_1                     0x0800016b   Thumb Code     0  libinit2.o(.ARM.Collect$$libinit$$0000000A)
    __rt_lib_init_lc_collate_1               0x0800016b   Thumb Code     0  libinit2.o(.ARM.Collect$$libinit$$00000011)
    __rt_lib_init_lc_ctype_1                 0x0800016b   Thumb Code     0  libinit2.o(.ARM.Collect$$libinit$$00000013)
    __rt_lib_init_lc_monetary_1              0x0800016b   Thumb Code     0  libinit2.o(.ARM.Collect$$libinit$$00000015)
    __rt_lib_init_lc_numeric_1               0x0800016b   Thumb Code     0  libinit2.o(.ARM.Collect$$libinit$$00000017)
    __rt_lib_init_lc_time_1                  0x0800016b   Thumb Code     0  libinit2.o(.ARM.Collect$$libinit$$00000019)
    __rt_lib_init_rand_1                     0x0800016b   Thumb Code     0  libinit2.o(.ARM.Collect$$libinit$$0000000E)
    __rt_lib_init_return                     0x0800016b   Thumb Code     0  libinit2.o(.ARM.Collect$$libinit$$00000033)
    __rt_lib_init_signal_1                   0x0800016b   Thumb Code     0  libinit2.o(.ARM.Collect$$libinit$$0000001D)
    __rt_lib_init_stdio_1                    0x0800016b   Thumb Code     0  libinit2.o(.ARM.Collect$$libinit$$00000025)
    __rt_lib_init_user_alloc_1               0x0800016b   Thumb Code     0  libinit2.o(.ARM.Collect$$libinit$$0000000C)
    __rt_lib_shutdown                        0x0800016d   Thumb Code     0  libshutdown.o(.ARM.Collect$$libshutdown$$00000000)
    __rt_lib_shutdown_cpp_1                  0x0800016f   Thumb Code     0  libshutdown2.o(.ARM.Collect$$libshutdown$$00000002)
    __rt_lib_shutdown_fp_trap_1              0x0800016f   Thumb Code     0  libshutdown2.o(.ARM.Collect$$libshutdown$$00000007)
    __rt_lib_shutdown_heap_1                 0x0800016f   Thumb Code     0  libshutdown2.o(.ARM.Collect$$libshutdown$$0000000F)
    __rt_lib_shutdown_return                 0x0800016f   Thumb Code     0  libshutdown2.o(.ARM.Collect$$libshutdown$$00000010)
    __rt_lib_shutdown_signal_1               0x0800016f   Thumb Code     0  libshutdown2.o(.ARM.Collect$$libshutdown$$0000000A)
    __rt_lib_shutdown_stdio_1                0x0800016f   Thumb Code     0  libshutdown2.o(.ARM.Collect$$libshutdown$$00000004)
    __rt_lib_shutdown_user_alloc_1           0x0800016f   Thumb Code     0  libshutdown2.o(.ARM.Collect$$libshutdown$$0000000C)
    __rt_entry                               0x08000171   Thumb Code     0  __rtentry.o(.ARM.Collect$$rtentry$$00000000)
    __rt_entry_presh_1                       0x08000171   Thumb Code     0  __rtentry2.o(.ARM.Collect$$rtentry$$00000002)
    __rt_entry_sh                            0x08000171   Thumb Code     0  __rtentry4.o(.ARM.Collect$$rtentry$$00000004)
    __rt_entry_li                            0x08000177   Thumb Code     0  __rtentry2.o(.ARM.Collect$$rtentry$$0000000A)
    __rt_entry_postsh_1                      0x08000177   Thumb Code     0  __rtentry2.o(.ARM.Collect$$rtentry$$00000009)
    __rt_entry_main                          0x0800017b   Thumb Code     0  __rtentry2.o(.ARM.Collect$$rtentry$$0000000D)
    __rt_entry_postli_1                      0x0800017b   Thumb Code     0  __rtentry2.o(.ARM.Collect$$rtentry$$0000000C)
    __rt_exit                                0x08000183   Thumb Code     0  rtexit.o(.ARM.Collect$$rtexit$$00000000)
    __rt_exit_ls                             0x08000185   Thumb Code     0  rtexit2.o(.ARM.Collect$$rtexit$$00000003)
    __rt_exit_prels_1                        0x08000185   Thumb Code     0  rtexit2.o(.ARM.Collect$$rtexit$$00000002)
    __rt_exit_exit                           0x08000189   Thumb Code     0  rtexit2.o(.ARM.Collect$$rtexit$$00000004)
    Reset_Handler                            0x08000191   Thumb Code     8  startup_stm32f10x_md.o(.text)
    _maybe_terminate_alloc                   0x08000191   Thumb Code     0  maybetermalloc1.o(.emb_text)
    ADC1_2_IRQHandler                        0x080001ab   Thumb Code     0  startup_stm32f10x_md.o(.text)
    CAN1_RX1_IRQHandler                      0x080001ab   Thumb Code     0  startup_stm32f10x_md.o(.text)
    CAN1_SCE_IRQHandler                      0x080001ab   Thumb Code     0  startup_stm32f10x_md.o(.text)
    DMA1_Channel1_IRQHandler                 0x080001ab   Thumb Code     0  startup_stm32f10x_md.o(.text)
    DMA1_Channel2_IRQHandler                 0x080001ab   Thumb Code     0  startup_stm32f10x_md.o(.text)
    DMA1_Channel3_IRQHandler                 0x080001ab   Thumb Code     0  startup_stm32f10x_md.o(.text)
    DMA1_Channel4_IRQHandler                 0x080001ab   Thumb Code     0  startup_stm32f10x_md.o(.text)
    DMA1_Channel5_IRQHandler                 0x080001ab   Thumb Code     0  startup_stm32f10x_md.o(.text)
    DMA1_Channel6_IRQHandler                 0x080001ab   Thumb Code     0  startup_stm32f10x_md.o(.text)
    DMA1_Channel7_IRQHandler                 0x080001ab   Thumb Code     0  startup_stm32f10x_md.o(.text)
    EXTI0_IRQHandler                         0x080001ab   Thumb Code     0  startup_stm32f10x_md.o(.text)
    EXTI15_10_IRQHandler                     0x080001ab   Thumb Code     0  startup_stm32f10x_md.o(.text)
    EXTI1_IRQHandler                         0x080001ab   Thumb Code     0  startup_stm32f10x_md.o(.text)
    EXTI2_IRQHandler                         0x080001ab   Thumb Code     0  startup_stm32f10x_md.o(.text)
    EXTI3_IRQHandler                         0x080001ab   Thumb Code     0  startup_stm32f10x_md.o(.text)
    EXTI4_IRQHandler                         0x080001ab   Thumb Code     0  startup_stm32f10x_md.o(.text)
    EXTI9_5_IRQHandler                       0x080001ab   Thumb Code     0  startup_stm32f10x_md.o(.text)
    FLASH_IRQHandler                         0x080001ab   Thumb Code     0  startup_stm32f10x_md.o(.text)
    I2C1_ER_IRQHandler                       0x080001ab   Thumb Code     0  startup_stm32f10x_md.o(.text)
    I2C1_EV_IRQHandler                       0x080001ab   Thumb Code     0  startup_stm32f10x_md.o(.text)
    I2C2_ER_IRQHandler                       0x080001ab   Thumb Code     0  startup_stm32f10x_md.o(.text)
    I2C2_EV_IRQHandler                       0x080001ab   Thumb Code     0  startup_stm32f10x_md.o(.text)
    PVD_IRQHandler                           0x080001ab   Thumb Code     0  startup_stm32f10x_md.o(.text)
    RCC_IRQHandler                           0x080001ab   Thumb Code     0  startup_stm32f10x_md.o(.text)
    RTCAlarm_IRQHandler                      0x080001ab   Thumb Code     0  startup_stm32f10x_md.o(.text)
    RTC_IRQHandler                           0x080001ab   Thumb Code     0  startup_stm32f10x_md.o(.text)
    SPI1_IRQHandler                          0x080001ab   Thumb Code     0  startup_stm32f10x_md.o(.text)
    SPI2_IRQHandler                          0x080001ab   Thumb Code     0  startup_stm32f10x_md.o(.text)
    TAMPER_IRQHandler                        0x080001ab   Thumb Code     0  startup_stm32f10x_md.o(.text)
    TIM1_BRK_IRQHandler                      0x080001ab   Thumb Code     0  startup_stm32f10x_md.o(.text)
    TIM1_CC_IRQHandler                       0x080001ab   Thumb Code     0  startup_stm32f10x_md.o(.text)
    TIM1_TRG_COM_IRQHandler                  0x080001ab   Thumb Code     0  startup_stm32f10x_md.o(.text)
    TIM1_UP_IRQHandler                       0x080001ab   Thumb Code     0  startup_stm32f10x_md.o(.text)
    TIM2_IRQHandler                          0x080001ab   Thumb Code     0  startup_stm32f10x_md.o(.text)
    TIM4_IRQHandler                          0x080001ab   Thumb Code     0  startup_stm32f10x_md.o(.text)
    USART1_IRQHandler                        0x080001ab   Thumb Code     0  startup_stm32f10x_md.o(.text)
    USART2_IRQHandler                        0x080001ab   Thumb Code     0  startup_stm32f10x_md.o(.text)
    USART3_IRQHandler                        0x080001ab   Thumb Code     0  startup_stm32f10x_md.o(.text)
    USBWakeUp_IRQHandler                     0x080001ab   Thumb Code     0  startup_stm32f10x_md.o(.text)
    USB_HP_CAN1_TX_IRQHandler                0x080001ab   Thumb Code     0  startup_stm32f10x_md.o(.text)
    WWDG_IRQHandler                          0x080001ab   Thumb Code     0  startup_stm32f10x_md.o(.text)
    __user_initial_stackheap                 0x080001ad   Thumb Code     0  startup_stm32f10x_md.o(.text)
    malloc                                   0x080001d1   Thumb Code    94  h1_alloc.o(.text)
    free                                     0x0800022f   Thumb Code    78  h1_free.o(.text)
    __use_two_region_memory                  0x0800027d   Thumb Code     2  heapauxi.o(.text)
    __rt_heap_escrow                         0x0800027f   Thumb Code     2  heapauxi.o(.text)
    __rt_heap_expand                         0x08000281   Thumb Code     2  heapauxi.o(.text)
    __rt_heap_descriptor                     0x08000285   Thumb Code     8  rt_heap_descriptor_intlibspace.o(.text)
    __use_no_heap                            0x0800028d   Thumb Code     2  hguard.o(.text)
    __heap$guard                             0x0800028f   Thumb Code     2  hguard.o(.text)
    _terminate_user_alloc                    0x08000291   Thumb Code     2  init_alloc.o(.text)
    _init_user_alloc                         0x08000293   Thumb Code     2  init_alloc.o(.text)
    __Heap_Full                              0x08000295   Thumb Code    34  init_alloc.o(.text)
    __Heap_Broken                            0x080002b7   Thumb Code     6  init_alloc.o(.text)
    _init_alloc                              0x080002bd   Thumb Code    94  init_alloc.o(.text)
    __Heap_Initialize                        0x0800031b   Thumb Code    10  h1_init.o(.text)
    __Heap_DescSize                          0x08000325   Thumb Code     4  h1_init.o(.text)
    __user_libspace                          0x08000329   Thumb Code     8  libspace.o(.text)
    __user_perproc_libspace                  0x08000329   Thumb Code     0  libspace.o(.text)
    __user_perthread_libspace                0x08000329   Thumb Code     0  libspace.o(.text)
    __Heap_ProvideMemory                     0x08000331   Thumb Code    52  h1_extend.o(.text)
    __rt_SIGRTMEM                            0x08000365   Thumb Code    14  defsig_rtmem_outer.o(.text)
    __I$use$semihosting                      0x08000373   Thumb Code     0  use_no_semi.o(.text)
    __use_no_semihosting_swi                 0x08000373   Thumb Code     2  use_no_semi.o(.text)
    __semihosting_library_function           0x08000375   Thumb Code     0  indicate_semi.o(.text)
    __user_setup_stackheap                   0x08000375   Thumb Code    74  sys_stackheap_outer.o(.text)
    exit                                     0x080003bf   Thumb Code    18  exit.o(.text)
    __sig_exit                               0x080003d1   Thumb Code    10  defsig_exit.o(.text)
    __rt_SIGRTMEM_inner                      0x080003dd   Thumb Code    22  defsig_rtmem_inner.o(.text)
    _sys_exit                                0x0800042d   Thumb Code     8  sys_exit.o(.text)
    __default_signal_display                 0x08000439   Thumb Code    50  defsig_general.o(.text)
    _ttywrch                                 0x0800046b   Thumb Code    14  sys_wrch.o(.text)
    ADC_Cmd                                  0x08000479   Thumb Code    22  stm32f10x_adc.o(i.ADC_Cmd)
    ADC_DeInit                               0x08000491   Thumb Code    78  stm32f10x_adc.o(i.ADC_DeInit)
    ADC_GetCalibrationStatus                 0x080004ed   Thumb Code    20  stm32f10x_adc.o(i.ADC_GetCalibrationStatus)
    ADC_GetConversionValue                   0x08000501   Thumb Code     8  stm32f10x_adc.o(i.ADC_GetConversionValue)
    ADC_GetFlagStatus                        0x08000509   Thumb Code    18  stm32f10x_adc.o(i.ADC_GetFlagStatus)
    ADC_GetResetCalibrationStatus            0x0800051b   Thumb Code    20  stm32f10x_adc.o(i.ADC_GetResetCalibrationStatus)
    ADC_Init                                 0x08000531   Thumb Code    70  stm32f10x_adc.o(i.ADC_Init)
    ADC_RegularChannelConfig                 0x08000581   Thumb Code   184  stm32f10x_adc.o(i.ADC_RegularChannelConfig)
    ADC_ResetCalibration                     0x08000639   Thumb Code    10  stm32f10x_adc.o(i.ADC_ResetCalibration)
    ADC_SoftwareStartConvCmd                 0x08000643   Thumb Code    22  stm32f10x_adc.o(i.ADC_SoftwareStartConvCmd)
    ADC_StartCalibration                     0x08000659   Thumb Code    10  stm32f10x_adc.o(i.ADC_StartCalibration)
    Adc_Init                                 0x08000665   Thumb Code   132  menu_key.o(i.Adc_Init)
    AddMenu                                  0x080006f1   Thumb Code    36  menu.o(i.AddMenu)
    BusFault_Handler                         0x08000715   Thumb Code     4  stm32f10x_it.o(i.BusFault_Handler)
    CAN_FilterInit                           0x08000719   Thumb Code   258  stm32f10x_can.o(i.CAN_FilterInit)
    CAN_ITConfig                             0x08000821   Thumb Code    18  stm32f10x_can.o(i.CAN_ITConfig)
    CAN_Init                                 0x08000833   Thumb Code   276  stm32f10x_can.o(i.CAN_Init)
    CAN_Mode_Init                            0x08000949   Thumb Code   250  can.o(i.CAN_Mode_Init)
    CAN_Receive                              0x08000a4d   Thumb Code   240  stm32f10x_can.o(i.CAN_Receive)
    CAN_Transmit                             0x08000b3d   Thumb Code   294  stm32f10x_can.o(i.CAN_Transmit)
    CAN_TransmitStatus                       0x08000c65   Thumb Code   138  stm32f10x_can.o(i.CAN_TransmitStatus)
    Can_Receive_Handle                       0x08000d05   Thumb Code   188  can.o(i.Can_Receive_Handle)
    Can_Send_Msg                             0x08000de9   Thumb Code    98  can.o(i.Can_Send_Msg)
    Can_send_par                             0x08000e51   Thumb Code    54  can.o(i.Can_send_par)
    CreateMenu                               0x08000e89   Thumb Code    62  menu.o(i.CreateMenu)
    DebugMon_Handler                         0x08000ed1   Thumb Code     2  stm32f10x_it.o(i.DebugMon_Handler)
    FLASH_ErasePage                          0x08000ed5   Thumb Code    72  stm32f10x_flash.o(i.FLASH_ErasePage)
    FLASH_GetBank1Status                     0x08000f21   Thumb Code    48  stm32f10x_flash.o(i.FLASH_GetBank1Status)
    FLASH_Lock                               0x08000f55   Thumb Code    14  stm32f10x_flash.o(i.FLASH_Lock)
    FLASH_ProgramHalfWord                    0x08000f69   Thumb Code    60  stm32f10x_flash.o(i.FLASH_ProgramHalfWord)
    FLASH_Unlock                             0x08000fa9   Thumb Code    12  stm32f10x_flash.o(i.FLASH_Unlock)
    FLASH_WaitForLastOperation               0x08000fc1   Thumb Code    38  stm32f10x_flash.o(i.FLASH_WaitForLastOperation)
    GPIO_Init                                0x08000fe7   Thumb Code   278  stm32f10x_gpio.o(i.GPIO_Init)
    GPIO_ResetBits                           0x080010fd   Thumb Code     4  stm32f10x_gpio.o(i.GPIO_ResetBits)
    GPIO_SetBits                             0x08001101   Thumb Code     4  stm32f10x_gpio.o(i.GPIO_SetBits)
    GetName                                  0x08001105   Thumb Code    36  menu.o(i.GetName)
    GetPar                                   0x08001129   Thumb Code    34  menu.o(i.GetPar)
    Get_Adc                                  0x0800114d   Thumb Code    46  menu_key.o(i.Get_Adc)
    Get_Adc_Average                          0x08001181   Thumb Code    40  menu_key.o(i.Get_Adc_Average)
    HardFault_Handler                        0x080011a9   Thumb Code     6  stm32f10x_it.o(i.HardFault_Handler)
    IIC_Start                                0x080011b1   Thumb Code    36  oled.o(i.IIC_Start)
    IIC_Stop                                 0x080011d9   Thumb Code    28  oled.o(i.IIC_Stop)
    IIC_Wait_Ack                             0x080011f9   Thumb Code    20  oled.o(i.IIC_Wait_Ack)
    Key_detect                               0x08001211   Thumb Code   718  menu_key.o(i.Key_detect)
    MemManage_Handler                        0x08001535   Thumb Code     4  stm32f10x_it.o(i.MemManage_Handler)
    Menu_AdjustPar                           0x08001539   Thumb Code   238  menu.o(i.Menu_AdjustPar)
    Menu_Init                                0x08001631   Thumb Code    32  menu.o(i.Menu_Init)
    Menu_ShowPar                             0x08001659   Thumb Code   432  menu.o(i.Menu_ShowPar)
    NMI_Handler                              0x08001829   Thumb Code     2  stm32f10x_it.o(i.NMI_Handler)
    NVIC_Init                                0x0800182d   Thumb Code   100  misc.o(i.NVIC_Init)
    NVIC_PriorityGroupConfig                 0x0800189d   Thumb Code    10  misc.o(i.NVIC_PriorityGroupConfig)
    OLED_Clear                               0x080018b1   Thumb Code    62  oled.o(i.OLED_Clear)
    OLED_Init                                0x080018f1   Thumb Code   310  oled.o(i.OLED_Init)
    OLED_Set_Pos                             0x08001a31   Thumb Code    40  oled.o(i.OLED_Set_Pos)
    OLED_ShowChar                            0x08001a59   Thumb Code   154  oled.o(i.OLED_ShowChar)
    OLED_ShowNum                             0x08001afd   Thumb Code   136  oled.o(i.OLED_ShowNum)
    OLED_WR_Byte                             0x08001b85   Thumb Code    24  oled.o(i.OLED_WR_Byte)
    Oled_Pow                                 0x08001b9d   Thumb Code    22  oled.o(i.Oled_Pow)
    PendSV_Handler                           0x08001bb3   Thumb Code     2  stm32f10x_it.o(i.PendSV_Handler)
    PrintAllMenu                             0x08001bb5   Thumb Code    70  menu.o(i.PrintAllMenu)
    PrintMenu                                0x08001bfb   Thumb Code   102  menu.o(i.PrintMenu)
    PrintPar                                 0x08001c61   Thumb Code    62  menu.o(i.PrintPar)
    RCC_ADCCLKConfig                         0x08001ca1   Thumb Code    18  stm32f10x_rcc.o(i.RCC_ADCCLKConfig)
    RCC_APB1PeriphClockCmd                   0x08001cb9   Thumb Code    26  stm32f10x_rcc.o(i.RCC_APB1PeriphClockCmd)
    RCC_APB2PeriphClockCmd                   0x08001cd9   Thumb Code    26  stm32f10x_rcc.o(i.RCC_APB2PeriphClockCmd)
    RCC_APB2PeriphResetCmd                   0x08001cf9   Thumb Code    26  stm32f10x_rcc.o(i.RCC_APB2PeriphResetCmd)
    ReadFlash                                0x08001d19   Thumb Code    36  menu.o(i.ReadFlash)
    STMFLASH_Read                            0x08001d45   Thumb Code    34  flash.o(i.STMFLASH_Read)
    STMFLASH_ReadHalfWord                    0x08001d67   Thumb Code     6  flash.o(i.STMFLASH_ReadHalfWord)
    STMFLASH_Write                           0x08001d6d   Thumb Code   222  flash.o(i.STMFLASH_Write)
    STMFLASH_Write_NoCheck                   0x08001e55   Thumb Code    38  flash.o(i.STMFLASH_Write_NoCheck)
    SVC_Handler                              0x08001e7b   Thumb Code     2  stm32f10x_it.o(i.SVC_Handler)
    Sk6812_Init                              0x08001f65   Thumb Code    40  sk6812.o(i.Sk6812_Init)
    Sk6812_Reset                             0x08001f91   Thumb Code    22  sk6812.o(i.Sk6812_Reset)
    Sk6812_Sendone                           0x08001fa9   Thumb Code   760  sk6812.o(i.Sk6812_Sendone)
    SysTick_CLKSourceConfig                  0x080022a5   Thumb Code    40  misc.o(i.SysTick_CLKSourceConfig)
    SysTick_Handler                          0x080022cd   Thumb Code     2  stm32f10x_it.o(i.SysTick_Handler)
    SystemInit                               0x080022d1   Thumb Code    78  system_stm32f10x.o(i.SystemInit)
    TIM3_IRQHandler                          0x08002331   Thumb Code   242  main.o(i.TIM3_IRQHandler)
    TIM3_Int_Init                            0x08002441   Thumb Code    90  main.o(i.TIM3_Int_Init)
    TIM_ClearITPendingBit                    0x080024a1   Thumb Code     6  stm32f10x_tim.o(i.TIM_ClearITPendingBit)
    TIM_Cmd                                  0x080024a7   Thumb Code    24  stm32f10x_tim.o(i.TIM_Cmd)
    TIM_GetITStatus                          0x080024bf   Thumb Code    34  stm32f10x_tim.o(i.TIM_GetITStatus)
    TIM_ITConfig                             0x080024e1   Thumb Code    18  stm32f10x_tim.o(i.TIM_ITConfig)
    TIM_TimeBaseInit                         0x080024f5   Thumb Code   122  stm32f10x_tim.o(i.TIM_TimeBaseInit)
    USB_LP_CAN1_RX0_IRQHandler               0x08002599   Thumb Code    26  can.o(i.USB_LP_CAN1_RX0_IRQHandler)
    UsageFault_Handler                       0x080025b9   Thumb Code     4  stm32f10x_it.o(i.UsageFault_Handler)
    WriteFlash                               0x080025bd   Thumb Code    36  menu.o(i.WriteFlash)
    Write_IIC_Byte                           0x080025e9   Thumb Code    80  oled.o(i.Write_IIC_Byte)
    Write_IIC_Command                        0x0800263d   Thumb Code    44  oled.o(i.Write_IIC_Command)
    Write_IIC_Data                           0x08002669   Thumb Code    44  oled.o(i.Write_IIC_Data)
    delay_init                               0x08002695   Thumb Code    50  delay.o(i.delay_init)
    delay_ms                                 0x080026d9   Thumb Code    72  delay.o(i.delay_ms)
    delay_us                                 0x08002725   Thumb Code    72  delay.o(i.delay_us)
    main                                     0x08002771   Thumb Code   268  main.o(i.main)
    numtransfer                              0x080028f1   Thumb Code    26  can.o(i.numtransfer)
    printnum                                 0x0800290d   Thumb Code   546  menu.o(i.printnum)
    showSpeed                                0x08002b3d   Thumb Code   194  menu.o(i.showSpeed)
    __aeabi_d2f                              0x08002c09   Thumb Code     0  d2f.o(x$fpl$d2f)
    _d2f                                     0x08002c09   Thumb Code    98  d2f.o(x$fpl$d2f)
    __aeabi_dadd                             0x08002c6d   Thumb Code     0  daddsub_clz.o(x$fpl$dadd)
    _dadd                                    0x08002c6d   Thumb Code   332  daddsub_clz.o(x$fpl$dadd)
    __fpl_dcmp_Inf                           0x08002dbd   Thumb Code    24  dcmpi.o(x$fpl$dcmpinf)
    __aeabi_ddiv                             0x08002dd5   Thumb Code     0  ddiv.o(x$fpl$ddiv)
    _ddiv                                    0x08002dd5   Thumb Code   552  ddiv.o(x$fpl$ddiv)
    __aeabi_cdcmpeq                          0x08003085   Thumb Code     0  deqf.o(x$fpl$deqf)
    _dcmpeq                                  0x08003085   Thumb Code   120  deqf.o(x$fpl$deqf)
    __aeabi_d2iz                             0x080030fd   Thumb Code     0  dfix.o(x$fpl$dfix)
    _dfix                                    0x080030fd   Thumb Code    94  dfix.o(x$fpl$dfix)
    __aeabi_i2d                              0x0800315b   Thumb Code     0  dflt_clz.o(x$fpl$dflt)
    _dflt                                    0x0800315b   Thumb Code    46  dflt_clz.o(x$fpl$dflt)
    __aeabi_ui2d                             0x08003189   Thumb Code     0  dflt_clz.o(x$fpl$dfltu)
    _dfltu                                   0x08003189   Thumb Code    38  dflt_clz.o(x$fpl$dfltu)
    __aeabi_cdcmple                          0x080031b1   Thumb Code     0  dleqf.o(x$fpl$dleqf)
    _dcmple                                  0x080031b1   Thumb Code   120  dleqf.o(x$fpl$dleqf)
    __fpl_dcmple_InfNaN                      0x08003213   Thumb Code     0  dleqf.o(x$fpl$dleqf)
    __aeabi_dmul                             0x08003229   Thumb Code     0  dmul.o(x$fpl$dmul)
    _dmul                                    0x08003229   Thumb Code   332  dmul.o(x$fpl$dmul)
    __fpl_dnaninf                            0x0800337d   Thumb Code   156  dnaninf.o(x$fpl$dnaninf)
    __fpl_dretinf                            0x08003419   Thumb Code    12  dretinf.o(x$fpl$dretinf)
    __aeabi_cdrcmple                         0x08003425   Thumb Code     0  drleqf.o(x$fpl$drleqf)
    _drcmple                                 0x08003425   Thumb Code   108  drleqf.o(x$fpl$drleqf)
    __aeabi_drsub                            0x08003491   Thumb Code     0  daddsub_clz.o(x$fpl$drsb)
    _drsb                                    0x08003491   Thumb Code    22  daddsub_clz.o(x$fpl$drsb)
    __aeabi_dsub                             0x080034a9   Thumb Code     0  daddsub_clz.o(x$fpl$dsub)
    _dsub                                    0x080034a9   Thumb Code   464  daddsub_clz.o(x$fpl$dsub)
    __aeabi_f2d                              0x0800367d   Thumb Code     0  f2d.o(x$fpl$f2d)
    _f2d                                     0x0800367d   Thumb Code    86  f2d.o(x$fpl$f2d)
    __aeabi_ui2f                             0x080036d5   Thumb Code     0  fflt_clz.o(x$fpl$ffltu)
    _ffltu                                   0x080036d5   Thumb Code    38  fflt_clz.o(x$fpl$ffltu)
    __fpl_fnaninf                            0x080036fb   Thumb Code   140  fnaninf.o(x$fpl$fnaninf)
    __fpl_fretinf                            0x08003787   Thumb Code    10  fretinf.o(x$fpl$fretinf)
    __I$use$fp                               0x08003790   Number         0  usenofp.o(x$fpl$usenofp)
    F6x8                                     0x0800379f   Data         552  oled.o(.constdata)
    F8X16                                    0x080039c7   Data        1520  oled.o(.constdata)
    Region$$Table$$Base                      0x08003fc0   Number         0  anon$$obj.o(Region$$Table)
    Region$$Table$$Limit                     0x08003fe0   Number         0  anon$$obj.o(Region$$Table)
    color                                    0x20000000   Data           6  main.o(.data)
    req                                      0x20000008   Data           4  main.o(.data)
    SystemCoreClock                          0x20000014   Data           4  system_stm32f10x.o(.data)
    AHBPrescTable                            0x20000018   Data          16  system_stm32f10x.o(.data)
    Read                                     0x20000030   Data          40  menu.o(.data)
    Write                                    0x20000058   Data          40  menu.o(.data)
    roSpd                                    0x20000088   Data          40  main.o(.bss)
    bltSpd                                   0x200000b0   Data          40  main.o(.bss)
    FIRE                                     0x200000d8   Data          40  main.o(.bss)
    Count                                    0x20000100   Data          40  main.o(.bss)
    bltNum                                   0x20000128   Data          40  main.o(.bss)
    freq                                     0x20000150   Data          40  main.o(.bss)
    STMFLASH_BUF                             0x20000178   Data        1024  flash.o(.bss)
    __libspace_start                         0x20000578   Data          96  libspace.o(.bss)
    __temporary_stack_top$libspace           0x200005d8   Data           0  libspace.o(.bss)



==============================================================================

Memory Map of the image

  Image Entry point : 0x080000ed

  Load Region LR_IROM1 (Base: 0x08000000, Size: 0x00004064, Max: 0x00010000, ABSOLUTE)

    Execution Region ER_IROM1 (Exec base: 0x08000000, Load base: 0x08000000, Size: 0x00003fe0, Max: 0x00010000, ABSOLUTE)

    Exec Addr    Load Addr    Size         Type   Attr      Idx    E Section Name        Object

    0x08000000   0x08000000   0x000000ec   Data   RO          696    RESET               startup_stm32f10x_md.o
    0x080000ec   0x080000ec   0x00000008   Code   RO         3762  * !!!main             c_w.l(__main.o)
    0x080000f4   0x080000f4   0x00000034   Code   RO         4014    !!!scatter          c_w.l(__scatter.o)
    0x08000128   0x08000128   0x0000001a   Code   RO         4016    !!handler_copy      c_w.l(__scatter_copy.o)
    0x08000142   0x08000142   0x00000002   PAD
    0x08000144   0x08000144   0x0000001c   Code   RO         4018    !!handler_zi        c_w.l(__scatter_zi.o)
    0x08000160   0x08000160   0x00000002   Code   RO         3953    .ARM.Collect$$libinit$$00000000  c_w.l(libinit.o)
    0x08000162   0x08000162   0x00000000   Code   RO         3835    .ARM.Collect$$libinit$$00000002  c_w.l(libinit2.o)
    0x08000162   0x08000162   0x00000000   Code   RO         3837    .ARM.Collect$$libinit$$00000004  c_w.l(libinit2.o)
    0x08000162   0x08000162   0x00000008   Code   RO         3838    .ARM.Collect$$libinit$$00000005  c_w.l(libinit2.o)
    0x0800016a   0x0800016a   0x00000000   Code   RO         3840    .ARM.Collect$$libinit$$0000000A  c_w.l(libinit2.o)
    0x0800016a   0x0800016a   0x00000000   Code   RO         3842    .ARM.Collect$$libinit$$0000000C  c_w.l(libinit2.o)
    0x0800016a   0x0800016a   0x00000000   Code   RO         3844    .ARM.Collect$$libinit$$0000000E  c_w.l(libinit2.o)
    0x0800016a   0x0800016a   0x00000000   Code   RO         3847    .ARM.Collect$$libinit$$00000011  c_w.l(libinit2.o)
    0x0800016a   0x0800016a   0x00000000   Code   RO         3849    .ARM.Collect$$libinit$$00000013  c_w.l(libinit2.o)
    0x0800016a   0x0800016a   0x00000000   Code   RO         3851    .ARM.Collect$$libinit$$00000015  c_w.l(libinit2.o)
    0x0800016a   0x0800016a   0x00000000   Code   RO         3853    .ARM.Collect$$libinit$$00000017  c_w.l(libinit2.o)
    0x0800016a   0x0800016a   0x00000000   Code   RO         3855    .ARM.Collect$$libinit$$00000019  c_w.l(libinit2.o)
    0x0800016a   0x0800016a   0x00000000   Code   RO         3857    .ARM.Collect$$libinit$$0000001B  c_w.l(libinit2.o)
    0x0800016a   0x0800016a   0x00000000   Code   RO         3859    .ARM.Collect$$libinit$$0000001D  c_w.l(libinit2.o)
    0x0800016a   0x0800016a   0x00000000   Code   RO         3861    .ARM.Collect$$libinit$$0000001F  c_w.l(libinit2.o)
    0x0800016a   0x0800016a   0x00000000   Code   RO         3863    .ARM.Collect$$libinit$$00000021  c_w.l(libinit2.o)
    0x0800016a   0x0800016a   0x00000000   Code   RO         3865    .ARM.Collect$$libinit$$00000023  c_w.l(libinit2.o)
    0x0800016a   0x0800016a   0x00000000   Code   RO         3867    .ARM.Collect$$libinit$$00000025  c_w.l(libinit2.o)
    0x0800016a   0x0800016a   0x00000000   Code   RO         3871    .ARM.Collect$$libinit$$0000002C  c_w.l(libinit2.o)
    0x0800016a   0x0800016a   0x00000000   Code   RO         3873    .ARM.Collect$$libinit$$0000002E  c_w.l(libinit2.o)
    0x0800016a   0x0800016a   0x00000000   Code   RO         3875    .ARM.Collect$$libinit$$00000030  c_w.l(libinit2.o)
    0x0800016a   0x0800016a   0x00000000   Code   RO         3877    .ARM.Collect$$libinit$$00000032  c_w.l(libinit2.o)
    0x0800016a   0x0800016a   0x00000002   Code   RO         3878    .ARM.Collect$$libinit$$00000033  c_w.l(libinit2.o)
    0x0800016c   0x0800016c   0x00000002   Code   RO         4011    .ARM.Collect$$libshutdown$$00000000  c_w.l(libshutdown.o)
    0x0800016e   0x0800016e   0x00000000   Code   RO         3967    .ARM.Collect$$libshutdown$$00000002  c_w.l(libshutdown2.o)
    0x0800016e   0x0800016e   0x00000000   Code   RO         3969    .ARM.Collect$$libshutdown$$00000004  c_w.l(libshutdown2.o)
    0x0800016e   0x0800016e   0x00000000   Code   RO         3972    .ARM.Collect$$libshutdown$$00000007  c_w.l(libshutdown2.o)
    0x0800016e   0x0800016e   0x00000000   Code   RO         3975    .ARM.Collect$$libshutdown$$0000000A  c_w.l(libshutdown2.o)
    0x0800016e   0x0800016e   0x00000000   Code   RO         3977    .ARM.Collect$$libshutdown$$0000000C  c_w.l(libshutdown2.o)
    0x0800016e   0x0800016e   0x00000000   Code   RO         3980    .ARM.Collect$$libshutdown$$0000000F  c_w.l(libshutdown2.o)
    0x0800016e   0x0800016e   0x00000002   Code   RO         3981    .ARM.Collect$$libshutdown$$00000010  c_w.l(libshutdown2.o)
    0x08000170   0x08000170   0x00000000   Code   RO         3804    .ARM.Collect$$rtentry$$00000000  c_w.l(__rtentry.o)
    0x08000170   0x08000170   0x00000000   Code   RO         3896    .ARM.Collect$$rtentry$$00000002  c_w.l(__rtentry2.o)
    0x08000170   0x08000170   0x00000006   Code   RO         3908    .ARM.Collect$$rtentry$$00000004  c_w.l(__rtentry4.o)
    0x08000176   0x08000176   0x00000000   Code   RO         3898    .ARM.Collect$$rtentry$$00000009  c_w.l(__rtentry2.o)
    0x08000176   0x08000176   0x00000004   Code   RO         3899    .ARM.Collect$$rtentry$$0000000A  c_w.l(__rtentry2.o)
    0x0800017a   0x0800017a   0x00000000   Code   RO         3901    .ARM.Collect$$rtentry$$0000000C  c_w.l(__rtentry2.o)
    0x0800017a   0x0800017a   0x00000008   Code   RO         3902    .ARM.Collect$$rtentry$$0000000D  c_w.l(__rtentry2.o)
    0x08000182   0x08000182   0x00000002   Code   RO         3956    .ARM.Collect$$rtexit$$00000000  c_w.l(rtexit.o)
    0x08000184   0x08000184   0x00000000   Code   RO         3985    .ARM.Collect$$rtexit$$00000002  c_w.l(rtexit2.o)
    0x08000184   0x08000184   0x00000004   Code   RO         3986    .ARM.Collect$$rtexit$$00000003  c_w.l(rtexit2.o)
    0x08000188   0x08000188   0x00000006   Code   RO         3987    .ARM.Collect$$rtexit$$00000004  c_w.l(rtexit2.o)
    0x0800018e   0x0800018e   0x00000002   PAD
    0x08000190   0x08000190   0x00000000   Code   RO         3912    .emb_text           c_w.l(maybetermalloc1.o)
    0x08000190   0x08000190   0x00000040   Code   RO          697    .text               startup_stm32f10x_md.o
    0x080001d0   0x080001d0   0x0000005e   Code   RO         3702    .text               c_w.l(h1_alloc.o)
    0x0800022e   0x0800022e   0x0000004e   Code   RO         3704    .text               c_w.l(h1_free.o)
    0x0800027c   0x0800027c   0x00000006   Code   RO         3760    .text               c_w.l(heapauxi.o)
    0x08000282   0x08000282   0x00000002   PAD
    0x08000284   0x08000284   0x00000008   Code   RO         3808    .text               c_w.l(rt_heap_descriptor_intlibspace.o)
    0x0800028c   0x0800028c   0x00000004   Code   RO         3810    .text               c_w.l(hguard.o)
    0x08000290   0x08000290   0x0000008a   Code   RO         3812    .text               c_w.l(init_alloc.o)
    0x0800031a   0x0800031a   0x0000000e   Code   RO         3816    .text               c_w.l(h1_init.o)
    0x08000328   0x08000328   0x00000008   Code   RO         3892    .text               c_w.l(libspace.o)
    0x08000330   0x08000330   0x00000034   Code   RO         3914    .text               c_w.l(h1_extend.o)
    0x08000364   0x08000364   0x0000000e   Code   RO         3918    .text               c_w.l(defsig_rtmem_outer.o)
    0x08000372   0x08000372   0x00000002   Code   RO         3929    .text               c_w.l(use_no_semi.o)
    0x08000374   0x08000374   0x00000000   Code   RO         3931    .text               c_w.l(indicate_semi.o)
    0x08000374   0x08000374   0x0000004a   Code   RO         3932    .text               c_w.l(sys_stackheap_outer.o)
    0x080003be   0x080003be   0x00000012   Code   RO         3938    .text               c_w.l(exit.o)
    0x080003d0   0x080003d0   0x0000000a   Code   RO         3940    .text               c_w.l(defsig_exit.o)
    0x080003da   0x080003da   0x00000002   PAD
    0x080003dc   0x080003dc   0x00000050   Code   RO         3942    .text               c_w.l(defsig_rtmem_inner.o)
    0x0800042c   0x0800042c   0x0000000c   Code   RO         3954    .text               c_w.l(sys_exit.o)
    0x08000438   0x08000438   0x00000032   Code   RO         3964    .text               c_w.l(defsig_general.o)
    0x0800046a   0x0800046a   0x0000000e   Code   RO         3982    .text               c_w.l(sys_wrch.o)
    0x08000478   0x08000478   0x00000016   Code   RO          743    i.ADC_Cmd           stm32f10x_adc.o
    0x0800048e   0x0800048e   0x00000002   PAD
    0x08000490   0x08000490   0x0000005c   Code   RO          745    i.ADC_DeInit        stm32f10x_adc.o
    0x080004ec   0x080004ec   0x00000014   Code   RO          751    i.ADC_GetCalibrationStatus  stm32f10x_adc.o
    0x08000500   0x08000500   0x00000008   Code   RO          752    i.ADC_GetConversionValue  stm32f10x_adc.o
    0x08000508   0x08000508   0x00000012   Code   RO          754    i.ADC_GetFlagStatus  stm32f10x_adc.o
    0x0800051a   0x0800051a   0x00000014   Code   RO          757    i.ADC_GetResetCalibrationStatus  stm32f10x_adc.o
    0x0800052e   0x0800052e   0x00000002   PAD
    0x08000530   0x08000530   0x00000050   Code   RO          761    i.ADC_Init          stm32f10x_adc.o
    0x08000580   0x08000580   0x000000b8   Code   RO          765    i.ADC_RegularChannelConfig  stm32f10x_adc.o
    0x08000638   0x08000638   0x0000000a   Code   RO          766    i.ADC_ResetCalibration  stm32f10x_adc.o
    0x08000642   0x08000642   0x00000016   Code   RO          768    i.ADC_SoftwareStartConvCmd  stm32f10x_adc.o
    0x08000658   0x08000658   0x0000000a   Code   RO          770    i.ADC_StartCalibration  stm32f10x_adc.o
    0x08000662   0x08000662   0x00000002   PAD
    0x08000664   0x08000664   0x0000008c   Code   RO          374    i.Adc_Init          menu_key.o
    0x080006f0   0x080006f0   0x00000024   Code   RO          271    i.AddMenu           menu.o
    0x08000714   0x08000714   0x00000004   Code   RO          142    i.BusFault_Handler  stm32f10x_it.o
    0x08000718   0x08000718   0x00000108   Code   RO         1043    i.CAN_FilterInit    stm32f10x_can.o
    0x08000820   0x08000820   0x00000012   Code   RO         1049    i.CAN_ITConfig      stm32f10x_can.o
    0x08000832   0x08000832   0x00000114   Code   RO         1050    i.CAN_Init          stm32f10x_can.o
    0x08000946   0x08000946   0x00000002   PAD
    0x08000948   0x08000948   0x00000104   Code   RO          588    i.CAN_Mode_Init     can.o
    0x08000a4c   0x08000a4c   0x000000f0   Code   RO         1053    i.CAN_Receive       stm32f10x_can.o
    0x08000b3c   0x08000b3c   0x00000126   Code   RO         1058    i.CAN_Transmit      stm32f10x_can.o
    0x08000c62   0x08000c62   0x00000002   PAD
    0x08000c64   0x08000c64   0x000000a0   Code   RO         1059    i.CAN_TransmitStatus  stm32f10x_can.o
    0x08000d04   0x08000d04   0x000000e4   Code   RO          589    i.Can_Receive_Handle  can.o
    0x08000de8   0x08000de8   0x00000068   Code   RO          591    i.Can_Send_Msg      can.o
    0x08000e50   0x08000e50   0x00000036   Code   RO          592    i.Can_send_par      can.o
    0x08000e86   0x08000e86   0x00000002   PAD
    0x08000e88   0x08000e88   0x00000048   Code   RO          272    i.CreateMenu        menu.o
    0x08000ed0   0x08000ed0   0x00000002   Code   RO          143    i.DebugMon_Handler  stm32f10x_it.o
    0x08000ed2   0x08000ed2   0x00000002   PAD
    0x08000ed4   0x08000ed4   0x0000004c   Code   RO         1557    i.FLASH_ErasePage   stm32f10x_flash.o
    0x08000f20   0x08000f20   0x00000034   Code   RO         1558    i.FLASH_GetBank1Status  stm32f10x_flash.o
    0x08000f54   0x08000f54   0x00000014   Code   RO         1567    i.FLASH_Lock        stm32f10x_flash.o
    0x08000f68   0x08000f68   0x00000040   Code   RO         1570    i.FLASH_ProgramHalfWord  stm32f10x_flash.o
    0x08000fa8   0x08000fa8   0x00000018   Code   RO         1575    i.FLASH_Unlock      stm32f10x_flash.o
    0x08000fc0   0x08000fc0   0x00000026   Code   RO         1579    i.FLASH_WaitForLastOperation  stm32f10x_flash.o
    0x08000fe6   0x08000fe6   0x00000116   Code   RO         1852    i.GPIO_Init         stm32f10x_gpio.o
    0x080010fc   0x080010fc   0x00000004   Code   RO         1859    i.GPIO_ResetBits    stm32f10x_gpio.o
    0x08001100   0x08001100   0x00000004   Code   RO         1860    i.GPIO_SetBits      stm32f10x_gpio.o
    0x08001104   0x08001104   0x00000024   Code   RO          273    i.GetName           menu.o
    0x08001128   0x08001128   0x00000022   Code   RO          274    i.GetPar            menu.o
    0x0800114a   0x0800114a   0x00000002   PAD
    0x0800114c   0x0800114c   0x00000034   Code   RO          375    i.Get_Adc           menu_key.o
    0x08001180   0x08001180   0x00000028   Code   RO          376    i.Get_Adc_Average   menu_key.o
    0x080011a8   0x080011a8   0x00000006   Code   RO          144    i.HardFault_Handler  stm32f10x_it.o
    0x080011ae   0x080011ae   0x00000002   PAD
    0x080011b0   0x080011b0   0x00000028   Code   RO          407    i.IIC_Start         oled.o
    0x080011d8   0x080011d8   0x00000020   Code   RO          408    i.IIC_Stop          oled.o
    0x080011f8   0x080011f8   0x00000018   Code   RO          409    i.IIC_Wait_Ack      oled.o
    0x08001210   0x08001210   0x00000324   Code   RO          377    i.Key_detect        menu_key.o
    0x08001534   0x08001534   0x00000004   Code   RO          145    i.MemManage_Handler  stm32f10x_it.o
    0x08001538   0x08001538   0x000000f8   Code   RO          275    i.Menu_AdjustPar    menu.o
    0x08001630   0x08001630   0x00000028   Code   RO          276    i.Menu_Init         menu.o
    0x08001658   0x08001658   0x000001d0   Code   RO          277    i.Menu_ShowPar      menu.o
    0x08001828   0x08001828   0x00000002   Code   RO          146    i.NMI_Handler       stm32f10x_it.o
    0x0800182a   0x0800182a   0x00000002   PAD
    0x0800182c   0x0800182c   0x00000070   Code   RO          701    i.NVIC_Init         misc.o
    0x0800189c   0x0800189c   0x00000014   Code   RO          702    i.NVIC_PriorityGroupConfig  misc.o
    0x080018b0   0x080018b0   0x0000003e   Code   RO          410    i.OLED_Clear        oled.o
    0x080018ee   0x080018ee   0x00000002   PAD
    0x080018f0   0x080018f0   0x00000140   Code   RO          414    i.OLED_Init         oled.o
    0x08001a30   0x08001a30   0x00000028   Code   RO          416    i.OLED_Set_Pos      oled.o
    0x08001a58   0x08001a58   0x000000a4   Code   RO          418    i.OLED_ShowChar     oled.o
    0x08001afc   0x08001afc   0x00000088   Code   RO          419    i.OLED_ShowNum      oled.o
    0x08001b84   0x08001b84   0x00000018   Code   RO          421    i.OLED_WR_Byte      oled.o
    0x08001b9c   0x08001b9c   0x00000016   Code   RO          422    i.Oled_Pow          oled.o
    0x08001bb2   0x08001bb2   0x00000002   Code   RO          147    i.PendSV_Handler    stm32f10x_it.o
    0x08001bb4   0x08001bb4   0x00000046   Code   RO          278    i.PrintAllMenu      menu.o
    0x08001bfa   0x08001bfa   0x00000066   Code   RO          279    i.PrintMenu         menu.o
    0x08001c60   0x08001c60   0x0000003e   Code   RO          280    i.PrintPar          menu.o
    0x08001c9e   0x08001c9e   0x00000002   PAD
    0x08001ca0   0x08001ca0   0x00000018   Code   RO         2266    i.RCC_ADCCLKConfig  stm32f10x_rcc.o
    0x08001cb8   0x08001cb8   0x00000020   Code   RO         2268    i.RCC_APB1PeriphClockCmd  stm32f10x_rcc.o
    0x08001cd8   0x08001cd8   0x00000020   Code   RO         2270    i.RCC_APB2PeriphClockCmd  stm32f10x_rcc.o
    0x08001cf8   0x08001cf8   0x00000020   Code   RO         2271    i.RCC_APB2PeriphResetCmd  stm32f10x_rcc.o
    0x08001d18   0x08001d18   0x0000002c   Code   RO          281    i.ReadFlash         menu.o
    0x08001d44   0x08001d44   0x00000022   Code   RO          549    i.STMFLASH_Read     flash.o
    0x08001d66   0x08001d66   0x00000006   Code   RO          550    i.STMFLASH_ReadHalfWord  flash.o
    0x08001d6c   0x08001d6c   0x000000e8   Code   RO          551    i.STMFLASH_Write    flash.o
    0x08001e54   0x08001e54   0x00000026   Code   RO          552    i.STMFLASH_Write_NoCheck  flash.o
    0x08001e7a   0x08001e7a   0x00000002   Code   RO          148    i.SVC_Handler       stm32f10x_it.o
    0x08001e7c   0x08001e7c   0x00000008   Code   RO          205    i.SetSysClock       system_stm32f10x.o
    0x08001e84   0x08001e84   0x000000e0   Code   RO          206    i.SetSysClockTo72   system_stm32f10x.o
    0x08001f64   0x08001f64   0x0000002c   Code   RO          638    i.Sk6812_Init       sk6812.o
    0x08001f90   0x08001f90   0x00000016   Code   RO          639    i.Sk6812_Reset      sk6812.o
    0x08001fa6   0x08001fa6   0x00000002   PAD
    0x08001fa8   0x08001fa8   0x000002fc   Code   RO          641    i.Sk6812_Sendone    sk6812.o
    0x080022a4   0x080022a4   0x00000028   Code   RO          705    i.SysTick_CLKSourceConfig  misc.o
    0x080022cc   0x080022cc   0x00000002   Code   RO          149    i.SysTick_Handler   stm32f10x_it.o
    0x080022ce   0x080022ce   0x00000002   PAD
    0x080022d0   0x080022d0   0x00000060   Code   RO          208    i.SystemInit        system_stm32f10x.o
    0x08002330   0x08002330   0x00000110   Code   RO            1    i.TIM3_IRQHandler   main.o
    0x08002440   0x08002440   0x00000060   Code   RO            2    i.TIM3_Int_Init     main.o
    0x080024a0   0x080024a0   0x00000006   Code   RO         2897    i.TIM_ClearITPendingBit  stm32f10x_tim.o
    0x080024a6   0x080024a6   0x00000018   Code   RO         2902    i.TIM_Cmd           stm32f10x_tim.o
    0x080024be   0x080024be   0x00000022   Code   RO         2923    i.TIM_GetITStatus   stm32f10x_tim.o
    0x080024e0   0x080024e0   0x00000012   Code   RO         2927    i.TIM_ITConfig      stm32f10x_tim.o
    0x080024f2   0x080024f2   0x00000002   PAD
    0x080024f4   0x080024f4   0x000000a4   Code   RO         2973    i.TIM_TimeBaseInit  stm32f10x_tim.o
    0x08002598   0x08002598   0x00000020   Code   RO          593    i.USB_LP_CAN1_RX0_IRQHandler  can.o
    0x080025b8   0x080025b8   0x00000004   Code   RO          150    i.UsageFault_Handler  stm32f10x_it.o
    0x080025bc   0x080025bc   0x0000002c   Code   RO          282    i.WriteFlash        menu.o
    0x080025e8   0x080025e8   0x00000054   Code   RO          423    i.Write_IIC_Byte    oled.o
    0x0800263c   0x0800263c   0x0000002c   Code   RO          424    i.Write_IIC_Command  oled.o
    0x08002668   0x08002668   0x0000002c   Code   RO          425    i.Write_IIC_Data    oled.o
    0x08002694   0x08002694   0x00000044   Code   RO          239    i.delay_init        delay.o
    0x080026d8   0x080026d8   0x0000004c   Code   RO          240    i.delay_ms          delay.o
    0x08002724   0x08002724   0x0000004c   Code   RO          242    i.delay_us          delay.o
    0x08002770   0x08002770   0x00000180   Code   RO            3    i.main              main.o
    0x080028f0   0x080028f0   0x0000001a   Code   RO          594    i.numtransfer       can.o
    0x0800290a   0x0800290a   0x00000002   PAD
    0x0800290c   0x0800290c   0x00000230   Code   RO          284    i.printnum          menu.o
    0x08002b3c   0x08002b3c   0x000000cc   Code   RO          285    i.showSpeed         menu.o
    0x08002c08   0x08002c08   0x00000062   Code   RO         3764    x$fpl$d2f           fz_ws.l(d2f.o)
    0x08002c6a   0x08002c6a   0x00000002   PAD
    0x08002c6c   0x08002c6c   0x00000150   Code   RO         3766    x$fpl$dadd          fz_ws.l(daddsub_clz.o)
    0x08002dbc   0x08002dbc   0x00000018   Code   RO         3879    x$fpl$dcmpinf       fz_ws.l(dcmpi.o)
    0x08002dd4   0x08002dd4   0x000002b0   Code   RO         3773    x$fpl$ddiv          fz_ws.l(ddiv.o)
    0x08003084   0x08003084   0x00000078   Code   RO         3776    x$fpl$deqf          fz_ws.l(deqf.o)
    0x080030fc   0x080030fc   0x0000005e   Code   RO         3778    x$fpl$dfix          fz_ws.l(dfix.o)
    0x0800315a   0x0800315a   0x0000002e   Code   RO         3783    x$fpl$dflt          fz_ws.l(dflt_clz.o)
    0x08003188   0x08003188   0x00000026   Code   RO         3782    x$fpl$dfltu         fz_ws.l(dflt_clz.o)
    0x080031ae   0x080031ae   0x00000002   PAD
    0x080031b0   0x080031b0   0x00000078   Code   RO         3788    x$fpl$dleqf         fz_ws.l(dleqf.o)
    0x08003228   0x08003228   0x00000154   Code   RO         3790    x$fpl$dmul          fz_ws.l(dmul.o)
    0x0800337c   0x0800337c   0x0000009c   Code   RO         3881    x$fpl$dnaninf       fz_ws.l(dnaninf.o)
    0x08003418   0x08003418   0x0000000c   Code   RO         3883    x$fpl$dretinf       fz_ws.l(dretinf.o)
    0x08003424   0x08003424   0x0000006c   Code   RO         3792    x$fpl$drleqf        fz_ws.l(drleqf.o)
    0x08003490   0x08003490   0x00000016   Code   RO         3767    x$fpl$drsb          fz_ws.l(daddsub_clz.o)
    0x080034a6   0x080034a6   0x00000002   PAD
    0x080034a8   0x080034a8   0x000001d4   Code   RO         3768    x$fpl$dsub          fz_ws.l(daddsub_clz.o)
    0x0800367c   0x0800367c   0x00000056   Code   RO         3794    x$fpl$f2d           fz_ws.l(f2d.o)
    0x080036d2   0x080036d2   0x00000002   PAD
    0x080036d4   0x080036d4   0x00000026   Code   RO         3796    x$fpl$ffltu         fz_ws.l(fflt_clz.o)
    0x080036fa   0x080036fa   0x0000008c   Code   RO         3885    x$fpl$fnaninf       fz_ws.l(fnaninf.o)
    0x08003786   0x08003786   0x0000000a   Code   RO         3887    x$fpl$fretinf       fz_ws.l(fretinf.o)
    0x08003790   0x08003790   0x00000000   Code   RO         3889    x$fpl$usenofp       fz_ws.l(usenofp.o)
    0x08003790   0x08003790   0x0000000f   Data   RO            5    .constdata          main.o
    0x0800379f   0x0800379f   0x00000818   Data   RO          426    .constdata          oled.o
    0x08003fb7   0x08003fb7   0x00000001   PAD
    0x08003fb8   0x08003fb8   0x00000007   Data   RO          595    .constdata          can.o
    0x08003fbf   0x08003fbf   0x00000001   PAD
    0x08003fc0   0x08003fc0   0x00000020   Data   RO         4012    Region$$Table       anon$$obj.o


    Execution Region RW_IRAM1 (Exec base: 0x20000000, Load base: 0x08003fe0, Size: 0x000011d8, Max: 0x00005000, ABSOLUTE)

    Exec Addr    Load Addr    Size         Type   Attr      Idx    E Section Name        Object

    0x20000000   0x08003fe0   0x00000012   Data   RW            6    .data               main.o
    0x20000012   0x08003ff2   0x00000002   PAD
    0x20000014   0x08003ff4   0x00000014   Data   RW          209    .data               system_stm32f10x.o
    0x20000028   0x08004008   0x00000004   Data   RW          243    .data               delay.o
    0x2000002c   0x0800400c   0x00000004   PAD
    0x20000030   0x08004010   0x00000054   Data   RW          286    .data               menu.o
    0x20000084   0x08004064   0x00000004   PAD
    0x20000088        -       0x000000f0   Zero   RW            4    .bss                main.o
    0x20000178        -       0x00000400   Zero   RW          554    .bss                flash.o
    0x20000578        -       0x00000060   Zero   RW         3893    .bss                c_w.l(libspace.o)
    0x200005d8        -       0x00000800   Zero   RW          695    HEAP                startup_stm32f10x_md.o
    0x20000dd8        -       0x00000400   Zero   RW          694    STACK               startup_stm32f10x_md.o


==============================================================================

Image component sizes


      Code (inc. data)   RO Data    RW Data    ZI Data      Debug   Object Name

       704         62          7          0          0       4641   can.o
         0          0          0          0          0         32   core_cm3.o
       220         26          0          4          0       1659   delay.o
       310         10          0          0       1024       3357   flash.o
       752        152         15         18        240     265249   main.o
      2016        118          0         84          0       9674   menu.o
      1036        100          0          0          0       2536   menu_key.o
       172         22          0          0          0       1981   misc.o
      1036         36       2072          0          0       8086   oled.o
       830          8          0          0          0       1774   sk6812.o
        64         26        236          0       3072        784   startup_stm32f10x_md.o
       486         24          0          0          0       8386   stm32f10x_adc.o
      1252         28          0          0          0       4965   stm32f10x_can.o
       274         30          0          0          0       3326   stm32f10x_flash.o
       286          0          0          0          0       2956   stm32f10x_gpio.o
        28          0          0          0          0       3850   stm32f10x_it.o
       120         24          0          0          0       2190   stm32f10x_rcc.o
       246         42          0          0          0       3438   stm32f10x_tim.o
       328         28          0         20          0       2165   system_stm32f10x.o

    ----------------------------------------------------------------------
     10192        736       2364        132       4340     331049   Object Totals
         0          0         32          0          0          0   (incl. Generated)
        32          0          2          6          4          0   (incl. Padding)

    ----------------------------------------------------------------------

      Code (inc. data)   RO Data    RW Data    ZI Data      Debug   Library Member Name

         8          0          0          0          0         68   __main.o
         0          0          0          0          0          0   __rtentry.o
        12          0          0          0          0          0   __rtentry2.o
         6          0          0          0          0          0   __rtentry4.o
        52          8          0          0          0          0   __scatter.o
        26          0          0          0          0          0   __scatter_copy.o
        28          0          0          0          0          0   __scatter_zi.o
        10          0          0          0          0         68   defsig_exit.o
        50          0          0          0          0         88   defsig_general.o
        80         58          0          0          0         76   defsig_rtmem_inner.o
        14          0          0          0          0         80   defsig_rtmem_outer.o
        18          0          0          0          0         80   exit.o
        94          0          0          0          0         80   h1_alloc.o
        52          0          0          0          0         68   h1_extend.o
        78          0          0          0          0         80   h1_free.o
        14          0          0          0          0         84   h1_init.o
         6          0          0          0          0        152   heapauxi.o
         4          0          0          0          0        136   hguard.o
         0          0          0          0          0          0   indicate_semi.o
       138          0          0          0          0        168   init_alloc.o
         2          0          0          0          0          0   libinit.o
        10          0          0          0          0          0   libinit2.o
         2          0          0          0          0          0   libshutdown.o
         2          0          0          0          0          0   libshutdown2.o
         8          4          0          0         96         68   libspace.o
         0          0          0          0          0          0   maybetermalloc1.o
         8          4          0          0          0         68   rt_heap_descriptor_intlibspace.o
         2          0          0          0          0          0   rtexit.o
        10          0          0          0          0          0   rtexit2.o
        12          4          0          0          0         68   sys_exit.o
        74          0          0          0          0         80   sys_stackheap_outer.o
        14          0          0          0          0         76   sys_wrch.o
         2          0          0          0          0         68   use_no_semi.o
        98          4          0          0          0         92   d2f.o
       826         16          0          0          0        348   daddsub_clz.o
        24          0          0          0          0         68   dcmpi.o
       688        140          0          0          0        208   ddiv.o
       120          4          0          0          0         92   deqf.o
        94          4          0          0          0         92   dfix.o
        84          0          0          0          0        136   dflt_clz.o
       120          4          0          0          0         92   dleqf.o
       340         12          0          0          0        104   dmul.o
       156          4          0          0          0         92   dnaninf.o
        12          0          0          0          0         68   dretinf.o
       108          0          0          0          0         80   drleqf.o
        86          4          0          0          0         84   f2d.o
        38          0          0          0          0         68   fflt_clz.o
       140          4          0          0          0         84   fnaninf.o
        10          0          0          0          0         68   fretinf.o
         0          0          0          0          0          0   usenofp.o

    ----------------------------------------------------------------------
      3796        274          0          0         96       3432   Library Totals
        16          0          0          0          0          0   (incl. Padding)

    ----------------------------------------------------------------------

      Code (inc. data)   RO Data    RW Data    ZI Data      Debug   Library Name

       836         78          0          0         96       1656   c_w.l
      2944        196          0          0          0       1776   fz_ws.l

    ----------------------------------------------------------------------
      3796        274          0          0         96       3432   Library Totals

    ----------------------------------------------------------------------

==============================================================================


      Code (inc. data)   RO Data    RW Data    ZI Data      Debug   

     13988       1010       2364        132       4436     327665   Grand Totals
     13988       1010       2364        132       4436     327665   ELF Image Totals
     13988       1010       2364        132          0          0   ROM Totals

==============================================================================

    Total RO  Size (Code + RO Data)                16352 (  15.97kB)
    Total RW  Size (RW Data + ZI Data)              4568 (   4.46kB)
    Total ROM Size (Code + RO Data + RW Data)      16484 (  16.10kB)

==============================================================================

