Component: ARM Compiler 5.06 update 6 (build 750) Tool: armlink [4d35ed]

==============================================================================

Section Cross References

    startup_stm32f103xb.o(RESET) refers to startup_stm32f103xb.o(STACK) for __initial_sp
    startup_stm32f103xb.o(RESET) refers to startup_stm32f103xb.o(.text) for Reset_Handler
    startup_stm32f103xb.o(RESET) refers to stm32f1xx_it.o(i.NMI_Handler) for NMI_Handler
    startup_stm32f103xb.o(RESET) refers to stm32f1xx_it.o(i.HardFault_Handler) for HardFault_Handler
    startup_stm32f103xb.o(RESET) refers to stm32f1xx_it.o(i.MemManage_Handler) for MemManage_Handler
    startup_stm32f103xb.o(RESET) refers to stm32f1xx_it.o(i.BusFault_Handler) for BusFault_Handler
    startup_stm32f103xb.o(RESET) refers to stm32f1xx_it.o(i.UsageFault_Handler) for UsageFault_Handler
    startup_stm32f103xb.o(RESET) refers to stm32f1xx_it.o(i.SVC_Handler) for SVC_Handler
    startup_stm32f103xb.o(RESET) refers to stm32f1xx_it.o(i.DebugMon_Handler) for DebugMon_Handler
    startup_stm32f103xb.o(RESET) refers to stm32f1xx_it.o(i.PendSV_Handler) for PendSV_Handler
    startup_stm32f103xb.o(RESET) refers to stm32f1xx_it.o(i.SysTick_Handler) for SysTick_Handler
    startup_stm32f103xb.o(RESET) refers to stm32f1xx_it.o(i.DMA1_Channel1_IRQHandler) for DMA1_Channel1_IRQHandler
    startup_stm32f103xb.o(RESET) refers to stm32f1xx_it.o(i.DMA1_Channel4_IRQHandler) for DMA1_Channel4_IRQHandler
    startup_stm32f103xb.o(RESET) refers to stm32f1xx_it.o(i.DMA1_Channel5_IRQHandler) for DMA1_Channel5_IRQHandler
    startup_stm32f103xb.o(RESET) refers to stm32f1xx_it.o(i.ADC1_2_IRQHandler) for ADC1_2_IRQHandler
    startup_stm32f103xb.o(RESET) refers to stm32f1xx_it.o(i.TIM1_UP_IRQHandler) for TIM1_UP_IRQHandler
    startup_stm32f103xb.o(RESET) refers to stm32f1xx_it.o(i.USART1_IRQHandler) for USART1_IRQHandler
    startup_stm32f103xb.o(.text) refers to system_stm32f1xx.o(i.SystemInit) for SystemInit
    startup_stm32f103xb.o(.text) refers to entry.o(.ARM.Collect$$$$00000000) for __main
    main.o(i.SystemClock_Config) refers to stm32f1xx_hal_rcc.o(i.HAL_RCC_OscConfig) for HAL_RCC_OscConfig
    main.o(i.SystemClock_Config) refers to main.o(i._Error_Handler) for _Error_Handler
    main.o(i.SystemClock_Config) refers to stm32f1xx_hal_rcc.o(i.HAL_RCC_ClockConfig) for HAL_RCC_ClockConfig
    main.o(i.SystemClock_Config) refers to stm32f1xx_hal_rcc_ex.o(i.HAL_RCCEx_PeriphCLKConfig) for HAL_RCCEx_PeriphCLKConfig
    main.o(i.SystemClock_Config) refers to stm32f1xx_hal_rcc.o(i.HAL_RCC_GetHCLKFreq) for HAL_RCC_GetHCLKFreq
    main.o(i.SystemClock_Config) refers to stm32f1xx_hal_cortex.o(i.HAL_SYSTICK_Config) for HAL_SYSTICK_Config
    main.o(i.SystemClock_Config) refers to stm32f1xx_hal_cortex.o(i.HAL_SYSTICK_CLKSourceConfig) for HAL_SYSTICK_CLKSourceConfig
    main.o(i.SystemClock_Config) refers to stm32f1xx_hal_cortex.o(i.HAL_NVIC_SetPriority) for HAL_NVIC_SetPriority
    main.o(i.main) refers to stm32f1xx_hal.o(i.HAL_Init) for HAL_Init
    main.o(i.main) refers to main.o(i.SystemClock_Config) for SystemClock_Config
    main.o(i.main) refers to gpio.o(i.MX_GPIO_Init) for MX_GPIO_Init
    main.o(i.main) refers to dma.o(i.MX_DMA_Init) for MX_DMA_Init
    main.o(i.main) refers to usart.o(i.MX_USART1_UART_Init) for MX_USART1_UART_Init
    main.o(i.main) refers to adc.o(i.MX_ADC1_Init) for MX_ADC1_Init
    main.o(i.main) refers to tim.o(i.MX_TIM1_Init) for MX_TIM1_Init
    main.o(i.main) refers to comtomaster.o(i.Mstr_COM_ModuleInit) for Mstr_COM_ModuleInit
    main.o(i.main) refers to stm32f1xx_hal.o(i.HAL_Delay) for HAL_Delay
    main.o(i.main) refers to stm32f1xx_hal_tim.o(i.HAL_TIM_Base_Start_IT) for HAL_TIM_Base_Start_IT
    main.o(i.main) refers to shootboard.o(i.DealSampleData) for DealSampleData
    main.o(i.main) refers to comtomaster.o(.bss) for Mstr_COM_Module
    main.o(i.main) refers to tim.o(.bss) for htim1
    gpio.o(i.MX_GPIO_Init) refers to stm32f1xx_hal_gpio.o(i.HAL_GPIO_Init) for HAL_GPIO_Init
    adc.o(i.HAL_ADC_ConvHalfCpltCallback) refers to shootboard.o(i.SaveSampleData) for SaveSampleData
    adc.o(i.HAL_ADC_ConvHalfCpltCallback) refers to adc.o(.data) for TestCnt
    adc.o(i.HAL_ADC_LevelOutOfWindowCallback) refers to shootboard.o(i.SetTrigValue) for SetTrigValue
    adc.o(i.HAL_ADC_LevelOutOfWindowCallback) refers to stm32f1xx_hal_cortex.o(i.HAL_NVIC_EnableIRQ) for HAL_NVIC_EnableIRQ
    adc.o(i.HAL_ADC_LevelOutOfWindowCallback) refers to adc.o(.data) for TrigCnt
    adc.o(i.HAL_ADC_LevelOutOfWindowCallback) refers to shootboard.o(.data) for Trig_X
    adc.o(i.HAL_ADC_MspDeInit) refers to stm32f1xx_hal_gpio.o(i.HAL_GPIO_DeInit) for HAL_GPIO_DeInit
    adc.o(i.HAL_ADC_MspDeInit) refers to stm32f1xx_hal_dma.o(i.HAL_DMA_DeInit) for HAL_DMA_DeInit
    adc.o(i.HAL_ADC_MspDeInit) refers to stm32f1xx_hal_cortex.o(i.HAL_NVIC_DisableIRQ) for HAL_NVIC_DisableIRQ
    adc.o(i.HAL_ADC_MspInit) refers to stm32f1xx_hal_gpio.o(i.HAL_GPIO_Init) for HAL_GPIO_Init
[...]
    Removing stm32f1xx_hal_uart.o(i.UART_DMARxOnlyAbortCallback), (24 bytes).
    Removing stm32f1xx_hal_uart.o(i.UART_DMATxAbortCallback), (52 bytes).
    Removing stm32f1xx_hal_uart.o(i.UART_DMATxOnlyAbortCallback), (24 bytes).
    Removing stm32f1xx_hal_uart.o(i.UART_WaitOnFlagUntilTimeout), (108 bytes).
    Removing stm32f1xx_hal.o(.rev16_text), (4 bytes).
    Removing stm32f1xx_hal.o(.revsh_text), (4 bytes).
    Removing stm32f1xx_hal.o(.rrx_text), (6 bytes).
    Removing stm32f1xx_hal.o(i.HAL_DBGMCU_DisableDBGSleepMode), (20 bytes).
    Removing stm32f1xx_hal.o(i.HAL_DBGMCU_DisableDBGStandbyMode), (20 bytes).
    Removing stm32f1xx_hal.o(i.HAL_DBGMCU_DisableDBGStopMode), (20 bytes).
    Removing stm32f1xx_hal.o(i.HAL_DBGMCU_EnableDBGSleepMode), (20 bytes).
    Removing stm32f1xx_hal.o(i.HAL_DBGMCU_EnableDBGStandbyMode), (20 bytes).
    Removing stm32f1xx_hal.o(i.HAL_DBGMCU_EnableDBGStopMode), (20 bytes).
    Removing stm32f1xx_hal.o(i.HAL_DeInit), (36 bytes).
    Removing stm32f1xx_hal.o(i.HAL_GetDEVID), (16 bytes).
    Removing stm32f1xx_hal.o(i.HAL_GetHalVersion), (8 bytes).
    Removing stm32f1xx_hal.o(i.HAL_GetREVID), (12 bytes).
    Removing stm32f1xx_hal.o(i.HAL_GetTickFreq), (12 bytes).
    Removing stm32f1xx_hal.o(i.HAL_GetTickPrio), (12 bytes).
    Removing stm32f1xx_hal.o(i.HAL_GetUID), (28 bytes).
    Removing stm32f1xx_hal.o(i.HAL_MspDeInit), (2 bytes).
    Removing stm32f1xx_hal.o(i.HAL_MspInit), (2 bytes).
    Removing stm32f1xx_hal.o(i.HAL_ResumeTick), (18 bytes).
    Removing stm32f1xx_hal.o(i.HAL_SetTickFreq), (40 bytes).
    Removing stm32f1xx_hal.o(i.HAL_SuspendTick), (18 bytes).
    Removing stm32f1xx_hal_rcc.o(.rev16_text), (4 bytes).
    Removing stm32f1xx_hal_rcc.o(.revsh_text), (4 bytes).
    Removing stm32f1xx_hal_rcc.o(.rrx_text), (6 bytes).
    Removing stm32f1xx_hal_rcc.o(i.HAL_RCC_CSSCallback), (2 bytes).
    Removing stm32f1xx_hal_rcc.o(i.HAL_RCC_DeInit), (264 bytes).
    Removing stm32f1xx_hal_rcc.o(i.HAL_RCC_DisableCSS), (12 bytes).
    Removing stm32f1xx_hal_rcc.o(i.HAL_RCC_EnableCSS), (12 bytes).
    Removing stm32f1xx_hal_rcc.o(i.HAL_RCC_GetClockConfig), (68 bytes).
    Removing stm32f1xx_hal_rcc.o(i.HAL_RCC_GetOscConfig), (200 bytes).
    Removing stm32f1xx_hal_rcc.o(i.HAL_RCC_MCOConfig), (100 bytes).
    Removing stm32f1xx_hal_rcc.o(i.HAL_RCC_NMI_IRQHandler), (32 bytes).
    Removing stm32f1xx_hal_rcc_ex.o(.rev16_text), (4 bytes).
    Removing stm32f1xx_hal_rcc_ex.o(.revsh_text), (4 bytes).
    Removing stm32f1xx_hal_rcc_ex.o(.rrx_text), (6 bytes).
    Removing stm32f1xx_hal_rcc_ex.o(i.HAL_RCCEx_GetPeriphCLKConfig), (60 bytes).
    Removing stm32f1xx_hal_rcc_ex.o(i.HAL_RCCEx_GetPeriphCLKFreq), (288 bytes).
    Removing stm32f1xx_hal_gpio.o(.rev16_text), (4 bytes).
    Removing stm32f1xx_hal_gpio.o(.revsh_text), (4 bytes).
    Removing stm32f1xx_hal_gpio.o(.rrx_text), (6 bytes).
    Removing stm32f1xx_hal_gpio.o(i.HAL_GPIO_DeInit), (312 bytes).
    Removing stm32f1xx_hal_gpio.o(i.HAL_GPIO_EXTI_Callback), (2 bytes).
    Removing stm32f1xx_hal_gpio.o(i.HAL_GPIO_EXTI_IRQHandler), (28 bytes).
    Removing stm32f1xx_hal_gpio.o(i.HAL_GPIO_LockPin), (46 bytes).
    Removing stm32f1xx_hal_gpio.o(i.HAL_GPIO_ReadPin), (16 bytes).
    Removing stm32f1xx_hal_gpio.o(i.HAL_GPIO_TogglePin), (8 bytes).
    Removing stm32f1xx_hal_gpio.o(i.HAL_GPIO_WritePin), (12 bytes).
    Removing stm32f1xx_hal_dma.o(.rev16_text), (4 bytes).
    Removing stm32f1xx_hal_dma.o(.revsh_text), (4 bytes).
    Removing stm32f1xx_hal_dma.o(.rrx_text), (6 bytes).
    Removing stm32f1xx_hal_dma.o(i.HAL_DMA_Abort), (58 bytes).
    Removing stm32f1xx_hal_dma.o(i.HAL_DMA_DeInit), (96 bytes).
    Removing stm32f1xx_hal_dma.o(i.HAL_DMA_GetError), (6 bytes).
    Removing stm32f1xx_hal_dma.o(i.HAL_DMA_GetState), (8 bytes).
    Removing stm32f1xx_hal_dma.o(i.HAL_DMA_PollForTransfer), (692 bytes).
    Removing stm32f1xx_hal_dma.o(i.HAL_DMA_RegisterCallback), (90 bytes).
    Removing stm32f1xx_hal_dma.o(i.HAL_DMA_Start), (114 bytes).
    Removing stm32f1xx_hal_dma.o(i.HAL_DMA_UnRegisterCallback), (106 bytes).
    Removing stm32f1xx_hal_cortex.o(.rev16_text), (4 bytes).
    Removing stm32f1xx_hal_cortex.o(.revsh_text), (4 bytes).
    Removing stm32f1xx_hal_cortex.o(.rrx_text), (6 bytes).
    Removing stm32f1xx_hal_cortex.o(i.HAL_NVIC_ClearPendingIRQ), (28 bytes).
    Removing stm32f1xx_hal_cortex.o(i.HAL_NVIC_GetActive), (40 bytes).
    Removing stm32f1xx_hal_cortex.o(i.HAL_NVIC_GetPendingIRQ), (40 bytes).
    Removing stm32f1xx_hal_cortex.o(i.HAL_NVIC_GetPriority), (148 bytes).
    Removing stm32f1xx_hal_cortex.o(i.HAL_NVIC_GetPriorityGrouping), (8 bytes).
    Removing stm32f1xx_hal_cortex.o(i.HAL_NVIC_SetPendingIRQ), (28 bytes).
    Removing stm32f1xx_hal_cortex.o(i.HAL_NVIC_SystemReset), (68 bytes).
    Removing stm32f1xx_hal_pwr.o(.rev16_text), (4 bytes).
    Removing stm32f1xx_hal_pwr.o(.revsh_text), (4 bytes).
    Removing stm32f1xx_hal_pwr.o(.rrx_text), (6 bytes).
    Removing stm32f1xx_hal_pwr.o(i.HAL_PWR_ConfigPVD), (180 bytes).
    Removing stm32f1xx_hal_pwr.o(i.HAL_PWR_DeInit), (28 bytes).
    Removing stm32f1xx_hal_pwr.o(i.HAL_PWR_DisableBkUpAccess), (12 bytes).
    Removing stm32f1xx_hal_pwr.o(i.HAL_PWR_DisablePVD), (12 bytes).
    Removing stm32f1xx_hal_pwr.o(i.HAL_PWR_DisableSEVOnPend), (20 bytes).
    Removing stm32f1xx_hal_pwr.o(i.HAL_PWR_DisableSleepOnExit), (20 bytes).
    Removing stm32f1xx_hal_pwr.o(i.HAL_PWR_DisableWakeUpPin), (28 bytes).
    Removing stm32f1xx_hal_pwr.o(i.HAL_PWR_EnableBkUpAccess), (12 bytes).
    Removing stm32f1xx_hal_pwr.o(i.HAL_PWR_EnablePVD), (12 bytes).
    Removing stm32f1xx_hal_pwr.o(i.HAL_PWR_EnableSEVOnPend), (20 bytes).
    Removing stm32f1xx_hal_pwr.o(i.HAL_PWR_EnableSleepOnExit), (20 bytes).
    Removing stm32f1xx_hal_pwr.o(i.HAL_PWR_EnableWakeUpPin), (28 bytes).
    Removing stm32f1xx_hal_pwr.o(i.HAL_PWR_EnterSLEEPMode), (32 bytes).
    Removing stm32f1xx_hal_pwr.o(i.HAL_PWR_EnterSTANDBYMode), (40 bytes).
    Removing stm32f1xx_hal_pwr.o(i.HAL_PWR_EnterSTOPMode), (84 bytes).
    Removing stm32f1xx_hal_pwr.o(i.HAL_PWR_PVDCallback), (2 bytes).
    Removing stm32f1xx_hal_pwr.o(i.HAL_PWR_PVD_IRQHandler), (32 bytes).
    Removing stm32f1xx_hal_pwr.o(i.PWR_OverloadWfe), (6 bytes).
    Removing stm32f1xx_hal_flash.o(.rev16_text), (4 bytes).
    Removing stm32f1xx_hal_flash.o(.revsh_text), (4 bytes).
    Removing stm32f1xx_hal_flash.o(.rrx_text), (6 bytes).
    Removing stm32f1xx_hal_flash.o(i.FLASH_Program_HalfWord), (32 bytes).
    Removing stm32f1xx_hal_flash.o(i.FLASH_SetErrorCode), (132 bytes).
    Removing stm32f1xx_hal_flash.o(i.FLASH_WaitForLastOperation), (112 bytes).
    Removing stm32f1xx_hal_flash.o(i.HAL_FLASH_EndOfOperationCallback), (2 bytes).
    Removing stm32f1xx_hal_flash.o(i.HAL_FLASH_GetError), (12 bytes).
    Removing stm32f1xx_hal_flash.o(i.HAL_FLASH_IRQHandler), (384 bytes).
    Removing stm32f1xx_hal_flash.o(i.HAL_FLASH_Lock), (20 bytes).
    Removing stm32f1xx_hal_flash.o(i.HAL_FLASH_OB_Launch), (8 bytes).
    Removing stm32f1xx_hal_flash.o(i.HAL_FLASH_OB_Lock), (20 bytes).
    Removing stm32f1xx_hal_flash.o(i.HAL_FLASH_OB_Unlock), (44 bytes).
    Removing stm32f1xx_hal_flash.o(i.HAL_FLASH_OperationErrorCallback), (2 bytes).
    Removing stm32f1xx_hal_flash.o(i.HAL_FLASH_Program), (176 bytes).
    Removing stm32f1xx_hal_flash.o(i.HAL_FLASH_Program_IT), (124 bytes).
    Removing stm32f1xx_hal_flash.o(i.HAL_FLASH_Unlock), (48 bytes).
    Removing stm32f1xx_hal_flash.o(.bss), (32 bytes).
    Removing stm32f1xx_hal_flash_ex.o(.rev16_text), (4 bytes).
    Removing stm32f1xx_hal_flash_ex.o(.revsh_text), (4 bytes).
    Removing stm32f1xx_hal_flash_ex.o(.rrx_text), (6 bytes).
    Removing stm32f1xx_hal_flash_ex.o(i.FLASH_MassErase), (40 bytes).
    Removing stm32f1xx_hal_flash_ex.o(i.FLASH_OB_DisableWRP), (232 bytes).
    Removing stm32f1xx_hal_flash_ex.o(i.FLASH_OB_EnableWRP), (236 bytes).
    Removing stm32f1xx_hal_flash_ex.o(i.FLASH_OB_GetRDP), (28 bytes).
    Removing stm32f1xx_hal_flash_ex.o(i.FLASH_OB_GetUser), (16 bytes).
    Removing stm32f1xx_hal_flash_ex.o(i.FLASH_OB_GetWRP), (12 bytes).
    Removing stm32f1xx_hal_flash_ex.o(i.FLASH_OB_ProgramData), (76 bytes).
    Removing stm32f1xx_hal_flash_ex.o(i.FLASH_OB_RDP_LevelConfig), (124 bytes).
    Removing stm32f1xx_hal_flash_ex.o(i.FLASH_OB_UserConfig), (84 bytes).
    Removing stm32f1xx_hal_flash_ex.o(i.FLASH_PageErase), (40 bytes).
    Removing stm32f1xx_hal_flash_ex.o(i.HAL_FLASHEx_Erase), (176 bytes).
    Removing stm32f1xx_hal_flash_ex.o(i.HAL_FLASHEx_Erase_IT), (100 bytes).
    Removing stm32f1xx_hal_flash_ex.o(i.HAL_FLASHEx_OBErase), (96 bytes).
    Removing stm32f1xx_hal_flash_ex.o(i.HAL_FLASHEx_OBGetConfig), (28 bytes).
    Removing stm32f1xx_hal_flash_ex.o(i.HAL_FLASHEx_OBGetUserData), (40 bytes).
    Removing stm32f1xx_hal_flash_ex.o(i.HAL_FLASHEx_OBProgram), (200 bytes).
    Removing system_stm32f1xx.o(.rev16_text), (4 bytes).
    Removing system_stm32f1xx.o(.revsh_text), (4 bytes).
    Removing system_stm32f1xx.o(.rrx_text), (6 bytes).
    Removing system_stm32f1xx.o(i.SystemCoreClockUpdate), (164 bytes).
    Removing half_duplex.o(.rev16_text), (4 bytes).
    Removing half_duplex.o(.revsh_text), (4 bytes).
    Removing half_duplex.o(.rrx_text), (6 bytes).
    Removing half_duplex.o(.bss), (68 bytes).
    Removing fifo.o(i.GetDataNumInFIFO), (26 bytes).
    Removing comunication.o(.rev16_text), (4 bytes).
    Removing comunication.o(.revsh_text), (4 bytes).
    Removing comunication.o(.rrx_text), (6 bytes).
    Removing comunication.o(i.COM_SendUnformatData), (52 bytes).
    Removing comunication.o(i.SendData_Safely), (32 bytes).
    Removing comunication.o(i.fputc), (132 bytes).
    Removing com_candriver.o(.rev16_text), (4 bytes).
    Removing com_candriver.o(.revsh_text), (4 bytes).
    Removing com_candriver.o(.rrx_text), (6 bytes).
    Removing com_usermodules.o(.rev16_text), (4 bytes).
    Removing com_usermodules.o(.revsh_text), (4 bytes).
    Removing com_usermodules.o(.rrx_text), (6 bytes).
    Removing comtomaster.o(.rev16_text), (4 bytes).
    Removing comtomaster.o(.revsh_text), (4 bytes).
    Removing comtomaster.o(.rrx_text), (6 bytes).
    Removing masterdatadeal.o(.rev16_text), (4 bytes).
    Removing masterdatadeal.o(.revsh_text), (4 bytes).
    Removing masterdatadeal.o(.rrx_text), (6 bytes).
    Removing shootboard.o(.rev16_text), (4 bytes).
    Removing shootboard.o(.revsh_text), (4 bytes).
    Removing shootboard.o(.rrx_text), (6 bytes).
    Removing shootboard.o(i.ADC_DMA_NormalModeEnable), (52 bytes).

394 unused section(s) (total 27294 bytes) removed from the image.

==============================================================================

Image Symbol Table

    Local Symbols

    Symbol Name                              Value     Ov Type        Size  Object(Section)

    ..//Src/system_stm32f1xx.c               0x00000000   Number         0  system_stm32f1xx.o ABSOLUTE
    ../Drivers/STM32F1xx_HAL_Driver/Src/stm32f1xx_hal.c 0x00000000   Number         0  stm32f1xx_hal.o ABSOLUTE
    ../Drivers/STM32F1xx_HAL_Driver/Src/stm32f1xx_hal_adc.c 0x00000000   Number         0  stm32f1xx_hal_adc.o ABSOLUTE
    ../Drivers/STM32F1xx_HAL_Driver/Src/stm32f1xx_hal_adc_ex.c 0x00000000   Number         0  stm32f1xx_hal_adc_ex.o ABSOLUTE
    ../Drivers/STM32F1xx_HAL_Driver/Src/stm32f1xx_hal_cortex.c 0x00000000   Number         0  stm32f1xx_hal_cortex.o ABSOLUTE
    ../Drivers/STM32F1xx_HAL_Driver/Src/stm32f1xx_hal_dma.c 0x00000000   Number         0  stm32f1xx_hal_dma.o ABSOLUTE
    ../Drivers/STM32F1xx_HAL_Driver/Src/stm32f1xx_hal_flash.c 0x00000000   Number         0  stm32f1xx_hal_flash.o ABSOLUTE
    ../Drivers/STM32F1xx_HAL_Driver/Src/stm32f1xx_hal_flash_ex.c 0x00000000   Number         0  stm32f1xx_hal_flash_ex.o ABSOLUTE
    ../Drivers/STM32F1xx_HAL_Driver/Src/stm32f1xx_hal_gpio.c 0x00000000   Number         0  stm32f1xx_hal_gpio.o ABSOLUTE
    ../Drivers/STM32F1xx_HAL_Driver/Src/stm32f1xx_hal_gpio_ex.c 0x00000000   Number         0  stm32f1xx_hal_gpio_ex.o ABSOLUTE
    ../Drivers/STM32F1xx_HAL_Driver/Src/stm32f1xx_hal_pwr.c 0x00000000   Number         0  stm32f1xx_hal_pwr.o ABSOLUTE
    ../Drivers/STM32F1xx_HAL_Driver/Src/stm32f1xx_hal_rcc.c 0x00000000   Number         0  stm32f1xx_hal_rcc.o ABSOLUTE
    ../Drivers/STM32F1xx_HAL_Driver/Src/stm32f1xx_hal_rcc_ex.c 0x00000000   Number         0  stm32f1xx_hal_rcc_ex.o ABSOLUTE
    ../Drivers/STM32F1xx_HAL_Driver/Src/stm32f1xx_hal_tim.c 0x00000000   Number         0  stm32f1xx_hal_tim.o ABSOLUTE
    ../Drivers/STM32F1xx_HAL_Driver/Src/stm32f1xx_hal_tim_ex.c 0x00000000   Number         0  stm32f1xx_hal_tim_ex.o ABSOLUTE
    ../Drivers/STM32F1xx_HAL_Driver/Src/stm32f1xx_hal_uart.c 0x00000000   Number         0  stm32f1xx_hal_uart.o ABSOLUTE
    ../Src/adc.c                             0x00000000   Number         0  adc.o ABSOLUTE
    ../Src/dma.c                             0x00000000   Number         0  dma.o ABSOLUTE
    ../Src/gpio.c                            0x00000000   Number         0  gpio.o ABSOLUTE
    ../Src/main.c                            0x00000000   Number         0  main.o ABSOLUTE
    ../Src/stm32f1xx_hal_msp.c               0x00000000   Number         0  stm32f1xx_hal_msp.o ABSOLUTE
    ../Src/stm32f1xx_it.c                    0x00000000   Number         0  stm32f1xx_it.o ABSOLUTE
    ../Src/tim.c                             0x00000000   Number         0  tim.o ABSOLUTE
    ../Src/usart.c                           0x00000000   Number         0  usart.o ABSOLUTE
    ../clib/microlib/init/entry.s            0x00000000   Number         0  entry11b.o ABSOLUTE
    ../clib/microlib/init/entry.s            0x00000000   Number         0  entry11a.o ABSOLUTE
    ../clib/microlib/init/entry.s            0x00000000   Number         0  entry10b.o ABSOLUTE
    ../clib/microlib/init/entry.s            0x00000000   Number         0  entry10a.o ABSOLUTE
    ../clib/microlib/init/entry.s            0x00000000   Number         0  entry7b.o ABSOLUTE
    ../clib/microlib/init/entry.s            0x00000000   Number         0  entry.o ABSOLUTE
    ../clib/microlib/init/entry.s            0x00000000   Number         0  entry5.o ABSOLUTE
    ../clib/microlib/init/entry.s            0x00000000   Number         0  entry8a.o ABSOLUTE
    ../clib/microlib/init/entry.s            0x00000000   Number         0  entry8b.o ABSOLUTE
    ../clib/microlib/init/entry.s            0x00000000   Number         0  entry9a.o ABSOLUTE
    ../clib/microlib/init/entry.s            0x00000000   Number         0  entry7a.o ABSOLUTE
    ../clib/microlib/init/entry.s            0x00000000   Number         0  entry9b.o ABSOLUTE
    ../clib/microlib/init/entry.s            0x00000000   Number         0  entry2.o ABSOLUTE
    ../clib/microlib/longlong.c              0x00000000   Number         0  llushr.o ABSOLUTE
    ../clib/microlib/string/memcpy.c         0x00000000   Number         0  memcpya.o ABSOLUTE
    ../clib/microlib/string/memcpy.c         0x00000000   Number         0  memcpyb.o ABSOLUTE
    ..\Drivers\STM32F1xx_HAL_Driver\Src\stm32f1xx_hal.c 0x00000000   Number         0  stm32f1xx_hal.o ABSOLUTE
    ..\Drivers\STM32F1xx_HAL_Driver\Src\stm32f1xx_hal_adc.c 0x00000000   Number         0  stm32f1xx_hal_adc.o ABSOLUTE
    ..\Drivers\STM32F1xx_HAL_Driver\Src\stm32f1xx_hal_adc_ex.c 0x00000000   Number         0  stm32f1xx_hal_adc_ex.o ABSOLUTE
    ..\Drivers\STM32F1xx_HAL_Driver\Src\stm32f1xx_hal_cortex.c 0x00000000   Number         0  stm32f1xx_hal_cortex.o ABSOLUTE
    ..\Drivers\STM32F1xx_HAL_Driver\Src\stm32f1xx_hal_dma.c 0x00000000   Number         0  stm32f1xx_hal_dma.o ABSOLUTE
    ..\Drivers\STM32F1xx_HAL_Driver\Src\stm32f1xx_hal_flash.c 0x00000000   Number         0  stm32f1xx_hal_flash.o ABSOLUTE
    ..\Drivers\STM32F1xx_HAL_Driver\Src\stm32f1xx_hal_flash_ex.c 0x00000000   Number         0  stm32f1xx_hal_flash_ex.o ABSOLUTE
    ..\Drivers\STM32F1xx_HAL_Driver\Src\stm32f1xx_hal_gpio.c 0x00000000   Number         0  stm32f1xx_hal_gpio.o ABSOLUTE
    ..\Drivers\STM32F1xx_HAL_Driver\Src\stm32f1xx_hal_gpio_ex.c 0x00000000   Number         0  stm32f1xx_hal_gpio_ex.o ABSOLUTE
    ..\Drivers\STM32F1xx_HAL_Driver\Src\stm32f1xx_hal_pwr.c 0x00000000   Number         0  stm32f1xx_hal_pwr.o ABSOLUTE
    ..\Drivers\STM32F1xx_HAL_Driver\Src\stm32f1xx_hal_rcc.c 0x00000000   Number         0  stm32f1xx_hal_rcc.o ABSOLUTE
    ..\Drivers\STM32F1xx_HAL_Driver\Src\stm32f1xx_hal_rcc_ex.c 0x00000000   Number         0  stm32f1xx_hal_rcc_ex.o ABSOLUTE
    ..\Drivers\STM32F1xx_HAL_Driver\Src\stm32f1xx_hal_tim.c 0x00000000   Number         0  stm32f1xx_hal_tim.o ABSOLUTE
    ..\Drivers\STM32F1xx_HAL_Driver\Src\stm32f1xx_hal_tim_ex.c 0x00000000   Number         0  stm32f1xx_hal_tim_ex.o ABSOLUTE
    ..\Drivers\STM32F1xx_HAL_Driver\Src\stm32f1xx_hal_uart.c 0x00000000   Number         0  stm32f1xx_hal_uart.o ABSOLUTE
    ..\HEROLib\Dev_Interface\Comunication\Com_CanDriver.c 0x00000000   Number         0  com_candriver.o ABSOLUTE
    ..\HEROLib\Dev_Interface\Comunication\Com_UserModules.c 0x00000000   Number         0  com_usermodules.o ABSOLUTE
    ..\HEROLib\Dev_Interface\Comunication\Comunication.c 0x00000000   Number         0  comunication.o ABSOLUTE
    ..\HEROLib\Devices\Master_Communication\ComToMaster.c 0x00000000   Number         0  comtomaster.o ABSOLUTE
    ..\HEROLib\Devices\Master_Communication\MasterDataDeal.c 0x00000000   Number         0  masterdatadeal.o ABSOLUTE
    ..\HEROLib\Devices\ShootBoard\ShootBoard.c 0x00000000   Number         0  shootboard.o ABSOLUTE
    ..\HEROLib\Universal\FIFO\FIFO.c         0x00000000   Number         0  fifo.o ABSOLUTE
    ..\HEROLib\Universal\Simu_Half_Duplex\Half_Duplex.c 0x00000000   Number         0  half_duplex.o ABSOLUTE
    ..\Src\adc.c                             0x00000000   Number         0  adc.o ABSOLUTE
    ..\Src\dma.c                             0x00000000   Number         0  dma.o ABSOLUTE
    ..\Src\gpio.c                            0x00000000   Number         0  gpio.o ABSOLUTE
    ..\Src\main.c                            0x00000000   Number         0  main.o ABSOLUTE
    ..\Src\stm32f1xx_hal_msp.c               0x00000000   Number         0  stm32f1xx_hal_msp.o ABSOLUTE
    ..\Src\stm32f1xx_it.c                    0x00000000   Number         0  stm32f1xx_it.o ABSOLUTE
    ..\Src\tim.c                             0x00000000   Number         0  tim.o ABSOLUTE
    ..\Src\usart.c                           0x00000000   Number         0  usart.o ABSOLUTE
    ..\\HEROLib\\Dev_Interface\\Comunication\\Com_CanDriver.c 0x00000000   Number         0  com_candriver.o ABSOLUTE
    ..\\HEROLib\\Dev_Interface\\Comunication\\Com_UserModules.c 0x00000000   Number         0  com_usermodules.o ABSOLUTE
    ..\\HEROLib\\Dev_Interface\\Comunication\\Comunication.c 0x00000000   Number         0  comunication.o ABSOLUTE
    ..\\HEROLib\\Devices\\Master_Communication\\ComToMaster.c 0x00000000   Number         0  comtomaster.o ABSOLUTE
    ..\\HEROLib\\Devices\\Master_Communication\\MasterDataDeal.c 0x00000000   Number         0  masterdatadeal.o ABSOLUTE
    ..\\HEROLib\\Devices\\ShootBoard\\ShootBoard.c 0x00000000   Number         0  shootboard.o ABSOLUTE
    ..\\HEROLib\\Universal\\Simu_Half_Duplex\\Half_Duplex.c 0x00000000   Number         0  half_duplex.o ABSOLUTE
    ..\\Src\system_stm32f1xx.c               0x00000000   Number         0  system_stm32f1xx.o ABSOLUTE
    dc.s                                     0x00000000   Number         0  dc.o ABSOLUTE
    handlers.s                               0x00000000   Number         0  handlers.o ABSOLUTE
    init.s                                   0x00000000   Number         0  init.o ABSOLUTE
    startup_stm32f103xb.s                    0x00000000   Number         0  startup_stm32f103xb.o ABSOLUTE
    RESET                                    0x08000000   Section      236  startup_stm32f103xb.o(RESET)
    .ARM.Collect$$$$00000000                 0x080000ec   Section        0  entry.o(.ARM.Collect$$$$00000000)
    .ARM.Collect$$$$00000001                 0x080000ec   Section        4  entry2.o(.ARM.Collect$$$$00000001)
    .ARM.Collect$$$$00000004                 0x080000f0   Section        4  entry5.o(.ARM.Collect$$$$00000004)
    .ARM.Collect$$$$00000008                 0x080000f4   Section        0  entry7b.o(.ARM.Collect$$$$00000008)
    .ARM.Collect$$$$0000000A                 0x080000f4   Section        0  entry8b.o(.ARM.Collect$$$$0000000A)
    .ARM.Collect$$$$0000000B                 0x080000f4   Section        8  entry9a.o(.ARM.Collect$$$$0000000B)
    .ARM.Collect$$$$0000000D                 0x080000fc   Section        0  entry10a.o(.ARM.Collect$$$$0000000D)
    .ARM.Collect$$$$0000000F                 0x080000fc   Section        0  entry11a.o(.ARM.Collect$$$$0000000F)
    .ARM.Collect$$$$00002712                 0x080000fc   Section        4  entry2.o(.ARM.Collect$$$$00002712)
    __lit__00000000                          0x080000fc   Data           4  entry2.o(.ARM.Collect$$$$00002712)
    .text                                    0x08000100   Section       36  startup_stm32f103xb.o(.text)
    .text                                    0x08000124   Section        0  memcpya.o(.text)
    .text                                    0x08000148   Section       36  init.o(.text)
    i.ADC1_2_IRQHandler                      0x0800016c   Section        0  stm32f1xx_it.o(i.ADC1_2_IRQHandler)
    i.ADC_ConversionStop_Disable             0x0800017c   Section        0  stm32f1xx_hal_adc.o(i.ADC_ConversionStop_Disable)
    i.ADC_DMAConvCplt                        0x080001ce   Section        0  stm32f1xx_hal_adc.o(i.ADC_DMAConvCplt)
    i.ADC_DMAError                           0x08000220   Section        0  stm32f1xx_hal_adc.o(i.ADC_DMAError)
    i.ADC_DMAHalfConvCplt                    0x0800023e   Section        0  stm32f1xx_hal_adc.o(i.ADC_DMAHalfConvCplt)
    i.ADC_Enable                             0x0800024c   Section        0  stm32f1xx_hal_adc.o(i.ADC_Enable)
    i.BlockErrorHandler                      0x080002d0   Section        0  half_duplex.o(i.BlockErrorHandler)
    i.BlockHandler                           0x080002d4   Section        0  comtomaster.o(i.BlockHandler)
    BlockHandler                             0x080002d5   Thumb Code    16  comtomaster.o(i.BlockHandler)
    i.BusFault_Handler                       0x080002e8   Section        0  stm32f1xx_it.o(i.BusFault_Handler)
    i.COM_ModuleErrorHandler                 0x080002ec   Section        0  comunication.o(i.COM_ModuleErrorHandler)
    i.COM_SendDataInTxBuffer                 0x08000304   Section        0  comunication.o(i.COM_SendDataInTxBuffer)
    i.COM_SendData_Unsafe                    0x0800032e   Section        0  comunication.o(i.COM_SendData_Unsafe)
    COM_SendData_Unsafe                      0x0800032f   Thumb Code    40  comunication.o(i.COM_SendData_Unsafe)
    i.COM_UART_StructInit                    0x08000358   Section        0  comunication.o(i.COM_UART_StructInit)
    i.CaptureShoot                           0x080003c4   Section        0  shootboard.o(i.CaptureShoot)
    i.Check_FindHead                         0x0800042c   Section        0  comtomaster.o(i.Check_FindHead)
    Check_FindHead                           0x0800042d   Thumb Code    70  comtomaster.o(i.Check_FindHead)
    i.DMA1_Channel1_IRQHandler               0x08000474   Section        0  stm32f1xx_it.o(i.DMA1_Channel1_IRQHandler)
    i.DMA1_Channel4_IRQHandler               0x08000484   Section        0  stm32f1xx_it.o(i.DMA1_Channel4_IRQHandler)
    i.DMA1_Channel5_IRQHandler               0x08000494   Section        0  stm32f1xx_it.o(i.DMA1_Channel5_IRQHandler)
    i.DMA_SetConfig                          0x080004a4   Section        0  stm32f1xx_hal_dma.o(i.DMA_SetConfig)
    DMA_SetConfig                            0x080004a5   Thumb Code    44  stm32f1xx_hal_dma.o(i.DMA_SetConfig)
    i.DeInitBoard                            0x080004d0   Section        0  shootboard.o(i.DeInitBoard)
    i.DealMstrData                           0x080004dc   Section        0  comtomaster.o(i.DealMstrData)
    DealMstrData                             0x080004dd   Thumb Code   158  comtomaster.o(i.DealMstrData)
    i.DealSampleData                         0x08000584   Section        0  shootboard.o(i.DealSampleData)
    i.DebugMon_Handler                       0x08000628   Section        0  stm32f1xx_it.o(i.DebugMon_Handler)
    i.FIFO_Init                              0x0800062a   Section        0  fifo.o(i.FIFO_Init)
    i.FIFO_ReadData                          0x08000650   Section        0  fifo.o(i.FIFO_ReadData)
    i.FIFO_SaveData                          0x080006b0   Section        0  fifo.o(i.FIFO_SaveData)
    i.GetAddCheck                            0x08000710   Section        0  comtomaster.o(i.GetAddCheck)
    GetAddCheck                              0x08000711   Thumb Code    24  comtomaster.o(i.GetAddCheck)
    i.GetInitData                            0x08000728   Section        0  shootboard.o(i.GetInitData)
    i.GetMsgFromMstrBuffer                   0x0800074c   Section        0  masterdatadeal.o(i.GetMsgFromMstrBuffer)
    i.GetSampleData                          0x08000800   Section        0  shootboard.o(i.GetSampleData)
    i.GetTxData                              0x08000858   Section        0  masterdatadeal.o(i.GetTxData)
    i.HAL_ADCEx_InjectedConvCpltCallback     0x080008b0   Section        0  stm32f1xx_hal_adc_ex.o(i.HAL_ADCEx_InjectedConvCpltCallback)
    i.HAL_ADC_AnalogWDGConfig                0x080008b4   Section        0  stm32f1xx_hal_adc.o(i.HAL_ADC_AnalogWDGConfig)
    i.HAL_ADC_ConfigChannel                  0x08000948   Section        0  stm32f1xx_hal_adc.o(i.HAL_ADC_ConfigChannel)
    i.HAL_ADC_ConvCpltCallback               0x08000aa8   Section        0  stm32f1xx_hal_adc.o(i.HAL_ADC_ConvCpltCallback)
    i.HAL_ADC_ConvHalfCpltCallback           0x08000aac   Section        0  adc.o(i.HAL_ADC_ConvHalfCpltCallback)
    i.HAL_ADC_ErrorCallback                  0x08000ac4   Section        0  stm32f1xx_hal_adc.o(i.HAL_ADC_ErrorCallback)
    i.HAL_ADC_IRQHandler                     0x08000ac6   Section        0  stm32f1xx_hal_adc.o(i.HAL_ADC_IRQHandler)
    i.HAL_ADC_Init                           0x08000be8   Section        0  stm32f1xx_hal_adc.o(i.HAL_ADC_Init)
    i.HAL_ADC_LevelOutOfWindowCallback       0x08000d2c   Section        0  adc.o(i.HAL_ADC_LevelOutOfWindowCallback)
    i.HAL_ADC_MspInit                        0x08000da8   Section        0  adc.o(i.HAL_ADC_MspInit)
    i.HAL_ADC_Start_DMA                      0x08000e58   Section        0  stm32f1xx_hal_adc.o(i.HAL_ADC_Start_DMA)
    i.HAL_DMA_Abort_IT                       0x08000fd8   Section        0  stm32f1xx_hal_dma.o(i.HAL_DMA_Abort_IT)
    i.HAL_DMA_IRQHandler                     0x08001088   Section        0  stm32f1xx_hal_dma.o(i.HAL_DMA_IRQHandler)
    i.HAL_DMA_Init                           0x08001224   Section        0  stm32f1xx_hal_dma.o(i.HAL_DMA_Init)
    i.HAL_DMA_Start_IT                       0x08001294   Section        0  stm32f1xx_hal_dma.o(i.HAL_DMA_Start_IT)
    i.HAL_Delay                              0x08001330   Section        0  stm32f1xx_hal.o(i.HAL_Delay)
    i.HAL_GPIO_Init                          0x08001358   Section        0  stm32f1xx_hal_gpio.o(i.HAL_GPIO_Init)
    i.HAL_GetTick                            0x08001674   Section        0  stm32f1xx_hal.o(i.HAL_GetTick)
    i.HAL_IncTick                            0x08001680   Section        0  stm32f1xx_hal.o(i.HAL_IncTick)
    i.HAL_Init                               0x08001698   Section        0  stm32f1xx_hal.o(i.HAL_Init)
    i.HAL_InitTick                           0x080016c0   Section        0  stm32f1xx_hal.o(i.HAL_InitTick)
    i.HAL_MspInit                            0x0800170c   Section        0  stm32f1xx_hal_msp.o(i.HAL_MspInit)
    i.HAL_NVIC_DisableIRQ                    0x080017b4   Section        0  stm32f1xx_hal_cortex.o(i.HAL_NVIC_DisableIRQ)
    i.HAL_NVIC_EnableIRQ                     0x080017d0   Section        0  stm32f1xx_hal_cortex.o(i.HAL_NVIC_EnableIRQ)
    i.HAL_NVIC_SetPriority                   0x080017ea   Section        0  stm32f1xx_hal_cortex.o(i.HAL_NVIC_SetPriority)
    i.HAL_NVIC_SetPriorityGrouping           0x08001868   Section        0  stm32f1xx_hal_cortex.o(i.HAL_NVIC_SetPriorityGrouping)
    i.HAL_RCCEx_PeriphCLKConfig              0x08001890   Section        0  stm32f1xx_hal_rcc_ex.o(i.HAL_RCCEx_PeriphCLKConfig)
    i.HAL_RCC_ClockConfig                    0x080019c0   Section        0  stm32f1xx_hal_rcc.o(i.HAL_RCC_ClockConfig)
    i.HAL_RCC_GetHCLKFreq                    0x08001b64   Section        0  stm32f1xx_hal_rcc.o(i.HAL_RCC_GetHCLKFreq)
    i.HAL_RCC_GetPCLK1Freq                   0x08001b70   Section        0  stm32f1xx_hal_rcc.o(i.HAL_RCC_GetPCLK1Freq)
    i.HAL_RCC_GetPCLK2Freq                   0x08001b90   Section        0  stm32f1xx_hal_rcc.o(i.HAL_RCC_GetPCLK2Freq)
    i.HAL_RCC_GetSysClockFreq                0x08001bb0   Section        0  stm32f1xx_hal_rcc.o(i.HAL_RCC_GetSysClockFreq)
    i.HAL_RCC_OscConfig                      0x08001c44   Section        0  stm32f1xx_hal_rcc.o(i.HAL_RCC_OscConfig)
    i.HAL_SYSTICK_CLKSourceConfig            0x08002084   Section        0  stm32f1xx_hal_cortex.o(i.HAL_SYSTICK_CLKSourceConfig)
    i.HAL_SYSTICK_Callback                   0x080020ac   Section        0  stm32f1xx_hal_cortex.o(i.HAL_SYSTICK_Callback)
    i.HAL_SYSTICK_Config                     0x080020ae   Section        0  stm32f1xx_hal_cortex.o(i.HAL_SYSTICK_Config)
    i.HAL_SYSTICK_IRQHandler                 0x080020e2   Section        0  stm32f1xx_hal_cortex.o(i.HAL_SYSTICK_IRQHandler)
    i.HAL_TIMEx_BreakCallback                0x080020ea   Section        0  stm32f1xx_hal_tim_ex.o(i.HAL_TIMEx_BreakCallback)
    i.HAL_TIMEx_CommutationCallback          0x080020ec   Section        0  stm32f1xx_hal_tim_ex.o(i.HAL_TIMEx_CommutationCallback)
    i.HAL_TIMEx_MasterConfigSynchronization  0x080020ee   Section        0  stm32f1xx_hal_tim_ex.o(i.HAL_TIMEx_MasterConfigSynchronization)
    i.HAL_TIM_Base_Init                      0x08002150   Section        0  stm32f1xx_hal_tim.o(i.HAL_TIM_Base_Init)
    i.HAL_TIM_Base_MspInit                   0x08002184   Section        0  tim.o(i.HAL_TIM_Base_MspInit)
    i.HAL_TIM_Base_Start_IT                  0x080021c8   Section        0  stm32f1xx_hal_tim.o(i.HAL_TIM_Base_Start_IT)
    i.HAL_TIM_ConfigClockSource              0x080021e6   Section        0  stm32f1xx_hal_tim.o(i.HAL_TIM_ConfigClockSource)
    i.HAL_TIM_IC_CaptureCallback             0x08002318   Section        0  stm32f1xx_hal_tim.o(i.HAL_TIM_IC_CaptureCallback)
    i.HAL_TIM_IRQHandler                     0x0800231a   Section        0  stm32f1xx_hal_tim.o(i.HAL_TIM_IRQHandler)
    i.HAL_TIM_OC_DelayElapsedCallback        0x080024b0   Section        0  stm32f1xx_hal_tim.o(i.HAL_TIM_OC_DelayElapsedCallback)
    i.HAL_TIM_PWM_PulseFinishedCallback      0x080024b2   Section        0  stm32f1xx_hal_tim.o(i.HAL_TIM_PWM_PulseFinishedCallback)
    i.HAL_TIM_PeriodElapsedCallback          0x080024b4   Section        0  tim.o(i.HAL_TIM_PeriodElapsedCallback)
    i.HAL_TIM_TriggerCallback                0x080024be   Section        0  stm32f1xx_hal_tim.o(i.HAL_TIM_TriggerCallback)
    i.HAL_UART_ErrorCallback                 0x080024c0   Section        0  stm32f1xx_hal_uart.o(i.HAL_UART_ErrorCallback)
    i.HAL_UART_IRQHandler                    0x080024c4   Section        0  stm32f1xx_hal_uart.o(i.HAL_UART_IRQHandler)
    i.HAL_UART_Init                          0x08002610   Section        0  stm32f1xx_hal_uart.o(i.HAL_UART_Init)
    i.HAL_UART_MspInit                       0x08002684   Section        0  usart.o(i.HAL_UART_MspInit)
    i.HAL_UART_Receive_DMA                   0x08002780   Section        0  stm32f1xx_hal_uart.o(i.HAL_UART_Receive_DMA)
    i.HAL_UART_RxCpltCallback                0x08002844   Section        0  comunication.o(i.HAL_UART_RxCpltCallback)
    i.HAL_UART_RxHalfCpltCallback            0x08002910   Section        0  stm32f1xx_hal_uart.o(i.HAL_UART_RxHalfCpltCallback)
    i.HAL_UART_Transmit_DMA                  0x08002914   Section        0  stm32f1xx_hal_uart.o(i.HAL_UART_Transmit_DMA)
    i.HAL_UART_TxCpltCallback                0x080029b0   Section        0  stm32f1xx_hal_uart.o(i.HAL_UART_TxCpltCallback)
    i.HAL_UART_TxHalfCpltCallback            0x080029b2   Section        0  stm32f1xx_hal_uart.o(i.HAL_UART_TxHalfCpltCallback)
    i.HardFault_Handler                      0x080029b4   Section        0  stm32f1xx_it.o(i.HardFault_Handler)
    i.Hf_DuplexStructInit                    0x080029b8   Section        0  half_duplex.o(i.Hf_DuplexStructInit)
    i.Hf_ErrorHandler                        0x080029f0   Section        0  half_duplex.o(i.Hf_ErrorHandler)
    i.Hf_HaveReceived                        0x08002a08   Section        0  half_duplex.o(i.Hf_HaveReceived)
    i.Hf_Reconnect                           0x08002a36   Section        0  half_duplex.o(i.Hf_Reconnect)
    i.Hf_SendData                            0x08002a48   Section        0  half_duplex.o(i.Hf_SendData)
    i.Limit_uint16                           0x08002a8c   Section        0  shootboard.o(i.Limit_uint16)
    i.MX_ADC1_Init                           0x08002aa4   Section        0  adc.o(i.MX_ADC1_Init)
    i.MX_DMA_Init                            0x08002b54   Section        0  dma.o(i.MX_DMA_Init)
    i.MX_GPIO_Init                           0x08002ba8   Section        0  gpio.o(i.MX_GPIO_Init)
    i.MX_TIM1_Init                           0x08002c60   Section        0  tim.o(i.MX_TIM1_Init)
    i.MX_USART1_UART_Init                    0x08002ce0   Section        0  usart.o(i.MX_USART1_UART_Init)
    i.MemManage_Handler                      0x08002d2c   Section        0  stm32f1xx_it.o(i.MemManage_Handler)
    i.Mstr_COM_ModuleInit                    0x08002d30   Section        0  comtomaster.o(i.Mstr_COM_ModuleInit)
    i.NMI_Handler                            0x08002d94   Section        0  stm32f1xx_it.o(i.NMI_Handler)
    i.NVIC_GetPriorityGrouping               0x08002d98   Section        0  stm32f1xx_hal_cortex.o(i.NVIC_GetPriorityGrouping)
    NVIC_GetPriorityGrouping                 0x08002d99   Thumb Code    10  stm32f1xx_hal_cortex.o(i.NVIC_GetPriorityGrouping)
    i.NVIC_SetPriority                       0x08002da8   Section        0  stm32f1xx_hal_cortex.o(i.NVIC_SetPriority)
    NVIC_SetPriority                         0x08002da9   Thumb Code    32  stm32f1xx_hal_cortex.o(i.NVIC_SetPriority)
    i.PendSV_Handler                         0x08002dd0   Section        0  stm32f1xx_it.o(i.PendSV_Handler)
    i.RCC_Delay                              0x08002dd4   Section        0  stm32f1xx_hal_rcc.o(i.RCC_Delay)
    RCC_Delay                                0x08002dd5   Thumb Code    36  stm32f1xx_hal_rcc.o(i.RCC_Delay)
    i.RequestSend                            0x08002dfc   Section        0  comtomaster.o(i.RequestSend)
    i.ResetDataLog                           0x08002e18   Section        0  shootboard.o(i.ResetDataLog)
    i.SVC_Handler                            0x08002e3c   Section        0  stm32f1xx_it.o(i.SVC_Handler)
    i.SaveSampleData                         0x08002e40   Section        0  shootboard.o(i.SaveSampleData)
    i.SendDataToMaster                       0x08002ea4   Section        0  comtomaster.o(i.SendDataToMaster)
    i.SendDataToMstr                         0x08002ed0   Section        0  comtomaster.o(i.SendDataToMstr)
    SendDataToMstr                           0x08002ed1   Thumb Code    82  comtomaster.o(i.SendDataToMstr)
    i.SetTrigValue                           0x08002f2c   Section        0  shootboard.o(i.SetTrigValue)
    i.StartScan                              0x08002f7c   Section        0  shootboard.o(i.StartScan)
    i.SysTick_Handler                        0x08003000   Section        0  stm32f1xx_it.o(i.SysTick_Handler)
    i.SystemClock_Config                     0x0800300c   Section        0  main.o(i.SystemClock_Config)
    i.SystemInit                             0x080030b4   Section        0  system_stm32f1xx.o(i.SystemInit)
    i.TIM1_UP_IRQHandler                     0x0800310c   Section        0  stm32f1xx_it.o(i.TIM1_UP_IRQHandler)
    i.TIM_Base_SetConfig                     0x0800311c   Section        0  stm32f1xx_hal_tim.o(i.TIM_Base_SetConfig)
    i.TIM_ETR_SetConfig                      0x08003190   Section        0  stm32f1xx_hal_tim.o(i.TIM_ETR_SetConfig)
    TIM_ETR_SetConfig                        0x08003191   Thumb Code    24  stm32f1xx_hal_tim.o(i.TIM_ETR_SetConfig)
    i.TIM_ITRx_SetConfig                     0x080031a8   Section        0  stm32f1xx_hal_tim.o(i.TIM_ITRx_SetConfig)
    TIM_ITRx_SetConfig                       0x080031a9   Thumb Code    20  stm32f1xx_hal_tim.o(i.TIM_ITRx_SetConfig)
    i.TIM_TI1_ConfigInputStage               0x080031bc   Section        0  stm32f1xx_hal_tim.o(i.TIM_TI1_ConfigInputStage)
    TIM_TI1_ConfigInputStage                 0x080031bd   Thumb Code    42  stm32f1xx_hal_tim.o(i.TIM_TI1_ConfigInputStage)
    i.TIM_TI2_ConfigInputStage               0x080031e6   Section        0  stm32f1xx_hal_tim.o(i.TIM_TI2_ConfigInputStage)
    TIM_TI2_ConfigInputStage                 0x080031e7   Thumb Code    44  stm32f1xx_hal_tim.o(i.TIM_TI2_ConfigInputStage)
    i.UART_DMAAbortOnError                   0x08003212   Section        0  stm32f1xx_hal_uart.o(i.UART_DMAAbortOnError)
    UART_DMAAbortOnError                     0x08003213   Thumb Code    20  stm32f1xx_hal_uart.o(i.UART_DMAAbortOnError)
    i.UART_DMAError                          0x08003226   Section        0  stm32f1xx_hal_uart.o(i.UART_DMAError)
    UART_DMAError                            0x08003227   Thumb Code    80  stm32f1xx_hal_uart.o(i.UART_DMAError)
    i.UART_DMAReceiveCplt                    0x08003276   Section        0  stm32f1xx_hal_uart.o(i.UART_DMAReceiveCplt)
    UART_DMAReceiveCplt                      0x08003277   Thumb Code    70  stm32f1xx_hal_uart.o(i.UART_DMAReceiveCplt)
    i.UART_DMARxHalfCplt                     0x080032bc   Section        0  stm32f1xx_hal_uart.o(i.UART_DMARxHalfCplt)
    UART_DMARxHalfCplt                       0x080032bd   Thumb Code    14  stm32f1xx_hal_uart.o(i.UART_DMARxHalfCplt)
    i.UART_DMATransmitCplt                   0x080032ca   Section        0  stm32f1xx_hal_uart.o(i.UART_DMATransmitCplt)
    UART_DMATransmitCplt                     0x080032cb   Thumb Code    54  stm32f1xx_hal_uart.o(i.UART_DMATransmitCplt)
    i.UART_DMATxHalfCplt                     0x08003300   Section        0  stm32f1xx_hal_uart.o(i.UART_DMATxHalfCplt)
    UART_DMATxHalfCplt                       0x08003301   Thumb Code    14  stm32f1xx_hal_uart.o(i.UART_DMATxHalfCplt)
    i.UART_DealFuncMap                       0x08003310   Section        0  com_usermodules.o(i.UART_DealFuncMap)
    i.UART_EndRxTransfer                     0x08003324   Section        0  stm32f1xx_hal_uart.o(i.UART_EndRxTransfer)
    UART_EndRxTransfer                       0x08003325   Thumb Code    32  stm32f1xx_hal_uart.o(i.UART_EndRxTransfer)
    i.UART_EndTransmit_IT                    0x08003344   Section        0  stm32f1xx_hal_uart.o(i.UART_EndTransmit_IT)
    UART_EndTransmit_IT                      0x08003345   Thumb Code    32  stm32f1xx_hal_uart.o(i.UART_EndTransmit_IT)
    i.UART_EndTxTransfer                     0x08003364   Section        0  stm32f1xx_hal_uart.o(i.UART_EndTxTransfer)
    UART_EndTxTransfer                       0x08003365   Thumb Code    20  stm32f1xx_hal_uart.o(i.UART_EndTxTransfer)
    i.UART_Receive_IT                        0x08003378   Section        0  stm32f1xx_hal_uart.o(i.UART_Receive_IT)
    UART_Receive_IT                          0x08003379   Thumb Code   166  stm32f1xx_hal_uart.o(i.UART_Receive_IT)
    i.UART_SetConfig                         0x08003420   Section        0  stm32f1xx_hal_uart.o(i.UART_SetConfig)
    UART_SetConfig                           0x08003421   Thumb Code   450  stm32f1xx_hal_uart.o(i.UART_SetConfig)
    i.UART_Transmit_IT                       0x080035e8   Section        0  stm32f1xx_hal_uart.o(i.UART_Transmit_IT)
    UART_Transmit_IT                         0x080035e9   Thumb Code   104  stm32f1xx_hal_uart.o(i.UART_Transmit_IT)
    i.USART1_IRQHandler                      0x08003650   Section        0  stm32f1xx_it.o(i.USART1_IRQHandler)
    i.UsageFault_Handler                     0x08003660   Section        0  stm32f1xx_it.o(i.UsageFault_Handler)
    i._Error_Handler                         0x08003664   Section        0  main.o(i._Error_Handler)
    i.__scatterload_copy                     0x08003668   Section       14  handlers.o(i.__scatterload_copy)
    i.__scatterload_null                     0x08003676   Section        2  handlers.o(i.__scatterload_null)
    i.__scatterload_zeroinit                 0x08003678   Section       14  handlers.o(i.__scatterload_zeroinit)
    i.main                                   0x08003688   Section        0  main.o(i.main)
    .constdata                               0x080036c8   Section       24  system_stm32f1xx.o(.constdata)
    .conststring                             0x080036e0   Section       35  half_duplex.o(.conststring)
    .conststring                             0x08003704   Section       43  comunication.o(.conststring)
    .data                                    0x20000000   Section        9  adc.o(.data)
    .data                                    0x2000000c   Section        9  stm32f1xx_hal.o(.data)
    .data                                    0x20000018   Section        4  system_stm32f1xx.o(.data)
    .data                                    0x2000001c   Section       12  half_duplex.o(.data)
    .data                                    0x20000028   Section       16  comunication.o(.data)
    .data                                    0x20000038   Section       12  com_usermodules.o(.data)
    .data                                    0x20000044   Section        1  comtomaster.o(.data)
    .data                                    0x20000048   Section        4  masterdatadeal.o(.data)
    .data                                    0x2000004c   Section       38  shootboard.o(.data)
    .bss                                     0x20000074   Section      116  adc.o(.bss)
    .bss                                     0x200000e8   Section       64  tim.o(.bss)
    .bss                                     0x20000128   Section      200  usart.o(.bss)
    .bss                                     0x200001f0   Section       68  com_usermodules.o(.bss)
    .bss                                     0x20000234   Section      188  comtomaster.o(.bss)
    .bss                                     0x200002f0   Section     1136  shootboard.o(.bss)
    STACK                                    0x20000760   Section     1024  startup_stm32f103xb.o(STACK)

    Global Symbols

    Symbol Name                              Value     Ov Type        Size  Object(Section)

    BuildAttributes$$THM_ISAv4$P$D$K$B$S$PE$A:L22UL41UL21$X:L11$S22US41US21$IEEE1$IW$USESV6$~STKCKD$USESV7$~SHL$OSPACE$EBA8$MICROLIB$REQ8$PRES8$EABIv2 0x00000000   Number         0  anon$$obj.o ABSOLUTE
    __ARM_use_no_argv                        0x00000000   Number         0  main.o ABSOLUTE
    __cpp_initialize__aeabi_                  - Undefined Weak Reference
    __cxa_finalize                            - Undefined Weak Reference
    __decompress                              - Undefined Weak Reference
    _clock_init                               - Undefined Weak Reference
    _microlib_exit                            - Undefined Weak Reference
    __Vectors_Size                           0x000000ec   Number         0  startup_stm32f103xb.o ABSOLUTE
    __Vectors                                0x08000000   Data           4  startup_stm32f103xb.o(RESET)
    __Vectors_End                            0x080000ec   Data           0  startup_stm32f103xb.o(RESET)
    __main                                   0x080000ed   Thumb Code     0  entry.o(.ARM.Collect$$$$00000000)
    _main_stk                                0x080000ed   Thumb Code     0  entry2.o(.ARM.Collect$$$$00000001)
    _main_scatterload                        0x080000f1   Thumb Code     0  entry5.o(.ARM.Collect$$$$00000004)
    __main_after_scatterload                 0x080000f5   Thumb Code     0  entry5.o(.ARM.Collect$$$$00000004)
    _main_clock                              0x080000f5   Thumb Code     0  entry7b.o(.ARM.Collect$$$$00000008)
    _main_cpp_init                           0x080000f5   Thumb Code     0  entry8b.o(.ARM.Collect$$$$0000000A)
    _main_init                               0x080000f5   Thumb Code     0  entry9a.o(.ARM.Collect$$$$0000000B)
    __rt_final_cpp                           0x080000fd   Thumb Code     0  entry10a.o(.ARM.Collect$$$$0000000D)
    __rt_final_exit                          0x080000fd   Thumb Code     0  entry11a.o(.ARM.Collect$$$$0000000F)
    Reset_Handler                            0x08000101   Thumb Code     8  startup_stm32f103xb.o(.text)
    CAN1_RX1_IRQHandler                      0x0800011b   Thumb Code     0  startup_stm32f103xb.o(.text)
    CAN1_SCE_IRQHandler                      0x0800011b   Thumb Code     0  startup_stm32f103xb.o(.text)
    DMA1_Channel2_IRQHandler                 0x0800011b   Thumb Code     0  startup_stm32f103xb.o(.text)
    DMA1_Channel3_IRQHandler                 0x0800011b   Thumb Code     0  startup_stm32f103xb.o(.text)
    DMA1_Channel6_IRQHandler                 0x0800011b   Thumb Code     0  startup_stm32f103xb.o(.text)
    DMA1_Channel7_IRQHandler                 0x0800011b   Thumb Code     0  startup_stm32f103xb.o(.text)
    EXTI0_IRQHandler                         0x0800011b   Thumb Code     0  startup_stm32f103xb.o(.text)
    EXTI15_10_IRQHandler                     0x0800011b   Thumb Code     0  startup_stm32f103xb.o(.text)
    EXTI1_IRQHandler                         0x0800011b   Thumb Code     0  startup_stm32f103xb.o(.text)
    EXTI2_IRQHandler                         0x0800011b   Thumb Code     0  startup_stm32f103xb.o(.text)
    EXTI3_IRQHandler                         0x0800011b   Thumb Code     0  startup_stm32f103xb.o(.text)
    EXTI4_IRQHandler                         0x0800011b   Thumb Code     0  startup_stm32f103xb.o(.text)
    EXTI9_5_IRQHandler                       0x0800011b   Thumb Code     0  startup_stm32f103xb.o(.text)
    FLASH_IRQHandler                         0x0800011b   Thumb Code     0  startup_stm32f103xb.o(.text)
    I2C1_ER_IRQHandler                       0x0800011b   Thumb Code     0  startup_stm32f103xb.o(.text)
    I2C1_EV_IRQHandler                       0x0800011b   Thumb Code     0  startup_stm32f103xb.o(.text)
    I2C2_ER_IRQHandler                       0x0800011b   Thumb Code     0  startup_stm32f103xb.o(.text)
    I2C2_EV_IRQHandler                       0x0800011b   Thumb Code     0  startup_stm32f103xb.o(.text)
    PVD_IRQHandler                           0x0800011b   Thumb Code     0  startup_stm32f103xb.o(.text)
    RCC_IRQHandler                           0x0800011b   Thumb Code     0  startup_stm32f103xb.o(.text)
    RTC_Alarm_IRQHandler                     0x0800011b   Thumb Code     0  startup_stm32f103xb.o(.text)
    RTC_IRQHandler                           0x0800011b   Thumb Code     0  startup_stm32f103xb.o(.text)
    SPI1_IRQHandler                          0x0800011b   Thumb Code     0  startup_stm32f103xb.o(.text)
    SPI2_IRQHandler                          0x0800011b   Thumb Code     0  startup_stm32f103xb.o(.text)
    TAMPER_IRQHandler                        0x0800011b   Thumb Code     0  startup_stm32f103xb.o(.text)
    TIM1_BRK_IRQHandler                      0x0800011b   Thumb Code     0  startup_stm32f103xb.o(.text)
    TIM1_CC_IRQHandler                       0x0800011b   Thumb Code     0  startup_stm32f103xb.o(.text)
    TIM1_TRG_COM_IRQHandler                  0x0800011b   Thumb Code     0  startup_stm32f103xb.o(.text)
    TIM2_IRQHandler                          0x0800011b   Thumb Code     0  startup_stm32f103xb.o(.text)
    TIM3_IRQHandler                          0x0800011b   Thumb Code     0  startup_stm32f103xb.o(.text)
    TIM4_IRQHandler                          0x0800011b   Thumb Code     0  startup_stm32f103xb.o(.text)
    USART2_IRQHandler                        0x0800011b   Thumb Code     0  startup_stm32f103xb.o(.text)
    USART3_IRQHandler                        0x0800011b   Thumb Code     0  startup_stm32f103xb.o(.text)
    USBWakeUp_IRQHandler                     0x0800011b   Thumb Code     0  startup_stm32f103xb.o(.text)
    USB_HP_CAN1_TX_IRQHandler                0x0800011b   Thumb Code     0  startup_stm32f103xb.o(.text)
    USB_LP_CAN1_RX0_IRQHandler               0x0800011b   Thumb Code     0  startup_stm32f103xb.o(.text)
    WWDG_IRQHandler                          0x0800011b   Thumb Code     0  startup_stm32f103xb.o(.text)
    __aeabi_memcpy                           0x08000125   Thumb Code    36  memcpya.o(.text)
    __aeabi_memcpy4                          0x08000125   Thumb Code     0  memcpya.o(.text)
    __aeabi_memcpy8                          0x08000125   Thumb Code     0  memcpya.o(.text)
    __scatterload                            0x08000149   Thumb Code    28  init.o(.text)
    __scatterload_rt2                        0x08000149   Thumb Code     0  init.o(.text)
    ADC1_2_IRQHandler                        0x0800016d   Thumb Code    10  stm32f1xx_it.o(i.ADC1_2_IRQHandler)
    ADC_ConversionStop_Disable               0x0800017d   Thumb Code    82  stm32f1xx_hal_adc.o(i.ADC_ConversionStop_Disable)
    ADC_DMAConvCplt                          0x080001cf   Thumb Code    82  stm32f1xx_hal_adc.o(i.ADC_DMAConvCplt)
    ADC_DMAError                             0x08000221   Thumb Code    30  stm32f1xx_hal_adc.o(i.ADC_DMAError)
    ADC_DMAHalfConvCplt                      0x0800023f   Thumb Code    14  stm32f1xx_hal_adc.o(i.ADC_DMAHalfConvCplt)
    ADC_Enable                               0x0800024d   Thumb Code   122  stm32f1xx_hal_adc.o(i.ADC_Enable)
    BlockErrorHandler                        0x080002d1   Thumb Code     4  half_duplex.o(i.BlockErrorHandler)
    BusFault_Handler                         0x080002e9   Thumb Code     4  stm32f1xx_it.o(i.BusFault_Handler)
    COM_ModuleErrorHandler                   0x080002ed   Thumb Code    18  comunication.o(i.COM_ModuleErrorHandler)
    COM_SendDataInTxBuffer                   0x08000305   Thumb Code    42  comunication.o(i.COM_SendDataInTxBuffer)
    COM_UART_StructInit                      0x08000359   Thumb Code   102  comunication.o(i.COM_UART_StructInit)
    CaptureShoot                             0x080003c5   Thumb Code    80  shootboard.o(i.CaptureShoot)
    DMA1_Channel1_IRQHandler                 0x08000475   Thumb Code    10  stm32f1xx_it.o(i.DMA1_Channel1_IRQHandler)
    DMA1_Channel4_IRQHandler                 0x08000485   Thumb Code    10  stm32f1xx_it.o(i.DMA1_Channel4_IRQHandler)
    DMA1_Channel5_IRQHandler                 0x08000495   Thumb Code    10  stm32f1xx_it.o(i.DMA1_Channel5_IRQHandler)
    DeInitBoard                              0x080004d1   Thumb Code     8  shootboard.o(i.DeInitBoard)
    DealSampleData                           0x08000585   Thumb Code   128  shootboard.o(i.DealSampleData)
    DebugMon_Handler                         0x08000629   Thumb Code     2  stm32f1xx_it.o(i.DebugMon_Handler)
    FIFO_Init                                0x0800062b   Thumb Code    38  fifo.o(i.FIFO_Init)
    FIFO_ReadData                            0x08000651   Thumb Code    96  fifo.o(i.FIFO_ReadData)
    FIFO_SaveData                            0x080006b1   Thumb Code    96  fifo.o(i.FIFO_SaveData)
    GetInitData                              0x08000729   Thumb Code    26  shootboard.o(i.GetInitData)
    GetMsgFromMstrBuffer                     0x0800074d   Thumb Code   152  masterdatadeal.o(i.GetMsgFromMstrBuffer)
    GetSampleData                            0x08000801   Thumb Code    74  shootboard.o(i.GetSampleData)
    GetTxData                                0x08000859   Thumb Code    82  masterdatadeal.o(i.GetTxData)
    HAL_ADCEx_InjectedConvCpltCallback       0x080008b1   Thumb Code     2  stm32f1xx_hal_adc_ex.o(i.HAL_ADCEx_InjectedConvCpltCallback)
    HAL_ADC_AnalogWDGConfig                  0x080008b5   Thumb Code   130  stm32f1xx_hal_adc.o(i.HAL_ADC_AnalogWDGConfig)
    HAL_ADC_ConfigChannel                    0x08000949   Thumb Code   338  stm32f1xx_hal_adc.o(i.HAL_ADC_ConfigChannel)
    HAL_ADC_ConvCpltCallback                 0x08000aa9   Thumb Code     2  stm32f1xx_hal_adc.o(i.HAL_ADC_ConvCpltCallback)
    HAL_ADC_ConvHalfCpltCallback             0x08000aad   Thumb Code    20  adc.o(i.HAL_ADC_ConvHalfCpltCallback)
    HAL_ADC_ErrorCallback                    0x08000ac5   Thumb Code     2  stm32f1xx_hal_adc.o(i.HAL_ADC_ErrorCallback)
    HAL_ADC_IRQHandler                       0x08000ac7   Thumb Code   290  stm32f1xx_hal_adc.o(i.HAL_ADC_IRQHandler)
    HAL_ADC_Init                             0x08000be9   Thumb Code   314  stm32f1xx_hal_adc.o(i.HAL_ADC_Init)
    HAL_ADC_LevelOutOfWindowCallback         0x08000d2d   Thumb Code   108  adc.o(i.HAL_ADC_LevelOutOfWindowCallback)
    HAL_ADC_MspInit                          0x08000da9   Thumb Code   140  adc.o(i.HAL_ADC_MspInit)
    HAL_ADC_Start_DMA                        0x08000e59   Thumb Code   362  stm32f1xx_hal_adc.o(i.HAL_ADC_Start_DMA)
    HAL_DMA_Abort_IT                         0x08000fd9   Thumb Code   172  stm32f1xx_hal_dma.o(i.HAL_DMA_Abort_IT)
    HAL_DMA_IRQHandler                       0x08001089   Thumb Code   408  stm32f1xx_hal_dma.o(i.HAL_DMA_IRQHandler)
    HAL_DMA_Init                             0x08001225   Thumb Code   108  stm32f1xx_hal_dma.o(i.HAL_DMA_Init)
    HAL_DMA_Start_IT                         0x08001295   Thumb Code   156  stm32f1xx_hal_dma.o(i.HAL_DMA_Start_IT)
    HAL_Delay                                0x08001331   Thumb Code    36  stm32f1xx_hal.o(i.HAL_Delay)
    HAL_GPIO_Init                            0x08001359   Thumb Code   764  stm32f1xx_hal_gpio.o(i.HAL_GPIO_Init)
    HAL_GetTick                              0x08001675   Thumb Code     6  stm32f1xx_hal.o(i.HAL_GetTick)
    HAL_IncTick                              0x08001681   Thumb Code    16  stm32f1xx_hal.o(i.HAL_IncTick)
    HAL_Init                                 0x08001699   Thumb Code    34  stm32f1xx_hal.o(i.HAL_Init)
    HAL_InitTick                             0x080016c1   Thumb Code    64  stm32f1xx_hal.o(i.HAL_InitTick)
    HAL_MspInit                              0x0800170d   Thumb Code   158  stm32f1xx_hal_msp.o(i.HAL_MspInit)
    HAL_NVIC_DisableIRQ                      0x080017b5   Thumb Code    22  stm32f1xx_hal_cortex.o(i.HAL_NVIC_DisableIRQ)
    HAL_NVIC_EnableIRQ                       0x080017d1   Thumb Code    26  stm32f1xx_hal_cortex.o(i.HAL_NVIC_EnableIRQ)
    HAL_NVIC_SetPriority                     0x080017eb   Thumb Code   124  stm32f1xx_hal_cortex.o(i.HAL_NVIC_SetPriority)
    HAL_NVIC_SetPriorityGrouping             0x08001869   Thumb Code    32  stm32f1xx_hal_cortex.o(i.HAL_NVIC_SetPriorityGrouping)
    HAL_RCCEx_PeriphCLKConfig                0x08001891   Thumb Code   290  stm32f1xx_hal_rcc_ex.o(i.HAL_RCCEx_PeriphCLKConfig)
    HAL_RCC_ClockConfig                      0x080019c1   Thumb Code   402  stm32f1xx_hal_rcc.o(i.HAL_RCC_ClockConfig)
    HAL_RCC_GetHCLKFreq                      0x08001b65   Thumb Code     6  stm32f1xx_hal_rcc.o(i.HAL_RCC_GetHCLKFreq)
    HAL_RCC_GetPCLK1Freq                     0x08001b71   Thumb Code    22  stm32f1xx_hal_rcc.o(i.HAL_RCC_GetPCLK1Freq)
    HAL_RCC_GetPCLK2Freq                     0x08001b91   Thumb Code    22  stm32f1xx_hal_rcc.o(i.HAL_RCC_GetPCLK2Freq)
    HAL_RCC_GetSysClockFreq                  0x08001bb1   Thumb Code   116  stm32f1xx_hal_rcc.o(i.HAL_RCC_GetSysClockFreq)
    HAL_RCC_OscConfig                        0x08001c45   Thumb Code  1078  stm32f1xx_hal_rcc.o(i.HAL_RCC_OscConfig)
    HAL_SYSTICK_CLKSourceConfig              0x08002085   Thumb Code    40  stm32f1xx_hal_cortex.o(i.HAL_SYSTICK_CLKSourceConfig)
    HAL_SYSTICK_Callback                     0x080020ad   Thumb Code     2  stm32f1xx_hal_cortex.o(i.HAL_SYSTICK_Callback)
    HAL_SYSTICK_Config                       0x080020af   Thumb Code    52  stm32f1xx_hal_cortex.o(i.HAL_SYSTICK_Config)
    HAL_SYSTICK_IRQHandler                   0x080020e3   Thumb Code     8  stm32f1xx_hal_cortex.o(i.HAL_SYSTICK_IRQHandler)
    HAL_TIMEx_BreakCallback                  0x080020eb   Thumb Code     2  stm32f1xx_hal_tim_ex.o(i.HAL_TIMEx_BreakCallback)
    HAL_TIMEx_CommutationCallback            0x080020ed   Thumb Code     2  stm32f1xx_hal_tim_ex.o(i.HAL_TIMEx_CommutationCallback)
    HAL_TIMEx_MasterConfigSynchronization    0x080020ef   Thumb Code    98  stm32f1xx_hal_tim_ex.o(i.HAL_TIMEx_MasterConfigSynchronization)
    HAL_TIM_Base_Init                        0x08002151   Thumb Code    52  stm32f1xx_hal_tim.o(i.HAL_TIM_Base_Init)
    HAL_TIM_Base_MspInit                     0x08002185   Thumb Code    58  tim.o(i.HAL_TIM_Base_MspInit)
    HAL_TIM_Base_Start_IT                    0x080021c9   Thumb Code    30  stm32f1xx_hal_tim.o(i.HAL_TIM_Base_Start_IT)
    HAL_TIM_ConfigClockSource                0x080021e7   Thumb Code   306  stm32f1xx_hal_tim.o(i.HAL_TIM_ConfigClockSource)
    HAL_TIM_IC_CaptureCallback               0x08002319   Thumb Code     2  stm32f1xx_hal_tim.o(i.HAL_TIM_IC_CaptureCallback)
    HAL_TIM_IRQHandler                       0x0800231b   Thumb Code   406  stm32f1xx_hal_tim.o(i.HAL_TIM_IRQHandler)
    HAL_TIM_OC_DelayElapsedCallback          0x080024b1   Thumb Code     2  stm32f1xx_hal_tim.o(i.HAL_TIM_OC_DelayElapsedCallback)
    HAL_TIM_PWM_PulseFinishedCallback        0x080024b3   Thumb Code     2  stm32f1xx_hal_tim.o(i.HAL_TIM_PWM_PulseFinishedCallback)
    HAL_TIM_PeriodElapsedCallback            0x080024b5   Thumb Code    10  tim.o(i.HAL_TIM_PeriodElapsedCallback)
    HAL_TIM_TriggerCallback                  0x080024bf   Thumb Code     2  stm32f1xx_hal_tim.o(i.HAL_TIM_TriggerCallback)
    HAL_UART_ErrorCallback                   0x080024c1   Thumb Code     2  stm32f1xx_hal_uart.o(i.HAL_UART_ErrorCallback)
    HAL_UART_IRQHandler                      0x080024c5   Thumb Code   326  stm32f1xx_hal_uart.o(i.HAL_UART_IRQHandler)
    HAL_UART_Init                            0x08002611   Thumb Code   114  stm32f1xx_hal_uart.o(i.HAL_UART_Init)
    HAL_UART_MspInit                         0x08002685   Thumb Code   212  usart.o(i.HAL_UART_MspInit)
    HAL_UART_Receive_DMA                     0x08002781   Thumb Code   182  stm32f1xx_hal_uart.o(i.HAL_UART_Receive_DMA)
    HAL_UART_RxCpltCallback                  0x08002845   Thumb Code   198  comunication.o(i.HAL_UART_RxCpltCallback)
    HAL_UART_RxHalfCpltCallback              0x08002911   Thumb Code     2  stm32f1xx_hal_uart.o(i.HAL_UART_RxHalfCpltCallback)
    HAL_UART_Transmit_DMA                    0x08002915   Thumb Code   142  stm32f1xx_hal_uart.o(i.HAL_UART_Transmit_DMA)
    HAL_UART_TxCpltCallback                  0x080029b1   Thumb Code     2  stm32f1xx_hal_uart.o(i.HAL_UART_TxCpltCallback)
    HAL_UART_TxHalfCpltCallback              0x080029b3   Thumb Code     2  stm32f1xx_hal_uart.o(i.HAL_UART_TxHalfCpltCallback)
    HardFault_Handler                        0x080029b5   Thumb Code     4  stm32f1xx_it.o(i.HardFault_Handler)
    Hf_DuplexStructInit                      0x080029b9   Thumb Code    48  half_duplex.o(i.Hf_DuplexStructInit)
    Hf_ErrorHandler                          0x080029f1   Thumb Code    18  half_duplex.o(i.Hf_ErrorHandler)
    Hf_HaveReceived                          0x08002a09   Thumb Code    46  half_duplex.o(i.Hf_HaveReceived)
    Hf_Reconnect                             0x08002a37   Thumb Code    18  half_duplex.o(i.Hf_Reconnect)
    Hf_SendData                              0x08002a49   Thumb Code    68  half_duplex.o(i.Hf_SendData)
    Limit_uint16                             0x08002a8d   Thumb Code    22  shootboard.o(i.Limit_uint16)
    MX_ADC1_Init                             0x08002aa5   Thumb Code   150  adc.o(i.MX_ADC1_Init)
    MX_DMA_Init                              0x08002b55   Thumb Code    80  dma.o(i.MX_DMA_Init)
    MX_GPIO_Init                             0x08002ba9   Thumb Code   168  gpio.o(i.MX_GPIO_Init)
    MX_TIM1_Init                             0x08002c61   Thumb Code   102  tim.o(i.MX_TIM1_Init)
    MX_USART1_UART_Init                      0x08002ce1   Thumb Code    50  usart.o(i.MX_USART1_UART_Init)
    MemManage_Handler                        0x08002d2d   Thumb Code     4  stm32f1xx_it.o(i.MemManage_Handler)
    Mstr_COM_ModuleInit                      0x08002d31   Thumb Code    68  comtomaster.o(i.Mstr_COM_ModuleInit)
    NMI_Handler                              0x08002d95   Thumb Code     2  stm32f1xx_it.o(i.NMI_Handler)
    PendSV_Handler                           0x08002dd1   Thumb Code     2  stm32f1xx_it.o(i.PendSV_Handler)
    RequestSend                              0x08002dfd   Thumb Code    24  comtomaster.o(i.RequestSend)
    ResetDataLog                             0x08002e19   Thumb Code    18  shootboard.o(i.ResetDataLog)
    SVC_Handler                              0x08002e3d   Thumb Code     2  stm32f1xx_it.o(i.SVC_Handler)
    SaveSampleData                           0x08002e41   Thumb Code    78  shootboard.o(i.SaveSampleData)
    SendDataToMaster                         0x08002ea5   Thumb Code    36  comtomaster.o(i.SendDataToMaster)
    SetTrigValue                             0x08002f2d   Thumb Code    76  shootboard.o(i.SetTrigValue)
    StartScan                                0x08002f7d   Thumb Code    84  shootboard.o(i.StartScan)
    SysTick_Handler                          0x08003001   Thumb Code    12  stm32f1xx_it.o(i.SysTick_Handler)
    SystemClock_Config                       0x0800300d   Thumb Code   152  main.o(i.SystemClock_Config)
    SystemInit                               0x080030b5   Thumb Code    70  system_stm32f1xx.o(i.SystemInit)
    TIM1_UP_IRQHandler                       0x0800310d   Thumb Code    10  stm32f1xx_it.o(i.TIM1_UP_IRQHandler)
    TIM_Base_SetConfig                       0x0800311d   Thumb Code   102  stm32f1xx_hal_tim.o(i.TIM_Base_SetConfig)
    UART_DealFuncMap                         0x08003311   Thumb Code    16  com_usermodules.o(i.UART_DealFuncMap)
    USART1_IRQHandler                        0x08003651   Thumb Code    10  stm32f1xx_it.o(i.USART1_IRQHandler)
    UsageFault_Handler                       0x08003661   Thumb Code     4  stm32f1xx_it.o(i.UsageFault_Handler)
    _Error_Handler                           0x08003665   Thumb Code     4  main.o(i._Error_Handler)
    __scatterload_copy                       0x08003669   Thumb Code    14  handlers.o(i.__scatterload_copy)
    __scatterload_null                       0x08003677   Thumb Code     2  handlers.o(i.__scatterload_null)
    __scatterload_zeroinit                   0x08003679   Thumb Code    14  handlers.o(i.__scatterload_zeroinit)
    main                                     0x08003689   Thumb Code    54  main.o(i.main)
    AHBPrescTable                            0x080036c8   Data          16  system_stm32f1xx.o(.constdata)
    APBPrescTable                            0x080036d8   Data           8  system_stm32f1xx.o(.constdata)
    Region$$Table$$Base                      0x08003730   Number         0  anon$$obj.o(Region$$Table)
    Region$$Table$$Limit                     0x08003750   Number         0  anon$$obj.o(Region$$Table)
    TestCnt                                  0x20000000   Data           4  adc.o(.data)
    TrigCnt                                  0x20000004   Data           4  adc.o(.data)
    isRisingEdge                             0x20000008   Data           1  adc.o(.data)
    uwTick                                   0x2000000c   Data           4  stm32f1xx_hal.o(.data)
    uwTickPrio                               0x20000010   Data           4  stm32f1xx_hal.o(.data)
    uwTickFreq                               0x20000014   Data           1  stm32f1xx_hal.o(.data)
    SystemCoreClock                          0x20000018   Data           4  system_stm32f1xx.o(.data)
    Hf_ErrorDescriptions                     0x2000001c   Data          12  half_duplex.o(.data)
    COM_ErrorDescriptions                    0x20000028   Data          12  comunication.o(.data)
    isBlockedCnt                             0x20000034   Data           4  comunication.o(.data)
    COM_Modules                              0x20000038   Data          12  com_usermodules.o(.data)
    SendRequest                              0x20000044   Data           1  comtomaster.o(.data)
    CtrlCMD                                  0x20000048   Data           4  masterdatadeal.o(.data)
    isStart                                  0x2000004c   Data           1  shootboard.o(.data)
    BoundX_Min                               0x2000004e   Data           2  shootboard.o(.data)
    BoundX_Max                               0x20000050   Data           2  shootboard.o(.data)
    BoundY_Min                               0x20000052   Data           2  shootboard.o(.data)
    BoundY_Max                               0x20000054   Data           2  shootboard.o(.data)
    Trig_X                                   0x20000056   Data           2  shootboard.o(.data)
    Trig_Y                                   0x20000058   Data           2  shootboard.o(.data)
    ConvertBuffer                            0x2000005a   Data           4  shootboard.o(.data)
    Trough_X                                 0x2000005e   Data           2  shootboard.o(.data)
    Trough_Y                                 0x20000060   Data           2  shootboard.o(.data)
    isNewData                                0x20000062   Data           1  shootboard.o(.data)
    isSampleComplet                          0x20000063   Data           1  shootboard.o(.data)
    DiscardCnt                               0x20000064   Data           4  shootboard.o(.data)
    DiscardSampleCnt                         0x20000068   Data           4  shootboard.o(.data)
    SaveCnt                                  0x2000006c   Data           4  shootboard.o(.data)
    isWritingData                            0x20000070   Data           1  shootboard.o(.data)
    isCorrectMode                            0x20000071   Data           1  shootboard.o(.data)
    hadc1                                    0x20000074   Data          48  adc.o(.bss)
    hdma_adc1                                0x200000a4   Data          68  adc.o(.bss)
    htim1                                    0x200000e8   Data          64  tim.o(.bss)
    huart1                                   0x20000128   Data          64  usart.o(.bss)
    hdma_usart1_rx                           0x20000168   Data          68  usart.o(.bss)
    hdma_usart1_tx                           0x200001ac   Data          68  usart.o(.bss)
    Null_COM_Module                          0x200001f0   Data          68  com_usermodules.o(.bss)
    Mstr_COM_Module                          0x20000234   Data          68  comtomaster.o(.bss)
    Mstr_HfCOM                               0x20000278   Data          32  comtomaster.o(.bss)
    Mstr_TxBuffer                            0x20000298   Data          40  comtomaster.o(.bss)
    Mstr_RxBuffer                            0x200002c0   Data          48  comtomaster.o(.bss)
    EmptyData                                0x200002f0   Data          28  shootboard.o(.bss)
    SampleData                               0x2000030c   Data          28  shootboard.o(.bss)
    SendFIFO                                 0x20000328   Data          24  shootboard.o(.bss)
    SendDataFIFO                             0x20000340   Data          28  shootboard.o(.bss)
    SampleFIFO                               0x2000035c   Data        1000  shootboard.o(.bss)
    SampleDataFIFO                           0x20000744   Data          28  shootboard.o(.bss)
    __initial_sp                             0x20000b60   Data           0  startup_stm32f103xb.o(STACK)



==============================================================================

Memory Map of the image

  Image Entry point : 0x080000ed

  Load Region LR_IROM1 (Base: 0x08000000, Size: 0x000037c4, Max: 0x00010000, ABSOLUTE)

    Execution Region ER_IROM1 (Exec base: 0x08000000, Load base: 0x08000000, Size: 0x00003750, Max: 0x00010000, ABSOLUTE)

    Exec Addr    Load Addr    Size         Type   Attr      Idx    E Section Name        Object

    0x08000000   0x08000000   0x000000ec   Data   RO            3    RESET               startup_stm32f103xb.o
    0x080000ec   0x080000ec   0x00000000   Code   RO         3405  * .ARM.Collect$$$$00000000  mc_w.l(entry.o)
    0x080000ec   0x080000ec   0x00000004   Code   RO         3414    .ARM.Collect$$$$00000001  mc_w.l(entry2.o)
    0x080000f0   0x080000f0   0x00000004   Code   RO         3417    .ARM.Collect$$$$00000004  mc_w.l(entry5.o)
    0x080000f4   0x080000f4   0x00000000   Code   RO         3419    .ARM.Collect$$$$00000008  mc_w.l(entry7b.o)
    0x080000f4   0x080000f4   0x00000000   Code   RO         3421    .ARM.Collect$$$$0000000A  mc_w.l(entry8b.o)
    0x080000f4   0x080000f4   0x00000008   Code   RO         3422    .ARM.Collect$$$$0000000B  mc_w.l(entry9a.o)
    0x080000fc   0x080000fc   0x00000000   Code   RO         3424    .ARM.Collect$$$$0000000D  mc_w.l(entry10a.o)
    0x080000fc   0x080000fc   0x00000000   Code   RO         3426    .ARM.Collect$$$$0000000F  mc_w.l(entry11a.o)
    0x080000fc   0x080000fc   0x00000004   Code   RO         3415    .ARM.Collect$$$$00002712  mc_w.l(entry2.o)
    0x08000100   0x08000100   0x00000024   Code   RO            4    .text               startup_stm32f103xb.o
    0x08000124   0x08000124   0x00000024   Code   RO         3410    .text               mc_w.l(memcpya.o)
    0x08000148   0x08000148   0x00000024   Code   RO         3428    .text               mc_w.l(init.o)
    0x0800016c   0x0800016c   0x00000010   Code   RO          379    i.ADC1_2_IRQHandler  stm32f1xx_it.o
    0x0800017c   0x0800017c   0x00000052   Code   RO          551    i.ADC_ConversionStop_Disable  stm32f1xx_hal_adc.o
    0x080001ce   0x080001ce   0x00000052   Code   RO          552    i.ADC_DMAConvCplt   stm32f1xx_hal_adc.o
    0x08000220   0x08000220   0x0000001e   Code   RO          553    i.ADC_DMAError      stm32f1xx_hal_adc.o
    0x0800023e   0x0800023e   0x0000000e   Code   RO          554    i.ADC_DMAHalfConvCplt  stm32f1xx_hal_adc.o
    0x0800024c   0x0800024c   0x00000084   Code   RO          555    i.ADC_Enable        stm32f1xx_hal_adc.o
    0x080002d0   0x080002d0   0x00000004   Code   RO         2988    i.BlockErrorHandler  half_duplex.o
    0x080002d4   0x080002d4   0x00000014   Code   RO         3204    i.BlockHandler      comtomaster.o
    0x080002e8   0x080002e8   0x00000004   Code   RO          380    i.BusFault_Handler  stm32f1xx_it.o
    0x080002ec   0x080002ec   0x00000018   Code   RO         3080    i.COM_ModuleErrorHandler  comunication.o
    0x08000304   0x08000304   0x0000002a   Code   RO         3081    i.COM_SendDataInTxBuffer  comunication.o
    0x0800032e   0x0800032e   0x00000028   Code   RO         3082    i.COM_SendData_Unsafe  comunication.o
    0x08000356   0x08000356   0x00000002   PAD
    0x08000358   0x08000358   0x0000006c   Code   RO         3084    i.COM_UART_StructInit  comunication.o
    0x080003c4   0x080003c4   0x00000068   Code   RO         3314    i.CaptureShoot      shootboard.o
    0x0800042c   0x0800042c   0x00000046   Code   RO         3205    i.Check_FindHead    comtomaster.o
    0x08000472   0x08000472   0x00000002   PAD
    0x08000474   0x08000474   0x00000010   Code   RO          381    i.DMA1_Channel1_IRQHandler  stm32f1xx_it.o
    0x08000484   0x08000484   0x00000010   Code   RO          382    i.DMA1_Channel4_IRQHandler  stm32f1xx_it.o
    0x08000494   0x08000494   0x00000010   Code   RO          383    i.DMA1_Channel5_IRQHandler  stm32f1xx_it.o
    0x080004a4   0x080004a4   0x0000002c   Code   RO         2400    i.DMA_SetConfig     stm32f1xx_hal_dma.o
    0x080004d0   0x080004d0   0x0000000c   Code   RO         3315    i.DeInitBoard       shootboard.o
    0x080004dc   0x080004dc   0x000000a8   Code   RO         3206    i.DealMstrData      comtomaster.o
    0x08000584   0x08000584   0x000000a4   Code   RO         3316    i.DealSampleData    shootboard.o
    0x08000628   0x08000628   0x00000002   Code   RO          384    i.DebugMon_Handler  stm32f1xx_it.o
    0x0800062a   0x0800062a   0x00000026   Code   RO         3044    i.FIFO_Init         fifo.o
    0x08000650   0x08000650   0x00000060   Code   RO         3045    i.FIFO_ReadData     fifo.o
    0x080006b0   0x080006b0   0x00000060   Code   RO         3046    i.FIFO_SaveData     fifo.o
    0x08000710   0x08000710   0x00000018   Code   RO         3207    i.GetAddCheck       comtomaster.o
    0x08000728   0x08000728   0x00000024   Code   RO         3317    i.GetInitData       shootboard.o
    0x0800074c   0x0800074c   0x000000b4   Code   RO         3276    i.GetMsgFromMstrBuffer  masterdatadeal.o
    0x08000800   0x08000800   0x00000058   Code   RO         3318    i.GetSampleData     shootboard.o
    0x08000858   0x08000858   0x00000058   Code   RO         3277    i.GetTxData         masterdatadeal.o
    0x080008b0   0x080008b0   0x00000002   Code   RO          733    i.HAL_ADCEx_InjectedConvCpltCallback  stm32f1xx_hal_adc_ex.o
    0x080008b2   0x080008b2   0x00000002   PAD
    0x080008b4   0x080008b4   0x00000094   Code   RO          556    i.HAL_ADC_AnalogWDGConfig  stm32f1xx_hal_adc.o
    0x08000948   0x08000948   0x00000160   Code   RO          557    i.HAL_ADC_ConfigChannel  stm32f1xx_hal_adc.o
    0x08000aa8   0x08000aa8   0x00000002   Code   RO          558    i.HAL_ADC_ConvCpltCallback  stm32f1xx_hal_adc.o
    0x08000aaa   0x08000aaa   0x00000002   PAD
    0x08000aac   0x08000aac   0x00000018   Code   RO          210    i.HAL_ADC_ConvHalfCpltCallback  adc.o
    0x08000ac4   0x08000ac4   0x00000002   Code   RO          561    i.HAL_ADC_ErrorCallback  stm32f1xx_hal_adc.o
    0x08000ac6   0x08000ac6   0x00000122   Code   RO          565    i.HAL_ADC_IRQHandler  stm32f1xx_hal_adc.o
    0x08000be8   0x08000be8   0x00000144   Code   RO          566    i.HAL_ADC_Init      stm32f1xx_hal_adc.o
    0x08000d2c   0x08000d2c   0x0000007c   Code   RO          211    i.HAL_ADC_LevelOutOfWindowCallback  adc.o
    0x08000da8   0x08000da8   0x000000b0   Code   RO          213    i.HAL_ADC_MspInit   adc.o
    0x08000e58   0x08000e58   0x00000180   Code   RO          573    i.HAL_ADC_Start_DMA  stm32f1xx_hal_adc.o
    0x08000fd8   0x08000fd8   0x000000b0   Code   RO         2402    i.HAL_DMA_Abort_IT  stm32f1xx_hal_dma.o
    0x08001088   0x08001088   0x0000019c   Code   RO         2406    i.HAL_DMA_IRQHandler  stm32f1xx_hal_dma.o
    0x08001224   0x08001224   0x00000070   Code   RO         2407    i.HAL_DMA_Init      stm32f1xx_hal_dma.o
    0x08001294   0x08001294   0x0000009c   Code   RO         2411    i.HAL_DMA_Start_IT  stm32f1xx_hal_dma.o
    0x08001330   0x08001330   0x00000028   Code   RO         2039    i.HAL_Delay         stm32f1xx_hal.o
    0x08001358   0x08001358   0x0000031c   Code   RO         2337    i.HAL_GPIO_Init     stm32f1xx_hal_gpio.o
    0x08001674   0x08001674   0x0000000c   Code   RO         2043    i.HAL_GetTick       stm32f1xx_hal.o
    0x08001680   0x08001680   0x00000018   Code   RO         2047    i.HAL_IncTick       stm32f1xx_hal.o
    0x08001698   0x08001698   0x00000028   Code   RO         2048    i.HAL_Init          stm32f1xx_hal.o
    0x080016c0   0x080016c0   0x0000004c   Code   RO         2049    i.HAL_InitTick      stm32f1xx_hal.o
    0x0800170c   0x0800170c   0x000000a8   Code   RO          491    i.HAL_MspInit       stm32f1xx_hal_msp.o
    0x080017b4   0x080017b4   0x0000001c   Code   RO         2496    i.HAL_NVIC_DisableIRQ  stm32f1xx_hal_cortex.o
    0x080017d0   0x080017d0   0x0000001a   Code   RO         2497    i.HAL_NVIC_EnableIRQ  stm32f1xx_hal_cortex.o
    0x080017ea   0x080017ea   0x0000007c   Code   RO         2503    i.HAL_NVIC_SetPriority  stm32f1xx_hal_cortex.o
    0x08001866   0x08001866   0x00000002   PAD
    0x08001868   0x08001868   0x00000028   Code   RO         2504    i.HAL_NVIC_SetPriorityGrouping  stm32f1xx_hal_cortex.o
    0x08001890   0x08001890   0x00000130   Code   RO         2300    i.HAL_RCCEx_PeriphCLKConfig  stm32f1xx_hal_rcc_ex.o
    0x080019c0   0x080019c0   0x000001a4   Code   RO         2192    i.HAL_RCC_ClockConfig  stm32f1xx_hal_rcc.o
    0x08001b64   0x08001b64   0x0000000c   Code   RO         2197    i.HAL_RCC_GetHCLKFreq  stm32f1xx_hal_rcc.o
    0x08001b70   0x08001b70   0x00000020   Code   RO         2199    i.HAL_RCC_GetPCLK1Freq  stm32f1xx_hal_rcc.o
    0x08001b90   0x08001b90   0x00000020   Code   RO         2200    i.HAL_RCC_GetPCLK2Freq  stm32f1xx_hal_rcc.o
    0x08001bb0   0x08001bb0   0x00000094   Code   RO         2201    i.HAL_RCC_GetSysClockFreq  stm32f1xx_hal_rcc.o
    0x08001c44   0x08001c44   0x00000440   Code   RO         2204    i.HAL_RCC_OscConfig  stm32f1xx_hal_rcc.o
    0x08002084   0x08002084   0x00000028   Code   RO         2506    i.HAL_SYSTICK_CLKSourceConfig  stm32f1xx_hal_cortex.o
    0x080020ac   0x080020ac   0x00000002   Code   RO         2507    i.HAL_SYSTICK_Callback  stm32f1xx_hal_cortex.o
    0x080020ae   0x080020ae   0x00000034   Code   RO         2508    i.HAL_SYSTICK_Config  stm32f1xx_hal_cortex.o
    0x080020e2   0x080020e2   0x00000008   Code   RO         2509    i.HAL_SYSTICK_IRQHandler  stm32f1xx_hal_cortex.o
    0x080020ea   0x080020ea   0x00000002   Code   RO         1468    i.HAL_TIMEx_BreakCallback  stm32f1xx_hal_tim_ex.o
    0x080020ec   0x080020ec   0x00000002   Code   RO         1469    i.HAL_TIMEx_CommutationCallback  stm32f1xx_hal_tim_ex.o
    0x080020ee   0x080020ee   0x00000062   Code   RO         1485    i.HAL_TIMEx_MasterConfigSynchronization  stm32f1xx_hal_tim_ex.o
    0x08002150   0x08002150   0x00000034   Code   RO          829    i.HAL_TIM_Base_Init  stm32f1xx_hal_tim.o
    0x08002184   0x08002184   0x00000044   Code   RO          290    i.HAL_TIM_Base_MspInit  tim.o
    0x080021c8   0x080021c8   0x0000001e   Code   RO          834    i.HAL_TIM_Base_Start_IT  stm32f1xx_hal_tim.o
    0x080021e6   0x080021e6   0x00000132   Code   RO          838    i.HAL_TIM_ConfigClockSource  stm32f1xx_hal_tim.o
    0x08002318   0x08002318   0x00000002   Code   RO          858    i.HAL_TIM_IC_CaptureCallback  stm32f1xx_hal_tim.o
    0x0800231a   0x0800231a   0x00000196   Code   RO          871    i.HAL_TIM_IRQHandler  stm32f1xx_hal_tim.o
    0x080024b0   0x080024b0   0x00000002   Code   RO          874    i.HAL_TIM_OC_DelayElapsedCallback  stm32f1xx_hal_tim.o
    0x080024b2   0x080024b2   0x00000002   Code   RO          901    i.HAL_TIM_PWM_PulseFinishedCallback  stm32f1xx_hal_tim.o
    0x080024b4   0x080024b4   0x0000000a   Code   RO          291    i.HAL_TIM_PeriodElapsedCallback  tim.o
    0x080024be   0x080024be   0x00000002   Code   RO          912    i.HAL_TIM_TriggerCallback  stm32f1xx_hal_tim.o
    0x080024c0   0x080024c0   0x00000002   Code   RO         1722    i.HAL_UART_ErrorCallback  stm32f1xx_hal_uart.o
    0x080024c2   0x080024c2   0x00000002   PAD
    0x080024c4   0x080024c4   0x0000014c   Code   RO         1725    i.HAL_UART_IRQHandler  stm32f1xx_hal_uart.o
    0x08002610   0x08002610   0x00000072   Code   RO         1726    i.HAL_UART_Init     stm32f1xx_hal_uart.o
    0x08002682   0x08002682   0x00000002   PAD
    0x08002684   0x08002684   0x000000fc   Code   RO          338    i.HAL_UART_MspInit  usart.o
    0x08002780   0x08002780   0x000000c4   Code   RO         1730    i.HAL_UART_Receive_DMA  stm32f1xx_hal_uart.o
    0x08002844   0x08002844   0x000000cc   Code   RO         3085    i.HAL_UART_RxCpltCallback  comunication.o
    0x08002910   0x08002910   0x00000002   Code   RO         1733    i.HAL_UART_RxHalfCpltCallback  stm32f1xx_hal_uart.o
    0x08002912   0x08002912   0x00000002   PAD
    0x08002914   0x08002914   0x0000009c   Code   RO         1735    i.HAL_UART_Transmit_DMA  stm32f1xx_hal_uart.o
    0x080029b0   0x080029b0   0x00000002   Code   RO         1737    i.HAL_UART_TxCpltCallback  stm32f1xx_hal_uart.o
    0x080029b2   0x080029b2   0x00000002   Code   RO         1738    i.HAL_UART_TxHalfCpltCallback  stm32f1xx_hal_uart.o
    0x080029b4   0x080029b4   0x00000004   Code   RO          385    i.HardFault_Handler  stm32f1xx_it.o
    0x080029b8   0x080029b8   0x00000038   Code   RO         2989    i.Hf_DuplexStructInit  half_duplex.o
    0x080029f0   0x080029f0   0x00000018   Code   RO         2990    i.Hf_ErrorHandler   half_duplex.o
    0x08002a08   0x08002a08   0x0000002e   Code   RO         2991    i.Hf_HaveReceived   half_duplex.o
    0x08002a36   0x08002a36   0x00000012   Code   RO         2992    i.Hf_Reconnect      half_duplex.o
    0x08002a48   0x08002a48   0x00000044   Code   RO         2993    i.Hf_SendData       half_duplex.o
    0x08002a8c   0x08002a8c   0x00000016   Code   RO         3319    i.Limit_uint16      shootboard.o
    0x08002aa2   0x08002aa2   0x00000002   PAD
    0x08002aa4   0x08002aa4   0x000000b0   Code   RO          214    i.MX_ADC1_Init      adc.o
    0x08002b54   0x08002b54   0x00000054   Code   RO          265    i.MX_DMA_Init       dma.o
    0x08002ba8   0x08002ba8   0x000000b8   Code   RO          186    i.MX_GPIO_Init      gpio.o
    0x08002c60   0x08002c60   0x00000080   Code   RO          292    i.MX_TIM1_Init      tim.o
    0x08002ce0   0x08002ce0   0x0000004c   Code   RO          339    i.MX_USART1_UART_Init  usart.o
    0x08002d2c   0x08002d2c   0x00000004   Code   RO          386    i.MemManage_Handler  stm32f1xx_it.o
    0x08002d30   0x08002d30   0x00000064   Code   RO         3208    i.Mstr_COM_ModuleInit  comtomaster.o
    0x08002d94   0x08002d94   0x00000002   Code   RO          387    i.NMI_Handler       stm32f1xx_it.o
    0x08002d96   0x08002d96   0x00000002   PAD
    0x08002d98   0x08002d98   0x00000010   Code   RO         2510    i.NVIC_GetPriorityGrouping  stm32f1xx_hal_cortex.o
    0x08002da8   0x08002da8   0x00000028   Code   RO         2511    i.NVIC_SetPriority  stm32f1xx_hal_cortex.o
    0x08002dd0   0x08002dd0   0x00000002   Code   RO          388    i.PendSV_Handler    stm32f1xx_it.o
    0x08002dd2   0x08002dd2   0x00000002   PAD
    0x08002dd4   0x08002dd4   0x00000028   Code   RO         2205    i.RCC_Delay         stm32f1xx_hal_rcc.o
    0x08002dfc   0x08002dfc   0x0000001c   Code   RO         3209    i.RequestSend       comtomaster.o
    0x08002e18   0x08002e18   0x00000024   Code   RO         3320    i.ResetDataLog      shootboard.o
    0x08002e3c   0x08002e3c   0x00000002   Code   RO          389    i.SVC_Handler       stm32f1xx_it.o
    0x08002e3e   0x08002e3e   0x00000002   PAD
    0x08002e40   0x08002e40   0x00000064   Code   RO         3321    i.SaveSampleData    shootboard.o
    0x08002ea4   0x08002ea4   0x0000002c   Code   RO         3210    i.SendDataToMaster  comtomaster.o
    0x08002ed0   0x08002ed0   0x0000005c   Code   RO         3211    i.SendDataToMstr    comtomaster.o
    0x08002f2c   0x08002f2c   0x00000050   Code   RO         3322    i.SetTrigValue      shootboard.o
    0x08002f7c   0x08002f7c   0x00000084   Code   RO         3323    i.StartScan         shootboard.o
    0x08003000   0x08003000   0x0000000c   Code   RO          390    i.SysTick_Handler   stm32f1xx_it.o
    0x0800300c   0x0800300c   0x000000a8   Code   RO           13    i.SystemClock_Config  main.o
    0x080030b4   0x080030b4   0x00000058   Code   RO         2952    i.SystemInit        system_stm32f1xx.o
    0x0800310c   0x0800310c   0x00000010   Code   RO          391    i.TIM1_UP_IRQHandler  stm32f1xx_it.o
    0x0800311c   0x0800311c   0x00000074   Code   RO          913    i.TIM_Base_SetConfig  stm32f1xx_hal_tim.o
    0x08003190   0x08003190   0x00000018   Code   RO          920    i.TIM_ETR_SetConfig  stm32f1xx_hal_tim.o
    0x080031a8   0x080031a8   0x00000014   Code   RO          921    i.TIM_ITRx_SetConfig  stm32f1xx_hal_tim.o
    0x080031bc   0x080031bc   0x0000002a   Code   RO          927    i.TIM_TI1_ConfigInputStage  stm32f1xx_hal_tim.o
    0x080031e6   0x080031e6   0x0000002c   Code   RO          929    i.TIM_TI2_ConfigInputStage  stm32f1xx_hal_tim.o
    0x08003212   0x08003212   0x00000014   Code   RO         1739    i.UART_DMAAbortOnError  stm32f1xx_hal_uart.o
    0x08003226   0x08003226   0x00000050   Code   RO         1740    i.UART_DMAError     stm32f1xx_hal_uart.o
    0x08003276   0x08003276   0x00000046   Code   RO         1741    i.UART_DMAReceiveCplt  stm32f1xx_hal_uart.o
    0x080032bc   0x080032bc   0x0000000e   Code   RO         1743    i.UART_DMARxHalfCplt  stm32f1xx_hal_uart.o
    0x080032ca   0x080032ca   0x00000036   Code   RO         1745    i.UART_DMATransmitCplt  stm32f1xx_hal_uart.o
    0x08003300   0x08003300   0x0000000e   Code   RO         1747    i.UART_DMATxHalfCplt  stm32f1xx_hal_uart.o
    0x0800330e   0x0800330e   0x00000002   PAD
    0x08003310   0x08003310   0x00000014   Code   RO         3189    i.UART_DealFuncMap  com_usermodules.o
    0x08003324   0x08003324   0x00000020   Code   RO         1749    i.UART_EndRxTransfer  stm32f1xx_hal_uart.o
    0x08003344   0x08003344   0x00000020   Code   RO         1750    i.UART_EndTransmit_IT  stm32f1xx_hal_uart.o
    0x08003364   0x08003364   0x00000014   Code   RO         1751    i.UART_EndTxTransfer  stm32f1xx_hal_uart.o
    0x08003378   0x08003378   0x000000a6   Code   RO         1752    i.UART_Receive_IT   stm32f1xx_hal_uart.o
    0x0800341e   0x0800341e   0x00000002   PAD
    0x08003420   0x08003420   0x000001c8   Code   RO         1753    i.UART_SetConfig    stm32f1xx_hal_uart.o
    0x080035e8   0x080035e8   0x00000068   Code   RO         1754    i.UART_Transmit_IT  stm32f1xx_hal_uart.o
    0x08003650   0x08003650   0x00000010   Code   RO          392    i.USART1_IRQHandler  stm32f1xx_it.o
    0x08003660   0x08003660   0x00000004   Code   RO          393    i.UsageFault_Handler  stm32f1xx_it.o
    0x08003664   0x08003664   0x00000004   Code   RO           14    i._Error_Handler    main.o
    0x08003668   0x08003668   0x0000000e   Code   RO         3432    i.__scatterload_copy  mc_w.l(handlers.o)
    0x08003676   0x08003676   0x00000002   Code   RO         3433    i.__scatterload_null  mc_w.l(handlers.o)
    0x08003678   0x08003678   0x0000000e   Code   RO         3434    i.__scatterload_zeroinit  mc_w.l(handlers.o)
    0x08003686   0x08003686   0x00000002   PAD
    0x08003688   0x08003688   0x00000040   Code   RO           15    i.main              main.o
    0x080036c8   0x080036c8   0x00000018   Data   RO         2953    .constdata          system_stm32f1xx.o
    0x080036e0   0x080036e0   0x00000023   Data   RO         2995    .conststring        half_duplex.o
    0x08003703   0x08003703   0x00000001   PAD
    0x08003704   0x08003704   0x0000002b   Data   RO         3088    .conststring        comunication.o
    0x0800372f   0x0800372f   0x00000001   PAD
    0x08003730   0x08003730   0x00000020   Data   RO         3430    Region$$Table       anon$$obj.o


    Execution Region RW_IRAM1 (Exec base: 0x20000000, Load base: 0x08003750, Size: 0x00000b60, Max: 0x00005000, ABSOLUTE)

    Exec Addr    Load Addr    Size         Type   Attr      Idx    E Section Name        Object

    0x20000000   0x08003750   0x00000009   Data   RW          216    .data               adc.o
    0x20000009   0x08003759   0x00000003   PAD
    0x2000000c   0x0800375c   0x00000009   Data   RW         2055    .data               stm32f1xx_hal.o
    0x20000015   0x08003765   0x00000003   PAD
    0x20000018   0x08003768   0x00000004   Data   RW         2954    .data               system_stm32f1xx.o
    0x2000001c   0x0800376c   0x0000000c   Data   RW         2996    .data               half_duplex.o
    0x20000028   0x08003778   0x00000010   Data   RW         3089    .data               comunication.o
    0x20000038   0x08003788   0x0000000c   Data   RW         3174    .data               com_usermodules.o
    0x20000044   0x08003794   0x00000001   Data   RW         3213    .data               comtomaster.o
    0x20000045   0x08003795   0x00000003   PAD
    0x20000048   0x08003798   0x00000004   Data   RW         3278    .data               masterdatadeal.o
    0x2000004c   0x0800379c   0x00000026   Data   RW         3325    .data               shootboard.o
    0x20000072   0x080037c2   0x00000002   PAD
    0x20000074        -       0x00000074   Zero   RW          215    .bss                adc.o
    0x200000e8        -       0x00000040   Zero   RW          293    .bss                tim.o
    0x20000128        -       0x000000c8   Zero   RW          340    .bss                usart.o
    0x200001f0        -       0x00000044   Zero   RW         3173    .bss                com_usermodules.o
    0x20000234        -       0x000000bc   Zero   RW         3212    .bss                comtomaster.o
    0x200002f0        -       0x00000470   Zero   RW         3324    .bss                shootboard.o
    0x20000760        -       0x00000400   Zero   RW            1    STACK               startup_stm32f103xb.o


==============================================================================

Image component sizes


      Code (inc. data)   RO Data    RW Data    ZI Data      Debug   Object Name

       500         82          0          9        116       3554   adc.o
        20          4          0         12         68       2201   com_usermodules.o
       546         68          0          1        188       8068   comtomaster.o
       418         18         43         16          0       5087   comunication.o
        84          4          0          0          0        910   dma.o
       230          0          0          0          0       3656   fifo.o
       184         16          0          0          0       1095   gpio.o
       216         14         35         12          0       5075   half_duplex.o
       236         26          0          0          0     460924   main.o
       268         40          0          4          0       2517   masterdatadeal.o
       774        180          0         38       1136       8489   shootboard.o
        36          8        236          0       1024        864   startup_stm32f103xb.o
       192         36          0          9          0       4433   stm32f1xx_hal.o
      1842         74          0          0          0      10350   stm32f1xx_hal_adc.o
         2          0          0          0          0       1253   stm32f1xx_hal_adc_ex.o
       376         28          0          0          0      29435   stm32f1xx_hal_cortex.o
       900         12          0          0          0       4714   stm32f1xx_hal_dma.o
       796         32          0          0          0       2208   stm32f1xx_hal_gpio.o
       168         10          0          0          0       1110   stm32f1xx_hal_msp.o
      1772        108          0          0          0       6624   stm32f1xx_hal_rcc.o
       304         14          0          0          0       1568   stm32f1xx_hal_rcc_ex.o
      1048         14          0          0          0      10247   stm32f1xx_hal_tim.o
       102          0          0          0          0       2598   stm32f1xx_hal_tim_ex.o
      1868         40          0          0          0      14896   stm32f1xx_hal_uart.o
       132         36          0          0          0       7892   stm32f1xx_it.o
        88         18         24          4          0       1423   system_stm32f1xx.o
       206         36          0          0         64       2594   tim.o
       328         66          0          0        200       2128   usart.o

    ----------------------------------------------------------------------
     13664        984        372        116       2796     605913   Object Totals
         0          0         32          0          0          0   (incl. Generated)
        28          0          2         11          0          0   (incl. Padding)

    ----------------------------------------------------------------------

      Code (inc. data)   RO Data    RW Data    ZI Data      Debug   Library Member Name

         0          0          0          0          0          0   entry.o
         0          0          0          0          0          0   entry10a.o
         0          0          0          0          0          0   entry11a.o
         8          4          0          0          0          0   entry2.o
         4          0          0          0          0          0   entry5.o
         0          0          0          0          0          0   entry7b.o
         0          0          0          0          0          0   entry8b.o
         8          4          0          0          0          0   entry9a.o
        30          0          0          0          0          0   handlers.o
        36          8          0          0          0         68   init.o
        36          0          0          0          0         68   memcpya.o

    ----------------------------------------------------------------------
       124         16          0          0          0        136   Library Totals
         2          0          0          0          0          0   (incl. Padding)

    ----------------------------------------------------------------------

      Code (inc. data)   RO Data    RW Data    ZI Data      Debug   Library Name

       122         16          0          0          0        136   mc_w.l

    ----------------------------------------------------------------------
       124         16          0          0          0        136   Library Totals

    ----------------------------------------------------------------------

==============================================================================


      Code (inc. data)   RO Data    RW Data    ZI Data      Debug   

     13788       1000        372        116       2796     598973   Grand Totals
     13788       1000        372        116       2796     598973   ELF Image Totals
     13788       1000        372        116          0          0   ROM Totals

==============================================================================

    Total RO  Size (Code + RO Data)                14160 (  13.83kB)
    Total RW  Size (RW Data + ZI Data)              2912 (   2.84kB)
    Total ROM Size (Code + RO Data + RW Data)      14276 (  13.94kB)

==============================================================================

